2025/11/20 01:31:13 LDP: [VTVCM-Y2NW3] Configuration Read in Took: 00:00:00
2025/11/20 01:31:13 LDP: [G6NKK-8C6DV] end_config: VTY:0x7e9e831e0610, pending SET-CFG: 0
2025/11/20 01:31:13 BGP: [VTVCM-Y2NW3] Configuration Read in Took: 00:00:00
2025/11/20 01:31:13 BGP: [G6NKK-8C6DV] end_config: VTY:0x78ad31e570b0, pending SET-CFG: 0
2025/11/20 01:31:13 OSPF: [VTVCM-Y2NW3] Configuration Read in Took: 00:00:00
2025/11/20 01:31:13 OSPF: [G6NKK-8C6DV] end_config: VTY:0x754c42c91070, pending SET-CFG: 0
2025/11/20 01:31:13 ISIS: [VTVCM-Y2NW3] Configuration Read in Took: 00:00:00
2025/11/20 01:31:13 ISIS: [G6NKK-8C6DV] end_config: VTY:0x7c1b2d2ac1b0, pending SET-CFG: 0
2025/11/20 01:31:13 STATIC: [VTVCM-Y2NW3] Configuration Read in Took: 00:00:00
2025/11/20 01:31:13 STATIC: [G6NKK-8C6DV] end_config: VTY:0x7395e118a0c0, pending SET-CFG: 0
2025/11/20 01:31:13 PATH: [VTVCM-Y2NW3] Configuration Read in Took: 00:00:00
2025/11/20 01:31:13 PATH: [G6NKK-8C6DV] end_config: VTY:0x7b895f440190, pending SET-CFG: 0
2025/11/20 01:31:13 OSPF6: [VTVCM-Y2NW3] Configuration Read in Took: 00:00:00
2025/11/20 01:31:13 OSPF6: [G6NKK-8C6DV] end_config: VTY:0x70b1ab9b5050, pending SET-CFG: 0
2025/11/20 01:31:13 ZEBRA: [YDG3W-JND95] FD Limit set: 1048576 is stupidly large.  Is this what you intended?  Consider using --limit-fds also limiting size to 100000
2025/11/20 01:31:13 ZEBRA: [V98V0-MTWPF] client 84 says hello and bids fair to announce only bgp routes vrf=0
2025/11/20 01:32:56 ZEBRA: [VQK5M-9G0V1][EC 100663315] CPU starvation: {(event *)0x7ffcf8c26548 arg=0x7f30babed910 ready               wheel_timer_thread() &wheel->timer from lib/wheel.c:50} getting executed 7682ms late, warning threshold 4000ms. System load: 0.14, 0.12, 0.10
2025/11/20 01:39:29 ZEBRA: [VQK5M-9G0V1][EC 100663315] CPU starvation: {(event *)0x7ffcf8c26548 arg=0x7f30babed910 ready               wheel_timer_thread() &wheel->timer from lib/wheel.c:50} getting executed 4297ms late, warning threshold 4000ms. System load: 0.00, 0.05, 0.07
2025/11/20 01:40:14 ZEBRA: [VQK5M-9G0V1][EC 100663315] CPU starvation: {(event *)0x7ffcf8c26548 arg=0x7f30babed910 ready               wheel_timer_thread() &wheel->timer from lib/wheel.c:50} getting executed 4192ms late, warning threshold 4000ms. System load: 0.00, 0.04, 0.07
2025/11/20 01:45:58 ZEBRA: [VQK5M-9G0V1][EC 100663315] CPU starvation: {(event *)0x7ffcf8c26548 arg=0x7f30babed910 ready               wheel_timer_thread() &wheel->timer from lib/wheel.c:50} getting executed 4579ms late, warning threshold 4000ms. System load: 0.13, 0.07, 0.07
2025/11/20 01:47:58 ZEBRA: [VQK5M-9G0V1][EC 100663315] CPU starvation: {(event *)0x7ffcf8c26548 arg=0x7f30babed910 ready               wheel_timer_thread() &wheel->timer from lib/wheel.c:50} getting executed 4032ms late, warning threshold 4000ms. System load: 0.08, 0.07, 0.07
2025/11/20 01:48:32 ZEBRA: [VQK5M-9G0V1][EC 100663315] CPU starvation: {(event *)0x7ffcf8c26548 arg=0x7f30babed910 ready               wheel_timer_thread() &wheel->timer from lib/wheel.c:50} getting executed 4718ms late, warning threshold 4000ms. System load: 0.10, 0.08, 0.07
2025/11/20 01:48:45 ZEBRA: [VQK5M-9G0V1][EC 100663315] CPU starvation: {(event *)0x7ffcf8c26548 arg=0x7f30babed910 ready               wheel_timer_thread() &wheel->timer from lib/wheel.c:50} getting executed 6832ms late, warning threshold 4000ms. System load: 0.15, 0.09, 0.07
2025/11/20 01:51:15 ZEBRA: [VQK5M-9G0V1][EC 100663315] CPU starvation: {(event *)0x7ffcf8c26548 arg=0x7f30babed910 ready               wheel_timer_thread() &wheel->timer from lib/wheel.c:50} getting executed 9774ms late, warning threshold 4000ms. System load: 0.25, 0.12, 0.09
2025/11/20 02:10:36 OSPF: [VTVCM-Y2NW3] Configuration Read in Took: 00:00:00
2025/11/20 02:10:36 OSPF: [G6NKK-8C6DV] end_config: VTY:0x7b9e22ac5070, pending SET-CFG: 0
2025/11/20 02:10:36 LDP: [VTVCM-Y2NW3] Configuration Read in Took: 00:00:00
2025/11/20 02:10:36 LDP: [G6NKK-8C6DV] end_config: VTY:0x7286cad18610, pending SET-CFG: 0
2025/11/20 02:10:36 OSPF6: [VTVCM-Y2NW3] Configuration Read in Took: 00:00:00
2025/11/20 02:10:36 OSPF6: [G6NKK-8C6DV] end_config: VTY:0x76dcc2533050, pending SET-CFG: 0
2025/11/20 02:10:36 ISIS: [VTVCM-Y2NW3] Configuration Read in Took: 00:00:00
2025/11/20 02:10:36 ISIS: [G6NKK-8C6DV] end_config: VTY:0x70ededfbe1b0, pending SET-CFG: 0
2025/11/20 02:10:36 BGP: [VTVCM-Y2NW3] Configuration Read in Took: 00:00:00
2025/11/20 02:10:36 BGP: [G6NKK-8C6DV] end_config: VTY:0x7ffab40b00b0, pending SET-CFG: 0
2025/11/20 02:10:36 STATIC: [VTVCM-Y2NW3] Configuration Read in Took: 00:00:00
2025/11/20 02:10:36 STATIC: [G6NKK-8C6DV] end_config: VTY:0x7b077aeef0c0, pending SET-CFG: 0
2025/11/20 02:10:36 PATH: [VTVCM-Y2NW3] Configuration Read in Took: 00:00:00
2025/11/20 02:10:36 PATH: [G6NKK-8C6DV] end_config: VTY:0x7c81dd2ac190, pending SET-CFG: 0
2025/11/20 02:10:37 ZEBRA: [YDG3W-JND95] FD Limit set: 1048576 is stupidly large.  Is this what you intended?  Consider using --limit-fds also limiting size to 100000
2025/11/20 02:10:37 ZEBRA: [V98V0-MTWPF] client 84 says hello and bids fair to announce only bgp routes vrf=0
2025/11/20 02:15:22 PATH: [NN4XW-E4M3V] IPv6 Router Id updated for VRF 0: 1000::a8c1:abff:fe8e:cf53
2025/11/20 03:42:16 PATH: [NN4XW-E4M3V] IPv4 Router Id updated for VRF 0: 3.3.3.3
2025/11/20 03:46:48 BGP: [M59KS-A3ZXZ] bgp_update_receive_eor: rcvd End-of-RIB for IPv6 Unicast from 1000::1 in vrf default
2025/11/20 03:49:15 ZEBRA: [YDG3W-JND95] FD Limit set: 1048576 is stupidly large.  Is this what you intended?  Consider using --limit-fds also limiting size to 100000
2025/11/20 03:49:15 ZEBRA: [V98V0-MTWPF] client 90 says hello and bids fair to announce only isis routes vrf=0
2025/11/20 03:49:15 ZEBRA: [TAFZ7-2C7QV] client protocol instance 1
2025/11/20 03:49:39 ISIS: [P25DQ-BN2WF][EC 100663325] nb_candidate_edit_config_change: unknown data path: /frr-isisd:isis/instance[area-tag='srv6'][vrf='default']/area-address[.='49.0001.0000.00001.00']
2025/11/20 03:49:46 ISIS: [P25DQ-BN2WF][EC 100663325] nb_candidate_edit_config_change: unknown data path: /frr-isisd:isis/instance[area-tag='srv6'][vrf='default']/area-address[.='49.0001.0000.00001.00']
2025/11/20 03:50:38 BGP: [M95PE-ZW8F6] VRF default(0): bgp_zebra_process_srv6_locator_internal, Received SRv6 locator LOC01 3:3:3::/48, loc-block-len=24, loc-node-len=24 func-len=16, arg-len=0
2025/11/20 11:35:03 ZEBRA: [VQK5M-9G0V1][EC 100663315] CPU starvation: {(event *)0x7ffd00b89b78 arg=0x77b481ff4910 ready               wheel_timer_thread() &wheel->timer from lib/wheel.c:50} getting executed 78407ms late, warning threshold 4000ms. System load: 0.43, 1.32, 1.50
2025/11/20 11:35:03 ISIS: [VQK5M-9G0V1][EC 100663315] CPU starvation: {(event *)0x7ffe2d48a3f8 arg=0x70ededfb9380 ready               lsp_tick() &area->t_tick from isisd/isis_lsp.c:2160} getting executed 78645ms late, warning threshold 4000ms. System load: 0.43, 1.32, 1.50
2025/11/20 11:35:03 BGP: [VQK5M-9G0V1][EC 100663315] CPU starvation: {(event *)0x7ffda67d95f8 arg=0x7ffab4504b00 ready               (bgp_holdtime_timer)() &(connection->t_holdtime) from bgpd/bgp_fsm.c:448} getting executed 56589ms late, warning threshold 4000ms. System load: 0.43, 1.32, 1.50
2025/11/20 11:35:04 BGP: [M59KS-A3ZXZ] bgp_update_receive_eor: rcvd End-of-RIB for IPv6 Unicast from 1000::1 in vrf default
2025/11/20 14:48:10 ISIS: [VQK5M-9G0V1][EC 100663315] CPU starvation: {(event *)0x7ffe2d48a3f8 arg=0x70ededfb9380 ready               lsp_tick() &area->t_tick from isisd/isis_lsp.c:2160} getting executed 235950ms late, warning threshold 4000ms. System load: 0.02, 0.60, 1.11
2025/11/20 14:48:10 BGP: [VQK5M-9G0V1][EC 100663315] CPU starvation: {(event *)0x7ffda67d95f8 arg=0x7ffab4504b00 ready               (bgp_holdtime_timer)() &(connection->t_holdtime) from bgpd/bgp_fsm.c:448} getting executed 213278ms late, warning threshold 4000ms. System load: 0.02, 0.60, 1.11
2025/11/20 14:48:10 ZEBRA: [VQK5M-9G0V1][EC 100663315] CPU starvation: {(event *)0x7ffd00b89b78 arg=0x77b481ff4910 ready               wheel_timer_thread() &wheel->timer from lib/wheel.c:50} getting executed 235977ms late, warning threshold 4000ms. System load: 0.02, 0.60, 1.11
2025/11/20 14:48:10 LDP: [VQK5M-9G0V1][EC 100663315] CPU starvation: {(event *)0x7fff8bd54b28 arg=0x0 ready               lde_gc_timer() &gc_timer from ldpd/lde_lib.c:1053} getting executed 139893ms late, warning threshold 4000ms. System load: 0.02, 0.60, 1.11
2025/11/20 14:48:33 BGP: [H4B4J-DCW2R][EC 33554455] 1000::1 [Error] bgp_read_packet error: Connection reset by peer
2025/11/20 14:48:33 BGP: [H4B4J-DCW2R][EC 33554455] 1000::1 [Error] bgp_read_packet error: Connection reset by peer
2025/11/20 14:48:38 BGP: [M59KS-A3ZXZ] bgp_update_receive_eor: rcvd End-of-RIB for IPv6 Unicast from 1000::1 in vrf default
2025/11/20 14:53:10 PATH: [NN4XW-E4M3V] IPv6 Router Id updated for VRF 0: 1000::2
2025/11/20 14:53:10 PATH: [NN4XW-E4M3V] IPv6 Router Id updated for VRF 0: 3:3:3:3::
2025/11/20 14:53:10 ZEBRA: [SWQK6-6JY63][EC 4043309074] 0:254:2000::/64: Failed to enqueue dataplane install
2025/11/20 14:53:10 ZEBRA: [SWQK6-6JY63][EC 4043309074] 0:254:22:22:22:22::/128: Failed to enqueue dataplane install
2025/11/20 14:53:10 ZEBRA: [SWQK6-6JY63][EC 4043309074] 0:254:4:4:4:4::/128: Failed to enqueue dataplane install
2025/11/20 14:53:10 ZEBRA: [SWQK6-6JY63][EC 4043309074] 0:254:11:11:11:11::/128: Failed to enqueue dataplane install
2025/11/20 22:54:03 OSPF: [VTVCM-Y2NW3] Configuration Read in Took: 00:00:00
2025/11/20 22:54:03 OSPF: [G6NKK-8C6DV] end_config: VTY:0x74962fa67070, pending SET-CFG: 0
2025/11/20 22:54:03 OSPF6: [VTVCM-Y2NW3] Configuration Read in Took: 00:00:00
2025/11/20 22:54:03 OSPF6: [G6NKK-8C6DV] end_config: VTY:0x79dbefae5050, pending SET-CFG: 0
2025/11/20 22:54:03 ISIS: [VTVCM-Y2NW3] Configuration Read in Took: 00:00:00
2025/11/20 22:54:03 ISIS: [G6NKK-8C6DV] end_config: VTY:0x7c5383f9f1b0, pending SET-CFG: 0
2025/11/20 22:54:03 STATIC: [VTVCM-Y2NW3] Configuration Read in Took: 00:00:00
2025/11/20 22:54:03 STATIC: [G6NKK-8C6DV] end_config: VTY:0x7e9b56f4f0c0, pending SET-CFG: 0
2025/11/20 22:54:03 LDP: [VTVCM-Y2NW3] Configuration Read in Took: 00:00:00
2025/11/20 22:54:03 LDP: [G6NKK-8C6DV] end_config: VTY:0x775d7733f610, pending SET-CFG: 0
2025/11/20 22:54:03 BGP: [VTVCM-Y2NW3] Configuration Read in Took: 00:00:00
2025/11/20 22:54:03 BGP: [G6NKK-8C6DV] end_config: VTY:0x7a23a91720b0, pending SET-CFG: 0
2025/11/20 22:54:03 PATH: [VTVCM-Y2NW3] Configuration Read in Took: 00:00:00
2025/11/20 22:54:03 PATH: [G6NKK-8C6DV] end_config: VTY:0x7e7f59123190, pending SET-CFG: 0
2025/11/20 22:54:04 ZEBRA: [YDG3W-JND95] FD Limit set: 1048576 is stupidly large.  Is this what you intended?  Consider using --limit-fds also limiting size to 100000
2025/11/20 22:54:04 ZEBRA: [V98V0-MTWPF] client 84 says hello and bids fair to announce only bgp routes vrf=0
2025/11/20 23:04:37 PATH: [NN4XW-E4M3V] IPv6 Router Id updated for VRF 0: 1000::a8c1:abff:fe30:3b59
2025/11/20 23:14:52 PATH: [NN4XW-E4M3V] IPv4 Router Id updated for VRF 0: 3.3.3.3
2025/11/21 00:53:17 BGP: [M59KS-A3ZXZ] bgp_update_receive_eor: rcvd End-of-RIB for IPv6 Unicast from 1000::1 in vrf default
2025/11/21 01:10:41 BGP: [M59KS-A3ZXZ] bgp_update_receive_eor: rcvd End-of-RIB for IPv6 Unicast from 4:4:4:4:: in vrf default
2025/11/21 01:34:00 BGP: [M59KS-A3ZXZ] bgp_update_receive_eor: rcvd End-of-RIB for IPv6 Unicast from 4:4:4:4:: in vrf default
2025/11/21 03:58:39 PATH: [NN4XW-E4M3V] IPv6 Router Id updated for VRF 0: 1000::2
2025/11/21 03:58:39 PATH: [NN4XW-E4M3V] IPv6 Router Id updated for VRF 0: 3:3:3:3::
2025/11/21 03:58:39 ZEBRA: [SWQK6-6JY63][EC 4043309074] 0:254:4:4:4:4::/128: Failed to enqueue dataplane install
2025/11/21 03:58:39 ZEBRA: [SWQK6-6JY63][EC 4043309074] 0:254:2000::/64: Failed to enqueue dataplane install
2025/11/21 03:58:39 ZEBRA: [SWQK6-6JY63][EC 4043309074] 0:254:22:22:22:22::/128: Failed to enqueue dataplane install
2025/11/21 03:58:39 ZEBRA: [SWQK6-6JY63][EC 4043309074] 0:254:11:11:11:11::/128: Failed to enqueue dataplane install
2025/11/21 04:13:34 OSPF6: [VTVCM-Y2NW3] Configuration Read in Took: 00:00:00
2025/11/21 04:13:34 OSPF6: [G6NKK-8C6DV] end_config: VTY:0x77d3c9721050, pending SET-CFG: 0
2025/11/21 04:13:34 BGP: [VTVCM-Y2NW3] Configuration Read in Took: 00:00:00
2025/11/21 04:13:34 BGP: [G6NKK-8C6DV] end_config: VTY:0x77ddf25700b0, pending SET-CFG: 0
2025/11/21 04:13:34 LDP: [VTVCM-Y2NW3] Configuration Read in Took: 00:00:00
2025/11/21 04:13:34 LDP: [G6NKK-8C6DV] end_config: VTY:0x78e332f35610, pending SET-CFG: 0
2025/11/21 04:13:34 OSPF: [VTVCM-Y2NW3] Configuration Read in Took: 00:00:00
2025/11/21 04:13:34 OSPF: [G6NKK-8C6DV] end_config: VTY:0x707c53ab6070, pending SET-CFG: 0
2025/11/21 04:13:34 ISIS: [VTVCM-Y2NW3] Configuration Read in Took: 00:00:00
2025/11/21 04:13:34 ISIS: [G6NKK-8C6DV] end_config: VTY:0x7129b1c911b0, pending SET-CFG: 0
2025/11/21 04:13:34 STATIC: [VTVCM-Y2NW3] Configuration Read in Took: 00:00:00
2025/11/21 04:13:34 STATIC: [G6NKK-8C6DV] end_config: VTY:0x742fb85160c0, pending SET-CFG: 0
2025/11/21 04:13:34 PATH: [VTVCM-Y2NW3] Configuration Read in Took: 00:00:00
2025/11/21 04:13:34 PATH: [G6NKK-8C6DV] end_config: VTY:0x752dd8084190, pending SET-CFG: 0
2025/11/21 04:13:34 OSPF6: [GZ318-0J443] Zebra: got delete of eth2, but interface is still up
2025/11/21 04:13:34 ZEBRA: [YDG3W-JND95] FD Limit set: 1048576 is stupidly large.  Is this what you intended?  Consider using --limit-fds also limiting size to 100000
2025/11/21 04:13:34 ZEBRA: [V98V0-MTWPF] client 74 says hello and bids fair to announce only bgp routes vrf=0
2025/11/21 04:13:34 ZEBRA: [YDG3W-JND95] FD Limit set: 1048576 is stupidly large.  Is this what you intended?  Consider using --limit-fds also limiting size to 100000
2025/11/21 04:13:34 ZEBRA: [YDG3W-JND95] FD Limit set: 1048576 is stupidly large.  Is this what you intended?  Consider using --limit-fds also limiting size to 100000
2025/11/21 04:13:34 ZEBRA: [V98V0-MTWPF] client 82 says hello and bids fair to announce only vnc routes vrf=0
2025/11/21 04:13:34 ZEBRA: [V98V0-MTWPF] client 79 says hello and bids fair to announce only bgp routes vrf=0
2025/11/21 04:13:35 OSPF6: [GZ318-0J443] Zebra: got delete of lo20, but interface is still up
2025/11/21 04:14:29 PATH: [NN4XW-E4M3V] IPv6 Router Id updated for VRF 0: 1000::a8c1:abff:fe2e:17ec
2025/11/21 04:17:15 PATH: [NN4XW-E4M3V] IPv6 Router Id updated for VRF 0: ::
2025/11/21 04:17:43 OSPF6: [VTVCM-Y2NW3] Configuration Read in Took: 00:00:00
2025/11/21 04:17:43 OSPF6: [G6NKK-8C6DV] end_config: VTY:0x798ccdf11050, pending SET-CFG: 0
2025/11/21 04:17:43 OSPF: [VTVCM-Y2NW3] Configuration Read in Took: 00:00:00
2025/11/21 04:17:43 OSPF: [G6NKK-8C6DV] end_config: VTY:0x7445d0648070, pending SET-CFG: 0
2025/11/21 04:17:43 LDP: [VTVCM-Y2NW3] Configuration Read in Took: 00:00:00
2025/11/21 04:17:43 LDP: [G6NKK-8C6DV] end_config: VTY:0x75ed1f481610, pending SET-CFG: 0
2025/11/21 04:17:43 BGP: [VTVCM-Y2NW3] Configuration Read in Took: 00:00:00
2025/11/21 04:17:43 BGP: [G6NKK-8C6DV] end_config: VTY:0x7cf335c520b0, pending SET-CFG: 0
2025/11/21 04:17:43 ISIS: [VTVCM-Y2NW3] Configuration Read in Took: 00:00:00
2025/11/21 04:17:43 ISIS: [G6NKK-8C6DV] end_config: VTY:0x7187b288a1b0, pending SET-CFG: 0
2025/11/21 04:17:43 STATIC: [VTVCM-Y2NW3] Configuration Read in Took: 00:00:00
2025/11/21 04:17:43 STATIC: [G6NKK-8C6DV] end_config: VTY:0x7345e28a80c0, pending SET-CFG: 0
2025/11/21 04:17:43 PATH: [VTVCM-Y2NW3] Configuration Read in Took: 00:00:00
2025/11/21 04:17:43 PATH: [G6NKK-8C6DV] end_config: VTY:0x7afdc9448190, pending SET-CFG: 0
2025/11/21 04:17:43 ZEBRA: [YDG3W-JND95] FD Limit set: 1048576 is stupidly large.  Is this what you intended?  Consider using --limit-fds also limiting size to 100000
2025/11/21 04:17:43 ZEBRA: [V98V0-MTWPF] client 84 says hello and bids fair to announce only bgp routes vrf=0
2025/11/21 04:17:43 OSPF6: [GZ318-0J443] Zebra: got delete of eth2, but interface is still up
2025/11/21 04:17:43 OSPF6: [GZ318-0J443] Zebra: got delete of lo20, but interface is still up
2025/11/21 04:18:36 PATH: [NN4XW-E4M3V] IPv6 Router Id updated for VRF 0: 1000::a8c1:abff:fe0d:1e7f
2025/11/21 04:42:21 PATH: [NN4XW-E4M3V] IPv6 Router Id updated for VRF 0: ::
2025/11/21 04:44:09 OSPF: [VTVCM-Y2NW3] Configuration Read in Took: 00:00:00
2025/11/21 04:44:09 OSPF: [G6NKK-8C6DV] end_config: VTY:0x74118551e060, pending SET-CFG: 0
2025/11/21 04:44:09 LDP: [VTVCM-Y2NW3] Configuration Read in Took: 00:00:00
2025/11/21 04:44:09 LDP: [G6NKK-8C6DV] end_config: VTY:0x788d6d2ac610, pending SET-CFG: 0
2025/11/21 04:44:09 OSPF6: [VTVCM-Y2NW3] Configuration Read in Took: 00:00:00
2025/11/21 04:44:09 OSPF6: [G6NKK-8C6DV] end_config: VTY:0x7007d9e5d050, pending SET-CFG: 0
2025/11/21 04:44:09 ISIS: [VTVCM-Y2NW3] Configuration Read in Took: 00:00:00
2025/11/21 04:44:09 ISIS: [G6NKK-8C6DV] end_config: VTY:0x7a0ac7b291b0, pending SET-CFG: 0
2025/11/21 04:44:09 STATIC: [VTVCM-Y2NW3] Configuration Read in Took: 00:00:00
2025/11/21 04:44:09 STATIC: [G6NKK-8C6DV] end_config: VTY:0x7359587290c0, pending SET-CFG: 0
2025/11/21 04:44:09 BGP: [VTVCM-Y2NW3] Configuration Read in Took: 00:00:00
2025/11/21 04:44:09 BGP: [G6NKK-8C6DV] end_config: VTY:0x78d872d9a0b0, pending SET-CFG: 0
2025/11/21 04:44:09 PATH: [VTVCM-Y2NW3] Configuration Read in Took: 00:00:00
2025/11/21 04:44:09 PATH: [G6NKK-8C6DV] end_config: VTY:0x7bcca3d34190, pending SET-CFG: 0
2025/11/21 04:44:10 OSPF6: [GZ318-0J443] Zebra: got delete of eth0, but interface is still up
2025/11/21 04:44:10 PATH: [NN4XW-E4M3V] IPv4 Router Id updated for VRF 0: 0.0.0.0
2025/11/21 04:44:10 PATH: [NN4XW-E4M3V] IPv6 Router Id updated for VRF 0: ::
2025/11/21 04:44:10 ZEBRA: [YDG3W-JND95] FD Limit set: 1048576 is stupidly large.  Is this what you intended?  Consider using --limit-fds also limiting size to 100000
2025/11/21 04:44:10 ZEBRA: [V98V0-MTWPF] client 84 says hello and bids fair to announce only bgp routes vrf=0
2025/11/21 04:44:10 OSPF6: [GZ318-0J443] Zebra: got delete of eth3, but interface is still up
2025/11/21 04:44:11 OSPF6: [GZ318-0J443] Zebra: got delete of lo20, but interface is still up
2025/11/21 05:16:57 PATH: [NN4XW-E4M3V] IPv4 Router Id updated for VRF 0: 3.3.3.3
2025/11/21 05:16:57 PATH: [NN4XW-E4M3V] IPv6 Router Id updated for VRF 0: 3:3:3::3
2025/11/21 05:16:57 BGP: [Q3JZC-9H626] Specify remote-as or peer-group commands first before:  neighbor 100::1 description core1
2025/11/21 05:16:57 ZEBRA: [YDG3W-JND95] FD Limit set: 1048576 is stupidly large.  Is this what you intended?  Consider using --limit-fds also limiting size to 100000
2025/11/21 05:16:57 ZEBRA: [V98V0-MTWPF] client 90 says hello and bids fair to announce only isis routes vrf=0
2025/11/21 05:16:57 ZEBRA: [TAFZ7-2C7QV] client protocol instance 1
2025/11/21 05:16:57 BGP: [M95PE-ZW8F6] VRF default(0): bgp_zebra_process_srv6_locator_internal, Received SRv6 locator loc01 3:3:3::/48, loc-block-len=24, loc-node-len=24 func-len=16, arg-len=0
2025/11/21 05:16:57 ISIS: [S89PV-K124N] isis_zebra_process_srv6_locator_internal: Received SRv6 locator loc01 3:3:3::/48, loc-block-len=24, loc-node-len=24 func-len=16, arg-len=0
2025/11/21 05:16:59 PATH: [NN4XW-E4M3V] IPv6 Router Id updated for VRF 0: 3000::1
2025/11/21 05:18:29 BGP: [M59KS-A3ZXZ] bgp_update_receive_eor: rcvd End-of-RIB for IPv6 Unicast from 1000::1 in vrf default
2025/11/21 05:20:51 ISIS: [Q7SVW-YVKRH] %ADJCHANGE: Adjacency to 0000.0000.0002 (eth2) for level-2 changed from Unknown to Initializing, unspecified
2025/11/21 05:20:51 ZEBRA: [HSYZM-HV7HF] Extended Error: Label >= configured maximum in platform_labels
2025/11/21 05:20:51 ZEBRA: [WVJCK-PPMGD][EC 4043309093] netlink-dp (NS 0) error: Invalid argument, type=RTM_NEWROUTE(24), seq=139, pid=3982402533
2025/11/21 05:20:51 ZEBRA: [RYJ61-Q2T1D][EC 4043309108] LSP Install Failure: in-label 15000
2025/11/21 05:20:51 ISIS: [Q7SVW-YVKRH] %ADJCHANGE: Adjacency to 0000.0000.0002 (eth2) for level-2 changed from Initializing to Up, unspecified
2025/11/21 05:59:40 BGP: [M59KS-A3ZXZ] bgp_update_receive_eor: rcvd End-of-RIB for IPv4 VPN from 4:4:4::4 in vrf default
2025/11/21 05:59:40 BGP: [M59KS-A3ZXZ] bgp_update_receive_eor: rcvd End-of-RIB for IPv6 Unicast from 4:4:4::4 in vrf default
2025/11/21 06:05:49 BGP: [MVZKX-EG443][EC 33554452] bgp_process_packet: BGP OPEN receipt failed for peer: 4:4:4::4
2025/11/21 06:05:53 BGP: [MVZKX-EG443][EC 33554452] bgp_process_packet: BGP OPEN receipt failed for peer: 4:4:4::4
2025/11/21 06:06:01 BGP: [MVZKX-EG443][EC 33554452] bgp_process_packet: BGP OPEN receipt failed for peer: 4:4:4::4
2025/11/21 06:06:10 BGP: [MVZKX-EG443][EC 33554452] bgp_process_packet: BGP OPEN receipt failed for peer: 4:4:4::4
2025/11/21 06:06:14 BGP: [MVZKX-EG443][EC 33554452] bgp_process_packet: BGP OPEN receipt failed for peer: 4:4:4::4
2025/11/21 06:06:17 BGP: [MVZKX-EG443][EC 33554452] bgp_process_packet: BGP OPEN receipt failed for peer: 4:4:4::4
2025/11/21 06:06:22 BGP: [MVZKX-EG443][EC 33554452] bgp_process_packet: BGP OPEN receipt failed for peer: 4:4:4::4
2025/11/21 06:06:38 BGP: [MVZKX-EG443][EC 33554452] bgp_process_packet: BGP OPEN receipt failed for peer: 4:4:4::4
2025/11/21 06:06:49 BGP: [MVZKX-EG443][EC 33554452] bgp_process_packet: BGP OPEN receipt failed for peer: 4:4:4::4
2025/11/21 06:07:10 BGP: [MVZKX-EG443][EC 33554452] bgp_process_packet: BGP OPEN receipt failed for peer: 4:4:4::4
2025/11/21 06:07:53 BGP: [MVZKX-EG443][EC 33554452] bgp_process_packet: BGP OPEN receipt failed for peer: 4:4:4::4
2025/11/21 06:09:12 BGP: [M59KS-A3ZXZ] bgp_update_receive_eor: rcvd End-of-RIB for IPv4 VPN from 4:4:4::4 in vrf default
2025/11/21 06:09:12 BGP: [M59KS-A3ZXZ] bgp_update_receive_eor: rcvd End-of-RIB for IPv6 Unicast from 4:4:4::4 in vrf default
2025/11/21 06:13:06 BGP: [M59KS-A3ZXZ] bgp_update_receive_eor: rcvd End-of-RIB for IPv4 VPN from 6:6:6::6 in vrf default
2025/11/21 13:22:46 ISIS: [Q7SVW-YVKRH] %ADJCHANGE: Adjacency to pe2 (eth2) for level-2 changed from Up to Down, clear user request
2025/11/21 13:22:46 ISIS: [Q7SVW-YVKRH] %ADJCHANGE: Adjacency to pe2 (eth2) for level-2 changed from Unknown to Initializing, unspecified
2025/11/21 13:22:46 ISIS: [Q7SVW-YVKRH] %ADJCHANGE: Adjacency to pe2 (eth2) for level-2 changed from Initializing to Up, unspecified
2025/11/21 13:22:46 ZEBRA: [HSYZM-HV7HF] Extended Error: Label >= configured maximum in platform_labels
2025/11/21 13:22:46 ZEBRA: [WVJCK-PPMGD][EC 4043309093] netlink-dp (NS 0) error: Invalid argument, type=RTM_NEWROUTE(24), seq=282, pid=3982402533
2025/11/21 13:22:46 ZEBRA: [RYJ61-Q2T1D][EC 4043309108] LSP Install Failure: in-label 15000
2025/11/21 13:22:55 BGP: [M59KS-A3ZXZ] bgp_update_receive_eor: rcvd End-of-RIB for IPv6 Unicast from 1000::1 in vrf default
2025/11/21 13:22:56 BGP: [M59KS-A3ZXZ] bgp_update_receive_eor: rcvd End-of-RIB for IPv4 VPN from 4:4:4::4 in vrf default
2025/11/21 13:22:56 BGP: [M59KS-A3ZXZ] bgp_update_receive_eor: rcvd End-of-RIB for IPv6 Unicast from 4:4:4::4 in vrf default
2025/11/21 13:22:56 BGP: [M59KS-A3ZXZ] bgp_update_receive_eor: rcvd End-of-RIB for IPv4 VPN from 6:6:6::6 in vrf default
2025/11/21 13:25:22 BGP: [M59KS-A3ZXZ] bgp_update_receive_eor: rcvd End-of-RIB for IPv6 Unicast from 1000::1 in vrf default
2025/11/21 13:25:23 BGP: [M59KS-A3ZXZ] bgp_update_receive_eor: rcvd End-of-RIB for IPv4 VPN from 4:4:4::4 in vrf default
2025/11/21 13:25:23 BGP: [M59KS-A3ZXZ] bgp_update_receive_eor: rcvd End-of-RIB for IPv6 Unicast from 4:4:4::4 in vrf default
2025/11/21 13:25:23 BGP: [M59KS-A3ZXZ] bgp_update_receive_eor: rcvd End-of-RIB for IPv4 VPN from 6:6:6::6 in vrf default
2025/11/21 14:01:36 ZEBRA: [SWQK6-6JY63][EC 4043309074] 0:254:2000::/64: Failed to enqueue dataplane install
2025/11/21 14:01:36 ZEBRA: [SWQK6-6JY63][EC 4043309074] 0:254:2001::/64: Failed to enqueue dataplane install
2025/11/21 14:01:36 ZEBRA: [SWQK6-6JY63][EC 4043309074] 0:254:22:22:22:22::/128: Failed to enqueue dataplane install
2025/11/21 14:01:36 ZEBRA: [SWQK6-6JY63][EC 4043309074] 0:254:6:6:6:2::/128: Failed to enqueue dataplane install
2025/11/21 14:01:36 ZEBRA: [SWQK6-6JY63][EC 4043309074] 0:254:4000::/64: Failed to enqueue dataplane install
2025/11/21 14:01:36 ZEBRA: [SWQK6-6JY63][EC 4043309074] 0:254:6:6:6::/48: Failed to enqueue dataplane install
2025/11/21 14:01:36 ZEBRA: [SWQK6-6JY63][EC 4043309074] 0:254:5:5:5:2::/128: Failed to enqueue dataplane install
2025/11/21 14:01:36 ZEBRA: [SWQK6-6JY63][EC 4043309074] 0:254:5:5:5::5/128: Failed to enqueue dataplane install
2025/11/21 14:01:36 ZEBRA: [SWQK6-6JY63][EC 4043309074] 0:254:5:5:5::/128: Failed to enqueue dataplane install
2025/11/21 14:01:36 ZEBRA: [SWQK6-6JY63][EC 4043309074] 0:254:6:6:6::/128: Failed to enqueue dataplane install
2025/11/21 14:01:36 ZEBRA: [SWQK6-6JY63][EC 4043309074] 0:254:11:11:11:11::/128: Failed to enqueue dataplane install
2025/11/21 14:01:36 ZEBRA: [SWQK6-6JY63][EC 4043309074] 0:254:5:5:5::/48: Failed to enqueue dataplane install
2025/11/21 14:01:36 ZEBRA: [SWQK6-6JY63][EC 4043309074] 0:254:6:6:6::6/128: Failed to enqueue dataplane install
2025/11/21 14:01:36 ZEBRA: [HSYZM-HV7HF] Extended Error: Label >= configured maximum in platform_labels
2025/11/21 14:01:36 ZEBRA: [WVJCK-PPMGD][EC 4043309093] netlink-dp (NS 0) error: Invalid argument, type=RTM_NEWROUTE(24), seq=510, pid=3982402533
2025/11/21 14:01:36 ZEBRA: [RYJ61-Q2T1D][EC 4043309108] LSP Install Failure: in-label 15000
2025/11/21 14:01:36 PATH: [NN4XW-E4M3V] IPv6 Router Id updated for VRF 0: 3:3:3::3
2025/11/21 14:01:36 ISIS: [Q7SVW-YVKRH] %ADJCHANGE: Adjacency to pe2 (eth2) for level-2 changed from Up to Down, circuit is being brought down
2025/11/21 14:01:36 ISIS: [TBBSQ-HBJMF] IS-IS pfpacket: could not transmit packet on eth2: Network is down
2025/11/21 14:01:36 ISIS: [G7ZA5-AT06A][EC 67108865] ISIS-Adj (srv6): Send L2 IIH on eth2 failed
2025/11/21 14:01:36 ZEBRA: [SWQK6-6JY63][EC 4043309074] 0:254:4:4:4:2::/128: Failed to enqueue dataplane install
2025/11/21 14:01:36 ZEBRA: [SWQK6-6JY63][EC 4043309074] 0:254:4:4:4::/128: Failed to enqueue dataplane install
2025/11/21 14:01:36 ZEBRA: [SWQK6-6JY63][EC 4043309074] 0:254:3:3:3::/48: Failed to enqueue dataplane install
2025/11/21 14:01:36 ZEBRA: [SWQK6-6JY63][EC 4043309074] 0:254:1001::/64: Failed to enqueue dataplane install
2025/11/21 14:01:36 ZEBRA: [SWQK6-6JY63][EC 4043309074] 0:254:4:4:4::4/128: Failed to enqueue dataplane install
2025/11/21 14:01:36 ZEBRA: [SWQK6-6JY63][EC 4043309074] 0:254:4:4:4::/48: Failed to enqueue dataplane install
2025/11/22 22:10:39 LDP: [VTVCM-Y2NW3] Configuration Read in Took: 00:00:00
2025/11/22 22:10:39 LDP: [G6NKK-8C6DV] end_config: VTY:0x79233608d610, pending SET-CFG: 0
2025/11/22 22:10:39 OSPF6: [VTVCM-Y2NW3] Configuration Read in Took: 00:00:00
2025/11/22 22:10:39 OSPF6: [G6NKK-8C6DV] end_config: VTY:0x7903780ed050, pending SET-CFG: 0
2025/11/22 22:10:39 OSPF: [VTVCM-Y2NW3] Configuration Read in Took: 00:00:00
2025/11/22 22:10:39 OSPF: [G6NKK-8C6DV] end_config: VTY:0x7523be86a070, pending SET-CFG: 0
2025/11/22 22:10:39 PATH: [VTVCM-Y2NW3] Configuration Read in Took: 00:00:00
2025/11/22 22:10:39 PATH: [G6NKK-8C6DV] end_config: VTY:0x721325103190, pending SET-CFG: 0
2025/11/22 22:10:39 STATIC: [VTVCM-Y2NW3] Configuration Read in Took: 00:00:00
2025/11/22 22:10:39 STATIC: [G6NKK-8C6DV] end_config: VTY:0x755c2bfa20c0, pending SET-CFG: 0
2025/11/22 22:10:39 PATH: [NN4XW-E4M3V] IPv4 Router Id updated for VRF 0: 3.3.3.3
2025/11/22 22:10:39 PATH: [NN4XW-E4M3V] IPv6 Router Id updated for VRF 0: 3:3:3::3
2025/11/22 22:10:39 BGP: [M95PE-ZW8F6] VRF default(0): bgp_zebra_process_srv6_locator_internal, Received SRv6 locator loc01 3:3:3::/48, loc-block-len=24, loc-node-len=24 func-len=16, arg-len=0
2025/11/22 22:10:39 BGP: [VTVCM-Y2NW3] Configuration Read in Took: 00:00:00
2025/11/22 22:10:39 BGP: [G6NKK-8C6DV] end_config: VTY:0x75b48b8800b0, pending SET-CFG: 0
2025/11/22 22:10:39 ZEBRA: [HSYZM-HV7HF] Extended Error: Strict mode for VRF is disabled
2025/11/22 22:10:39 ZEBRA: [WVJCK-PPMGD][EC 4043309093] netlink-dp (NS 0) error: Operation not permitted, type=RTM_NEWNEXTHOP(104), seq=51, pid=2471396912
2025/11/22 22:10:39 ZEBRA: [HSYZM-HV7HF] Extended Error: Nexthop id does not exist
2025/11/22 22:10:39 ZEBRA: [WVJCK-PPMGD][EC 4043309093] netlink-dp (NS 0) error: Invalid argument, type=RTM_NEWROUTE(24), seq=52, pid=2471396912
2025/11/22 22:10:39 ZEBRA: [X5XE1-RS0SW][EC 4043309074] Failed to install Nexthop (23[if 3 vrfid 0]) into the kernel
2025/11/22 22:10:39 ZEBRA: [VYKYC-709DP] default(0:254):3:3:3:1::/128: Route install failed
2025/11/22 22:10:39 ZEBRA: [YDG3W-JND95] FD Limit set: 1048576 is stupidly large.  Is this what you intended?  Consider using --limit-fds also limiting size to 100000
2025/11/22 22:10:39 ZEBRA: [V98V0-MTWPF] client 84 says hello and bids fair to announce only isis routes vrf=0
2025/11/22 22:10:39 ZEBRA: [TAFZ7-2C7QV] client protocol instance 1
2025/11/22 22:10:39 ISIS: [VTVCM-Y2NW3] Configuration Read in Took: 00:00:00
2025/11/22 22:10:39 ISIS: [G6NKK-8C6DV] end_config: VTY:0x785e654de1c0, pending SET-CFG: 0
2025/11/22 22:10:39 ISIS: [S89PV-K124N] isis_zebra_process_srv6_locator_internal: Received SRv6 locator loc01 3:3:3::/48, loc-block-len=24, loc-node-len=24 func-len=16, arg-len=0
2025/11/22 22:10:39 OSPF6: [GZ318-0J443] Zebra: got delete of lo20, but interface is still up
2025/11/22 22:10:39 ZEBRA: [YDG3W-JND95] FD Limit set: 1048576 is stupidly large.  Is this what you intended?  Consider using --limit-fds also limiting size to 100000
2025/11/22 22:10:39 ZEBRA: [V98V0-MTWPF] client 89 says hello and bids fair to announce only bgp routes vrf=0
2025/11/22 22:10:40 PATH: [NN4XW-E4M3V] IPv6 Router Id updated for VRF 0: 3000::1
2025/11/22 22:10:41 ISIS: [Q7SVW-YVKRH] %ADJCHANGE: Adjacency to 0000.0000.0002 (eth2) for level-2 changed from Unknown to Initializing, unspecified
2025/11/22 22:10:41 ZEBRA: [HSYZM-HV7HF] Extended Error: Label >= configured maximum in platform_labels
2025/11/22 22:10:41 ZEBRA: [WVJCK-PPMGD][EC 4043309093] netlink-dp (NS 0) error: Invalid argument, type=RTM_NEWROUTE(24), seq=77, pid=2471396912
2025/11/22 22:10:41 ZEBRA: [RYJ61-Q2T1D][EC 4043309108] LSP Install Failure: in-label 15000
2025/11/22 22:10:41 ISIS: [Q7SVW-YVKRH] %ADJCHANGE: Adjacency to 0000.0000.0002 (eth2) for level-2 changed from Initializing to Up, unspecified
2025/11/22 22:11:10 BGP: [M59KS-A3ZXZ] bgp_update_receive_eor: rcvd End-of-RIB for IPv4 VPN from 4:4:4::4 in vrf default
2025/11/22 22:11:10 BGP: [M59KS-A3ZXZ] bgp_update_receive_eor: rcvd End-of-RIB for IPv6 Unicast from 4:4:4::4 in vrf default
2025/11/22 22:11:48 BGP: [M59KS-A3ZXZ] bgp_update_receive_eor: rcvd End-of-RIB for IPv6 Unicast from 1000::1 in vrf default
2025/11/22 22:11:52 BGP: [M59KS-A3ZXZ] bgp_update_receive_eor: rcvd End-of-RIB for IPv4 VPN from 6:6:6::6 in vrf default
2025/11/23 23:23:20 LDP: [VTVCM-Y2NW3] Configuration Read in Took: 00:00:00
2025/11/23 23:23:20 LDP: [G6NKK-8C6DV] end_config: VTY:0x75f8fbe76610, pending SET-CFG: 0
2025/11/23 23:23:20 OSPF: [VTVCM-Y2NW3] Configuration Read in Took: 00:00:01
2025/11/23 23:23:20 OSPF: [G6NKK-8C6DV] end_config: VTY:0x7b7508ae1060, pending SET-CFG: 0
2025/11/23 23:23:20 OSPF6: [VTVCM-Y2NW3] Configuration Read in Took: 00:00:01
2025/11/23 23:23:20 OSPF6: [G6NKK-8C6DV] end_config: VTY:0x7101c5cf5050, pending SET-CFG: 0
2025/11/23 23:23:20 PATH: [VTVCM-Y2NW3] Configuration Read in Took: 00:00:00
2025/11/23 23:23:20 PATH: [G6NKK-8C6DV] end_config: VTY:0x7f1bdf9e4180, pending SET-CFG: 0
2025/11/23 23:23:20 ZEBRA: [VTVCM-Y2NW3] Configuration Read in Took: 00:00:01
2025/11/23 23:23:20 ZEBRA: [G6NKK-8C6DV] end_config: VTY:0x754f08e42650, pending SET-CFG: 0
2025/11/23 23:23:20 BGP: [M95PE-ZW8F6] VRF default(0): bgp_zebra_process_srv6_locator_internal, Received SRv6 locator loc01 3:3:3::/48, loc-block-len=24, loc-node-len=24 func-len=16, arg-len=0
2025/11/23 23:23:20 BGP: [VTVCM-Y2NW3] Configuration Read in Took: 00:00:00
2025/11/23 23:23:20 BGP: [G6NKK-8C6DV] end_config: VTY:0x7738afc130b0, pending SET-CFG: 0
2025/11/23 23:23:20 STATIC: [VTVCM-Y2NW3] Configuration Read in Took: 00:00:00
2025/11/23 23:23:20 STATIC: [G6NKK-8C6DV] end_config: VTY:0x75cb8bc790c0, pending SET-CFG: 0
2025/11/23 23:23:20 ZEBRA: [YDG3W-JND95] FD Limit set: 1048576 is stupidly large.  Is this what you intended?  Consider using --limit-fds also limiting size to 100000
2025/11/23 23:23:20 ZEBRA: [V98V0-MTWPF] client 84 says hello and bids fair to announce only isis routes vrf=0
2025/11/23 23:23:20 ZEBRA: [TAFZ7-2C7QV] client protocol instance 1
2025/11/23 23:23:20 ISIS: [VTVCM-Y2NW3] Configuration Read in Took: 00:00:00
2025/11/23 23:23:20 ISIS: [G6NKK-8C6DV] end_config: VTY:0x7ae533ac51b0, pending SET-CFG: 0
2025/11/23 23:23:20 ISIS: [S89PV-K124N] isis_zebra_process_srv6_locator_internal: Received SRv6 locator loc01 3:3:3::/48, loc-block-len=24, loc-node-len=24 func-len=16, arg-len=0
2025/11/23 23:23:20 ZEBRA: [YDG3W-JND95] FD Limit set: 1048576 is stupidly large.  Is this what you intended?  Consider using --limit-fds also limiting size to 100000
2025/11/23 23:23:20 ZEBRA: [V98V0-MTWPF] client 89 says hello and bids fair to announce only bgp routes vrf=0
2025/11/23 23:23:22 PATH: [NN4XW-E4M3V] IPv6 Router Id updated for VRF 0: 3fff:172:20:20:42:acff:fe14:1404
2025/11/23 23:28:43 OSPF: [VTVCM-Y2NW3] Configuration Read in Took: 00:00:00
2025/11/23 23:28:43 OSPF: [G6NKK-8C6DV] end_config: VTY:0x7894138fb060, pending SET-CFG: 0
2025/11/23 23:28:43 LDP: [VTVCM-Y2NW3] Configuration Read in Took: 00:00:00
2025/11/23 23:28:43 LDP: [G6NKK-8C6DV] end_config: VTY:0x72c355ac7610, pending SET-CFG: 0
2025/11/23 23:28:43 PATH: [VTVCM-Y2NW3] Configuration Read in Took: 00:00:00
2025/11/23 23:28:43 PATH: [G6NKK-8C6DV] end_config: VTY:0x74d82a2d5180, pending SET-CFG: 0
2025/11/23 23:28:43 BGP: [M95PE-ZW8F6] VRF default(0): bgp_zebra_process_srv6_locator_internal, Received SRv6 locator loc01 3:3:3::/48, loc-block-len=24, loc-node-len=24 func-len=16, arg-len=0
2025/11/23 23:28:43 BGP: [VTVCM-Y2NW3] Configuration Read in Took: 00:00:00
2025/11/23 23:28:43 BGP: [G6NKK-8C6DV] end_config: VTY:0x7917c05230b0, pending SET-CFG: 0
2025/11/23 23:28:43 PATH: [NN4XW-E4M3V] IPv4 Router Id updated for VRF 0: 3.3.3.3
2025/11/23 23:28:43 OSPF6: [VTVCM-Y2NW3] Configuration Read in Took: 00:00:00
2025/11/23 23:28:43 OSPF6: [G6NKK-8C6DV] end_config: VTY:0x70fea2615050, pending SET-CFG: 0
2025/11/23 23:28:43 ZEBRA: [VTVCM-Y2NW3] Configuration Read in Took: 00:00:00
2025/11/23 23:28:43 ZEBRA: [G6NKK-8C6DV] end_config: VTY:0x7b33a5e16c60, pending SET-CFG: 0
2025/11/23 23:28:43 ISIS: [VTVCM-Y2NW3] Configuration Read in Took: 00:00:00
2025/11/23 23:28:43 ISIS: [G6NKK-8C6DV] end_config: VTY:0x72374f5f11b0, pending SET-CFG: 0
2025/11/23 23:28:43 ISIS: [S89PV-K124N] isis_zebra_process_srv6_locator_internal: Received SRv6 locator loc01 3:3:3::/48, loc-block-len=24, loc-node-len=24 func-len=16, arg-len=0
2025/11/23 23:28:46 PATH: [NN4XW-E4M3V] IPv6 Router Id updated for VRF 0: 3fff:172:20:20:42:acff:fe14:1403
2025/11/23 23:32:45 OSPF6: [VTVCM-Y2NW3] Configuration Read in Took: 00:00:00
2025/11/23 23:32:45 OSPF6: [G6NKK-8C6DV] end_config: VTY:0x73e76d986050, pending SET-CFG: 0
2025/11/23 23:32:45 LDP: [VTVCM-Y2NW3] Configuration Read in Took: 00:00:00
2025/11/23 23:32:45 LDP: [G6NKK-8C6DV] end_config: VTY:0x7ef1e5c1c610, pending SET-CFG: 0
2025/11/23 23:32:45 ZEBRA: [VTVCM-Y2NW3] Configuration Read in Took: 00:00:00
2025/11/23 23:32:45 ZEBRA: [G6NKK-8C6DV] end_config: VTY:0x78a7cfcc6550, pending SET-CFG: 0
2025/11/23 23:32:45 OSPF: [VTVCM-Y2NW3] Configuration Read in Took: 00:00:00
2025/11/23 23:32:45 OSPF: [G6NKK-8C6DV] end_config: VTY:0x7111f90bd070, pending SET-CFG: 0
2025/11/23 23:32:45 STATIC: [VTVCM-Y2NW3] Configuration Read in Took: 00:00:00
2025/11/23 23:32:45 STATIC: [G6NKK-8C6DV] end_config: VTY:0x72576516f0c0, pending SET-CFG: 0
2025/11/23 23:32:45 PATH: [VTVCM-Y2NW3] Configuration Read in Took: 00:00:00
2025/11/23 23:32:45 PATH: [G6NKK-8C6DV] end_config: VTY:0x7a011cef6190, pending SET-CFG: 0
2025/11/23 23:32:45 ZEBRA: [YDG3W-JND95] FD Limit set: 1048576 is stupidly large.  Is this what you intended?  Consider using --limit-fds also limiting size to 100000
2025/11/23 23:32:45 ZEBRA: [V98V0-MTWPF] client 84 says hello and bids fair to announce only isis routes vrf=0
2025/11/23 23:32:45 ZEBRA: [TAFZ7-2C7QV] client protocol instance 1
2025/11/23 23:32:45 BGP: [M95PE-ZW8F6] VRF default(0): bgp_zebra_process_srv6_locator_internal, Received SRv6 locator loc01 3:3:3::/48, loc-block-len=24, loc-node-len=24 func-len=16, arg-len=0
2025/11/23 23:32:45 ISIS: [VTVCM-Y2NW3] Configuration Read in Took: 00:00:00
2025/11/23 23:32:45 ISIS: [G6NKK-8C6DV] end_config: VTY:0x720a06c911c0, pending SET-CFG: 0
2025/11/23 23:32:45 BGP: [VTVCM-Y2NW3] Configuration Read in Took: 00:00:00
2025/11/23 23:32:45 BGP: [G6NKK-8C6DV] end_config: VTY:0x7aebf1a5f0b0, pending SET-CFG: 0
2025/11/23 23:32:45 ISIS: [S89PV-K124N] isis_zebra_process_srv6_locator_internal: Received SRv6 locator loc01 3:3:3::/48, loc-block-len=24, loc-node-len=24 func-len=16, arg-len=0
2025/11/23 23:32:45 ZEBRA: [HSYZM-HV7HF] Extended Error: Strict mode for VRF is disabled
2025/11/23 23:32:45 ZEBRA: [WVJCK-PPMGD][EC 4043309093] netlink-dp (NS 0) error: Operation not permitted, type=RTM_NEWNEXTHOP(104), seq=53, pid=3551339397
2025/11/23 23:32:45 ZEBRA: [HSYZM-HV7HF] Extended Error: Nexthop id does not exist
2025/11/23 23:32:45 ZEBRA: [WVJCK-PPMGD][EC 4043309093] netlink-dp (NS 0) error: Invalid argument, type=RTM_NEWROUTE(24), seq=54, pid=3551339397
2025/11/23 23:32:45 ZEBRA: [X5XE1-RS0SW][EC 4043309074] Failed to install Nexthop (25[if 3 vrfid 0]) into the kernel
2025/11/23 23:32:45 ZEBRA: [VYKYC-709DP] default(0:254):3:3:3:1::/128: Route install failed
2025/11/23 23:32:45 OSPF6: [GZ318-0J443] Zebra: got delete of lo20, but interface is still up
2025/11/23 23:32:45 ZEBRA: [YDG3W-JND95] FD Limit set: 1048576 is stupidly large.  Is this what you intended?  Consider using --limit-fds also limiting size to 100000
2025/11/23 23:32:45 ZEBRA: [V98V0-MTWPF] client 89 says hello and bids fair to announce only bgp routes vrf=0
2025/11/23 23:32:46 PATH: [NN4XW-E4M3V] IPv6 Router Id updated for VRF 0: 1000::2
2025/11/23 23:32:46 PATH: [NN4XW-E4M3V] IPv6 Router Id updated for VRF 0: 3000::1
2025/11/23 23:32:47 ISIS: [Q7SVW-YVKRH] %ADJCHANGE: Adjacency to 0000.0000.0002 (eth2) for level-2 changed from Unknown to Initializing, unspecified
2025/11/23 23:32:47 ZEBRA: [HSYZM-HV7HF] Extended Error: Label >= configured maximum in platform_labels
2025/11/23 23:32:47 ZEBRA: [WVJCK-PPMGD][EC 4043309093] netlink-dp (NS 0) error: Invalid argument, type=RTM_NEWROUTE(24), seq=79, pid=3551339397
2025/11/23 23:32:47 ZEBRA: [RYJ61-Q2T1D][EC 4043309108] LSP Install Failure: in-label 15000
2025/11/23 23:32:47 ISIS: [Q7SVW-YVKRH] %ADJCHANGE: Adjacency to 0000.0000.0002 (eth2) for level-2 changed from Initializing to Up, unspecified
2025/11/23 23:33:17 BGP: [M59KS-A3ZXZ] bgp_update_receive_eor: rcvd End-of-RIB for IPv4 VPN from 4:4:4::4 in vrf default
2025/11/23 23:33:17 BGP: [M59KS-A3ZXZ] bgp_update_receive_eor: rcvd End-of-RIB for IPv6 Unicast from 4:4:4::4 in vrf default
2025/11/23 23:33:41 BGP: [M59KS-A3ZXZ] bgp_update_receive_eor: rcvd End-of-RIB for IPv6 Unicast from 1000::1 in vrf default
2025/11/23 23:33:51 BGP: [M59KS-A3ZXZ] bgp_update_receive_eor: rcvd End-of-RIB for IPv4 VPN from 6:6:6::6 in vrf default
2025/11/23 23:37:20 ZEBRA: [HSYZM-HV7HF] Extended Error: Label >= configured maximum in platform_labels
2025/11/23 23:37:20 ZEBRA: [WVJCK-PPMGD][EC 4043309093] netlink-dp (NS 0) error: Invalid argument, type=RTM_NEWROUTE(24), seq=151, pid=3551339397
2025/11/23 23:37:20 ZEBRA: [RYJ61-Q2T1D][EC 4043309108] LSP Install Failure: in-label 15000
2025/11/23 23:37:26 ISIS: [M7QDW-48DP2] isis_recv_pdu_bcast: ifname eth2, fd 18, bytesread -1, recvfrom(): Network is down
2025/11/23 23:37:26 ISIS: [P42KE-G0CDM] packet is received on multiple interfaces: socket interface 0, circuit interface 49, packet type 0
2025/11/23 23:37:26 ISIS: [PT8ND-1Y17N] isis_recv_pdu_bcast: recvfrom() failed
2025/11/23 23:37:26 PATH: [NN4XW-E4M3V] IPv6 Router Id updated for VRF 0: 3:3:3::3
2025/11/23 23:37:26 ISIS: [Q7SVW-YVKRH] %ADJCHANGE: Adjacency to pe2 (eth2) for level-2 changed from Up to Down, circuit is being brought down
2025/11/23 23:37:26 ISIS: [TBBSQ-HBJMF] IS-IS pfpacket: could not transmit packet on eth2: Network is down
2025/11/23 23:37:26 ISIS: [G7ZA5-AT06A][EC 67108865] ISIS-Adj (srv6): Send L2 IIH on eth2 failed
2025/11/23 23:37:26 ZEBRA: [SWQK6-6JY63][EC 4043309074] 0:254:1001::/64: Failed to enqueue dataplane install
2025/11/23 23:37:26 ZEBRA: [SWQK6-6JY63][EC 4043309074] 0:254:4:4:4:2::/128: Failed to enqueue dataplane install
2025/11/23 23:37:26 ZEBRA: [SWQK6-6JY63][EC 4043309074] 0:254:4:4:4::/128: Failed to enqueue dataplane install
2025/11/23 23:37:26 ZEBRA: [SWQK6-6JY63][EC 4043309074] 0:254:3:3:3::/48: Failed to enqueue dataplane install
2025/11/23 23:37:26 ZEBRA: [SWQK6-6JY63][EC 4043309074] 0:254:4:4:4::4/128: Failed to enqueue dataplane install
2025/11/23 23:37:26 ZEBRA: [SWQK6-6JY63][EC 4043309074] 0:254:4:4:4::/48: Failed to enqueue dataplane install
2025/11/23 23:37:26 ZEBRA: [SWQK6-6JY63][EC 4043309074] 0:254:3:3:3:2::/128: Failed to enqueue dataplane install
2025/11/23 23:44:07 OSPF: [VTVCM-Y2NW3] Configuration Read in Took: 00:00:00
2025/11/23 23:44:07 OSPF: [G6NKK-8C6DV] end_config: VTY:0x750fc22fc070, pending SET-CFG: 0
2025/11/23 23:44:07 LDP: [VTVCM-Y2NW3] Configuration Read in Took: 00:00:00
2025/11/23 23:44:07 LDP: [G6NKK-8C6DV] end_config: VTY:0x7db24eba6610, pending SET-CFG: 0
2025/11/23 23:44:07 PATH: [VTVCM-Y2NW3] Configuration Read in Took: 00:00:00
2025/11/23 23:44:07 PATH: [G6NKK-8C6DV] end_config: VTY:0x7099ab945190, pending SET-CFG: 0
2025/11/23 23:44:07 OSPF6: [VTVCM-Y2NW3] Configuration Read in Took: 00:00:00
2025/11/23 23:44:07 OSPF6: [G6NKK-8C6DV] end_config: VTY:0x70276196f050, pending SET-CFG: 0
2025/11/23 23:44:07 BGP: [M95PE-ZW8F6] VRF default(0): bgp_zebra_process_srv6_locator_internal, Received SRv6 locator loc01 3:3:3::/48, loc-block-len=24, loc-node-len=24 func-len=16, arg-len=0
2025/11/23 23:44:07 ZEBRA: [V98V0-MTWPF] client 82 says hello and bids fair to announce only isis routes vrf=0
2025/11/23 23:44:07 ZEBRA: [TAFZ7-2C7QV] client protocol instance 1
2025/11/23 23:44:07 BGP: [VTVCM-Y2NW3] Configuration Read in Took: 00:00:00
2025/11/23 23:44:07 BGP: [G6NKK-8C6DV] end_config: VTY:0x7bfd4b47f0b0, pending SET-CFG: 0
2025/11/23 23:44:07 PATH: [NN4XW-E4M3V] IPv4 Router Id updated for VRF 0: 3.3.3.3
2025/11/23 23:44:07 PATH: [NN4XW-E4M3V] IPv6 Router Id updated for VRF 0: 3:3:3::3
2025/11/23 23:44:07 ISIS: [M7QDW-48DP2] isis_recv_pdu_bcast: ifname eth2, fd 18, bytesread -1, recvfrom(): Network is down
2025/11/23 23:44:07 ISIS: [P42KE-G0CDM] packet is received on multiple interfaces: socket interface 0, circuit interface 93, packet type 0
2025/11/23 23:44:07 ISIS: [PT8ND-1Y17N] isis_recv_pdu_bcast: recvfrom() failed
2025/11/23 23:44:07 ISIS: [TBBSQ-HBJMF] IS-IS pfpacket: could not transmit packet on eth2: Network is down
2025/11/23 23:44:07 ISIS: [G7ZA5-AT06A][EC 67108865] ISIS-Adj (srv6): Send L2 IIH on eth2 failed
2025/11/23 23:44:07 ZEBRA: [HSYZM-HV7HF] Extended Error: Strict mode for VRF is disabled
2025/11/23 23:44:07 ZEBRA: [WVJCK-PPMGD][EC 4043309093] netlink-dp (NS 0) error: Operation not permitted, type=RTM_NEWNEXTHOP(104), seq=46, pid=2273334478
2025/11/23 23:44:07 ZEBRA: [HSYZM-HV7HF] Extended Error: Nexthop id does not exist
2025/11/23 23:44:07 ZEBRA: [WVJCK-PPMGD][EC 4043309093] netlink-dp (NS 0) error: Invalid argument, type=RTM_NEWROUTE(24), seq=47, pid=2273334478
2025/11/23 23:44:07 ZEBRA: [X5XE1-RS0SW][EC 4043309074] Failed to install Nexthop (17[if 3 vrfid 0]) into the kernel
2025/11/23 23:44:07 ZEBRA: [VYKYC-709DP] default(0:254):3:3:3:1::/128: Route install failed
2025/11/23 23:44:07 ISIS: [VTVCM-Y2NW3] Configuration Read in Took: 00:00:00
2025/11/23 23:44:07 ISIS: [G6NKK-8C6DV] end_config: VTY:0x7a92867351b0, pending SET-CFG: 0
2025/11/23 23:44:07 ISIS: [S89PV-K124N] isis_zebra_process_srv6_locator_internal: Received SRv6 locator loc01 3:3:3::/48, loc-block-len=24, loc-node-len=24 func-len=16, arg-len=0
2025/11/23 23:44:07 ZEBRA: [YDG3W-JND95] FD Limit set: 1048576 is stupidly large.  Is this what you intended?  Consider using --limit-fds also limiting size to 100000
2025/11/23 23:44:07 ZEBRA: [V98V0-MTWPF] client 89 says hello and bids fair to announce only bgp routes vrf=0
2025/11/23 23:44:08 OSPF6: [GZ318-0J443] Zebra: got delete of lo20, but interface is still up
2025/11/23 23:48:31 PATH: [NN4XW-E4M3V] IPv6 Router Id updated for VRF 0: 1000::2
2025/11/23 23:48:31 BGP: [J9K4Q-T8STY][EC 33554466] 1000::1 [FSM] Failure handling event BGP_Start in state Idle, prior events BGP_Stop, BGP_Stop, fd -1, last reset: Admin. shutdown
2025/11/23 23:49:07 PATH: [NN4XW-E4M3V] IPv6 Router Id updated for VRF 0: 3000::1
2025/11/23 23:49:49 PATH: [NN4XW-E4M3V] IPv6 Router Id updated for VRF 0: 3:3:3::3
2025/11/23 23:50:25 LDP: [VTVCM-Y2NW3] Configuration Read in Took: 00:00:00
2025/11/23 23:50:25 LDP: [G6NKK-8C6DV] end_config: VTY:0x74eabedaa610, pending SET-CFG: 0
2025/11/23 23:50:25 OSPF: [VTVCM-Y2NW3] Configuration Read in Took: 00:00:00
2025/11/23 23:50:25 OSPF: [G6NKK-8C6DV] end_config: VTY:0x71c53b508070, pending SET-CFG: 0
2025/11/23 23:50:25 OSPF6: [VTVCM-Y2NW3] Configuration Read in Took: 00:00:00
2025/11/23 23:50:25 OSPF6: [G6NKK-8C6DV] end_config: VTY:0x7820fee94050, pending SET-CFG: 0
2025/11/23 23:50:25 PATH: [VTVCM-Y2NW3] Configuration Read in Took: 00:00:00
2025/11/23 23:50:25 PATH: [G6NKK-8C6DV] end_config: VTY:0x7486e0e47190, pending SET-CFG: 0
2025/11/23 23:50:25 PATH: [NN4XW-E4M3V] IPv4 Router Id updated for VRF 0: 3.3.3.3
2025/11/23 23:50:25 PATH: [NN4XW-E4M3V] IPv6 Router Id updated for VRF 0: 3:3:3::3
2025/11/23 23:50:25 ZEBRA: [YDG3W-JND95] FD Limit set: 1048576 is stupidly large.  Is this what you intended?  Consider using --limit-fds also limiting size to 100000
2025/11/23 23:50:25 ZEBRA: [V98V0-MTWPF] client 89 says hello and bids fair to announce only isis routes vrf=0
2025/11/23 23:50:25 ZEBRA: [TAFZ7-2C7QV] client protocol instance 1
2025/11/23 23:50:25 ISIS: [VTVCM-Y2NW3] Configuration Read in Took: 00:00:00
2025/11/23 23:50:25 ISIS: [G6NKK-8C6DV] end_config: VTY:0x7189cc70e1b0, pending SET-CFG: 0
2025/11/23 23:50:25 ISIS: [S89PV-K124N] isis_zebra_process_srv6_locator_internal: Received SRv6 locator loc01 3:3:3::/48, loc-block-len=24, loc-node-len=24 func-len=16, arg-len=0
2025/11/23 23:50:25 BGP: [M95PE-ZW8F6] VRF default(0): bgp_zebra_process_srv6_locator_internal, Received SRv6 locator loc01 3:3:3::/48, loc-block-len=24, loc-node-len=24 func-len=16, arg-len=0
2025/11/23 23:50:25 BGP: [VTVCM-Y2NW3] Configuration Read in Took: 00:00:00
2025/11/23 23:50:25 BGP: [G6NKK-8C6DV] end_config: VTY:0x7bf1c15b10b0, pending SET-CFG: 0
2025/11/23 23:50:25 ZEBRA: [HSYZM-HV7HF] Extended Error: Strict mode for VRF is disabled
2025/11/23 23:50:25 ZEBRA: [WVJCK-PPMGD][EC 4043309093] netlink-dp (NS 0) error: Operation not permitted, type=RTM_NEWNEXTHOP(104), seq=59, pid=2537293828
2025/11/23 23:50:25 ZEBRA: [HSYZM-HV7HF] Extended Error: Nexthop id does not exist
2025/11/23 23:50:25 ZEBRA: [WVJCK-PPMGD][EC 4043309093] netlink-dp (NS 0) error: Invalid argument, type=RTM_NEWROUTE(24), seq=60, pid=2537293828
2025/11/23 23:50:25 ZEBRA: [X5XE1-RS0SW][EC 4043309074] Failed to install Nexthop (23[if 3 vrfid 0]) into the kernel
2025/11/23 23:50:25 ZEBRA: [VYKYC-709DP] default(0:254):3:3:3:1::/128: Route install failed
2025/11/23 23:50:25 OSPF6: [GZ318-0J443] Zebra: got delete of lo20, but interface is still up
2025/11/23 23:50:26 BGP: [J9K4Q-T8STY][EC 33554466] 1000::1 [FSM] Failure handling event BGP_Start in state Idle, prior events BGP_Stop, (null), fd -1, last reset: Admin. shutdown
2025/11/23 23:50:26 PATH: [NN4XW-E4M3V] IPv6 Router Id updated for VRF 0: 1000::2
2025/11/23 23:50:26 PATH: [NN4XW-E4M3V] IPv6 Router Id updated for VRF 0: 3000::1
2025/11/23 23:51:46 ISIS: [Q7SVW-YVKRH] %ADJCHANGE: Adjacency to 0000.0000.0002 (eth2) for level-2 changed from Unknown to Initializing, unspecified
2025/11/23 23:51:46 ZEBRA: [HSYZM-HV7HF] Extended Error: Label >= configured maximum in platform_labels
2025/11/23 23:51:46 ZEBRA: [WVJCK-PPMGD][EC 4043309093] netlink-dp (NS 0) error: Invalid argument, type=RTM_NEWROUTE(24), seq=111, pid=2537293828
2025/11/23 23:51:46 ZEBRA: [RYJ61-Q2T1D][EC 4043309108] LSP Install Failure: in-label 15000
2025/11/23 23:51:46 ISIS: [Q7SVW-YVKRH] %ADJCHANGE: Adjacency to 0000.0000.0002 (eth2) for level-2 changed from Initializing to Up, unspecified
2025/11/23 23:52:01 BGP: [Q3JZC-9H626] Specify remote-as or peer-group commands first before:  no neighbor 2000::1 shutdown
2025/11/23 23:52:12 BGP: [M59KS-A3ZXZ] bgp_update_receive_eor: rcvd End-of-RIB for IPv4 VPN from 4:4:4::4 in vrf default
2025/11/23 23:52:12 BGP: [M59KS-A3ZXZ] bgp_update_receive_eor: rcvd End-of-RIB for IPv6 Unicast from 4:4:4::4 in vrf default
2025/11/23 23:53:12 BGP: [M59KS-A3ZXZ] bgp_update_receive_eor: rcvd End-of-RIB for IPv6 Unicast from 1000::1 in vrf default
2025/11/23 23:53:19 BGP: [M59KS-A3ZXZ] bgp_update_receive_eor: rcvd End-of-RIB for IPv4 VPN from 6:6:6::6 in vrf default
2025/11/24 02:04:21 BGP: [VQK5M-9G0V1][EC 100663315] CPU starvation: {(event *)0x7fff2f6f37b8 arg=0x7bf1c113d010 ready               (bgp_holdtime_timer)() &(connection->t_holdtime) from bgpd/bgp_fsm.c:448} getting executed 7030297ms late, warning threshold 4000ms. System load: 0.00, 0.00, 0.00
2025/11/24 02:04:21 BGP: [H4B4J-DCW2R][EC 33554455] 5:5:5::5 [Error] bgp_read_packet error: Host is unreachable
2025/11/24 02:04:21 LDP: [VQK5M-9G0V1][EC 100663315] CPU starvation: {(event *)0x7ffcf5e15a88 arg=0x0 ready               lde_gc_timer() &gc_timer from ldpd/lde_lib.c:1053} getting executed 6836321ms late, warning threshold 4000ms. System load: 0.00, 0.00, 0.00
2025/11/24 02:04:21 ZEBRA: [VQK5M-9G0V1][EC 100663315] CPU starvation: {(event *)0x7ffd8ba4c538 arg=0x767033822910 ready               wheel_timer_thread() &wheel->timer from lib/wheel.c:50} getting executed 7052039ms late, warning threshold 4000ms. System load: 26.11, 5.41, 1.75
2025/11/24 02:04:21 ISIS: [VQK5M-9G0V1][EC 100663315] CPU starvation: {(event *)0x7ffeb2b6a5d8 arg=0x7189cc75dc28 ready               send_hello_cb() threadp from isisd/isis_pdu.c:2122} getting executed 7051939ms late, warning threshold 4000ms. System load: 0.00, 0.00, 0.00
2025/11/24 02:04:21 ISIS: [Q7SVW-YVKRH] %ADJCHANGE: Adjacency to pe2 (eth2) for level-2 changed from Up to Down, holding time expired
2025/11/24 02:04:22 ISIS: [Q7SVW-YVKRH] %ADJCHANGE: Adjacency to pe2 (eth2) for level-2 changed from Unknown to Initializing, unspecified
2025/11/24 02:04:22 ISIS: [Q7SVW-YVKRH] %ADJCHANGE: Adjacency to pe2 (eth2) for level-2 changed from Initializing to Down, Neighbor restarted
2025/11/24 02:04:22 ISIS: [TA8MV-N9T5B] no p2p neighbor on circuit eth2
2025/11/24 02:04:22 ISIS: [Q7SVW-YVKRH] %ADJCHANGE: Adjacency to pe2 (eth2) for level-2 changed from Unknown to Initializing, unspecified
2025/11/24 02:04:22 ZEBRA: [HSYZM-HV7HF] Extended Error: Label >= configured maximum in platform_labels
2025/11/24 02:04:22 ZEBRA: [WVJCK-PPMGD][EC 4043309093] netlink-dp (NS 0) error: Invalid argument, type=RTM_NEWROUTE(24), seq=152, pid=2537293828
2025/11/24 02:04:22 ZEBRA: [RYJ61-Q2T1D][EC 4043309108] LSP Install Failure: in-label 15000
2025/11/24 02:04:22 ISIS: [Q7SVW-YVKRH] %ADJCHANGE: Adjacency to pe2 (eth2) for level-2 changed from Initializing to Up, unspecified
2025/11/24 02:04:23 BGP: [H4B4J-DCW2R][EC 33554455] 1000::1 [Error] bgp_read_packet error: Connection reset by peer
2025/11/24 06:25:08 LDP: [VQK5M-9G0V1][EC 100663315] CPU starvation: {(event *)0x7ffcf5e15a88 arg=0x0 ready               lde_gc_timer() &gc_timer from ldpd/lde_lib.c:1053} getting executed 15347217ms late, warning threshold 4000ms. System load: 0.00, 0.00, 0.00
2025/11/24 06:25:09 ISIS: [VQK5M-9G0V1][EC 100663315] CPU starvation: {(event *)0x7ffeb2b6a5d8 arg=0x7189cc6f42e0 ready               lsp_tick() &area->t_tick from isisd/isis_lsp.c:2160} getting executed 15642347ms late, warning threshold 4000ms. System load: 0.00, 0.00, 0.00
2025/11/24 06:25:09 ZEBRA: [VQK5M-9G0V1][EC 100663315] CPU starvation: {(event *)0x7ffd8ba4c538 arg=0x767033822910 ready               wheel_timer_thread() &wheel->timer from lib/wheel.c:50} getting executed 15642554ms late, warning threshold 4000ms. System load: 0.00, 0.00, 0.00
2025/11/24 06:25:09 ISIS: [Q7SVW-YVKRH] %ADJCHANGE: Adjacency to pe2 (eth2) for level-2 changed from Up to Down, holding time expired
2025/11/24 06:25:09 ISIS: [Q7SVW-YVKRH] %ADJCHANGE: Adjacency to pe2 (eth2) for level-2 changed from Unknown to Initializing, unspecified
2025/11/24 06:25:09 ISIS: [Q7SVW-YVKRH] %ADJCHANGE: Adjacency to pe2 (eth2) for level-2 changed from Initializing to Down, Neighbor restarted
2025/11/24 06:25:09 ISIS: [TA8MV-N9T5B] no p2p neighbor on circuit eth2
2025/11/24 06:25:09 BGP: [VQK5M-9G0V1][EC 100663315] CPU starvation: {(event *)0x7fff2f6f37b8 arg=0x7bf1c1a05330 ready               (bgp_connect_timer)() &(connection->t_connect) from bgpd/bgp_fsm.c:362} getting executed 15616571ms late, warning threshold 4000ms. System load: 0.00, 0.00, 0.00
2025/11/24 06:25:09 ISIS: [Q7SVW-YVKRH] %ADJCHANGE: Adjacency to pe2 (eth2) for level-2 changed from Unknown to Initializing, unspecified
2025/11/24 06:25:09 ISIS: [Q7SVW-YVKRH] %ADJCHANGE: Adjacency to pe2 (eth2) for level-2 changed from Initializing to Up, unspecified
2025/11/24 06:25:10 ZEBRA: [HSYZM-HV7HF] Extended Error: Label >= configured maximum in platform_labels
2025/11/24 06:25:10 ZEBRA: [WVJCK-PPMGD][EC 4043309093] netlink-dp (NS 0) error: Invalid argument, type=RTM_NEWROUTE(24), seq=158, pid=2537293828
2025/11/24 06:25:10 ZEBRA: [RYJ61-Q2T1D][EC 4043309108] LSP Install Failure: in-label 15000
2025/11/24 06:25:15 BGP: [M59KS-A3ZXZ] bgp_update_receive_eor: rcvd End-of-RIB for IPv6 Unicast from 1000::1 in vrf default
2025/11/24 06:25:17 BGP: [M59KS-A3ZXZ] bgp_update_receive_eor: rcvd End-of-RIB for IPv4 VPN from 6:6:6::6 in vrf default
2025/11/24 06:25:39 BGP: [M59KS-A3ZXZ] bgp_update_receive_eor: rcvd End-of-RIB for IPv4 VPN from 4:4:4::4 in vrf default
2025/11/24 06:25:39 BGP: [M59KS-A3ZXZ] bgp_update_receive_eor: rcvd End-of-RIB for IPv6 Unicast from 4:4:4::4 in vrf default
                                                                                                                                                                                                                                                                                                                                                                                                                                                                                                                                                                                                                                                                                                                                                                                                                                                                                                                                                                                                                                                                                                                                                                                                                                                                                                                                                                                                                                                                                                                                                                                                                                                                                                                                                                                                                                                                                                                                                                                                                                                                                                                                                                                                                                                                                                                                                                                                                                                                                                                                                                                                                                                                          2025/11/24 06:58:56 LDP: [VTVCM-Y2NW3] Configuration Read in Took: 00:00:00
2025/11/24 06:58:56 LDP: [G6NKK-8C6DV] end_config: VTY:0x7d061f670610, pending SET-CFG: 0
2025/11/24 06:58:56 PATH: [VTVCM-Y2NW3] Configuration Read in Took: 00:00:00
2025/11/24 06:58:56 PATH: [G6NKK-8C6DV] end_config: VTY:0x772fa5080180, pending SET-CFG: 0
2025/11/24 06:58:56 BGP: [M95PE-ZW8F6] VRF default(0): bgp_zebra_process_srv6_locator_internal, Received SRv6 locator loc01 3:3:3::/48, loc-block-len=24, loc-node-len=24 func-len=16, arg-len=0
2025/11/24 06:58:56 OSPF: [VTVCM-Y2NW3] Configuration Read in Took: 00:00:00
2025/11/24 06:58:56 OSPF: [G6NKK-8C6DV] end_config: VTY:0x735af47bd060, pending SET-CFG: 0
2025/11/24 06:58:56 OSPF6: [VTVCM-Y2NW3] Configuration Read in Took: 00:00:00
2025/11/24 06:58:56 OSPF6: [G6NKK-8C6DV] end_config: VTY:0x7b467040a050, pending SET-CFG: 0
2025/11/24 06:58:56 ZEBRA: [V98V0-MTWPF] client 82 says hello and bids fair to announce only isis routes vrf=0
2025/11/24 06:58:56 ZEBRA: [TAFZ7-2C7QV] client protocol instance 1
2025/11/24 06:58:56 PATH: [NN4XW-E4M3V] IPv4 Router Id updated for VRF 0: 3.3.3.3
2025/11/24 06:58:56 BGP: [VTVCM-Y2NW3] Configuration Read in Took: 00:00:00
2025/11/24 06:58:56 BGP: [G6NKK-8C6DV] end_config: VTY:0x7461b1baf0b0, pending SET-CFG: 0
2025/11/24 06:58:56 ISIS: [VTVCM-Y2NW3] Configuration Read in Took: 00:00:00
2025/11/24 06:58:56 ISIS: [G6NKK-8C6DV] end_config: VTY:0x7fda38f561b0, pending SET-CFG: 0
2025/11/24 06:58:56 ISIS: [S89PV-K124N] isis_zebra_process_srv6_locator_internal: Received SRv6 locator loc01 3:3:3::/48, loc-block-len=24, loc-node-len=24 func-len=16, arg-len=0
2025/11/24 06:58:57 ZEBRA: [YDG3W-JND95] FD Limit set: 1048576 is stupidly large.  Is this what you intended?  Consider using --limit-fds also limiting size to 100000
2025/11/24 06:58:57 ZEBRA: [V98V0-MTWPF] client 89 says hello and bids fair to announce only bgp routes vrf=0
2025/11/24 06:58:57 BGP: [J9K4Q-T8STY][EC 33554466] 1000::1 [FSM] Failure handling event BGP_Start in state Idle, prior events BGP_Stop, (null), fd -1, last reset: Admin. shutdown
2025/11/24 06:58:59 PATH: [NN4XW-E4M3V] IPv6 Router Id updated for VRF 0: 3fff:172:20:20:42:acff:fe14:1404
2025/11/24 07:00:44 LDP: [VTVCM-Y2NW3] Configuration Read in Took: 00:00:00
2025/11/24 07:00:44 LDP: [G6NKK-8C6DV] end_config: VTY:0x7a277c0e3610, pending SET-CFG: 0
2025/11/24 07:00:44 BGP: [M95PE-ZW8F6] VRF default(0): bgp_zebra_process_srv6_locator_internal, Received SRv6 locator loc01 3:3:3::/48, loc-block-len=24, loc-node-len=24 func-len=16, arg-len=0
2025/11/24 07:00:44 PATH: [VTVCM-Y2NW3] Configuration Read in Took: 00:00:00
2025/11/24 07:00:44 PATH: [G6NKK-8C6DV] end_config: VTY:0x7568ff892190, pending SET-CFG: 0
2025/11/24 07:00:44 BGP: [VTVCM-Y2NW3] Configuration Read in Took: 00:00:00
2025/11/24 07:00:44 BGP: [G6NKK-8C6DV] end_config: VTY:0x7fce339d30b0, pending SET-CFG: 0
2025/11/24 07:00:44 OSPF: [VTVCM-Y2NW3] Configuration Read in Took: 00:00:00
2025/11/24 07:00:44 OSPF: [G6NKK-8C6DV] end_config: VTY:0x7731b33a2070, pending SET-CFG: 0
2025/11/24 07:00:44 OSPF6: [VTVCM-Y2NW3] Configuration Read in Took: 00:00:00
2025/11/24 07:00:44 OSPF6: [G6NKK-8C6DV] end_config: VTY:0x76072997d050, pending SET-CFG: 0
2025/11/24 07:00:44 STATIC: [VTVCM-Y2NW3] Configuration Read in Took: 00:00:00
2025/11/24 07:00:44 STATIC: [G6NKK-8C6DV] end_config: VTY:0x785f81c850c0, pending SET-CFG: 0
2025/11/24 07:00:44 ZEBRA: [HSYZM-HV7HF] Extended Error: Strict mode for VRF is disabled
2025/11/24 07:00:44 ZEBRA: [WVJCK-PPMGD][EC 4043309093] netlink-dp (NS 0) error: Operation not permitted, type=RTM_NEWNEXTHOP(104), seq=47, pid=3826324213
2025/11/24 07:00:44 ZEBRA: [HSYZM-HV7HF] Extended Error: Nexthop id does not exist
2025/11/24 07:00:44 ZEBRA: [WVJCK-PPMGD][EC 4043309093] netlink-dp (NS 0) error: Invalid argument, type=RTM_NEWROUTE(24), seq=48, pid=3826324213
2025/11/24 07:00:44 ZEBRA: [X5XE1-RS0SW][EC 4043309074] Failed to install Nexthop (18[if 3 vrfid 0]) into the kernel
2025/11/24 07:00:44 ZEBRA: [VYKYC-709DP] default(0:254):3:3:3:1::/128: Route install failed
2025/11/24 07:00:44 ZEBRA: [YDG3W-JND95] FD Limit set: 1048576 is stupidly large.  Is this what you intended?  Consider using --limit-fds also limiting size to 100000
2025/11/24 07:00:44 ZEBRA: [V98V0-MTWPF] client 84 says hello and bids fair to announce only isis routes vrf=0
2025/11/24 07:00:44 ZEBRA: [TAFZ7-2C7QV] client protocol instance 1
2025/11/24 07:00:44 ISIS: [VTVCM-Y2NW3] Configuration Read in Took: 00:00:00
2025/11/24 07:00:44 ISIS: [G6NKK-8C6DV] end_config: VTY:0x7cb1d04491b0, pending SET-CFG: 0
2025/11/24 07:00:44 ISIS: [S89PV-K124N] isis_zebra_process_srv6_locator_internal: Received SRv6 locator loc01 3:3:3::/48, loc-block-len=24, loc-node-len=24 func-len=16, arg-len=0
2025/11/24 07:00:44 OSPF6: [GZ318-0J443] Zebra: got delete of lo20, but interface is still up
2025/11/24 07:00:44 ZEBRA: [YDG3W-JND95] FD Limit set: 1048576 is stupidly large.  Is this what you intended?  Consider using --limit-fds also limiting size to 100000
2025/11/24 07:00:44 ZEBRA: [V98V0-MTWPF] client 89 says hello and bids fair to announce only bgp routes vrf=0
2025/11/24 07:00:45 BGP: [J9K4Q-T8STY][EC 33554466] 1000::1 [FSM] Failure handling event BGP_Start in state Idle, prior events BGP_Stop, (null), fd -1, last reset: Admin. shutdown
2025/11/24 07:00:45 PATH: [NN4XW-E4M3V] IPv6 Router Id updated for VRF 0: 3000::1
2025/11/24 07:03:51 ISIS: [Q7SVW-YVKRH] %ADJCHANGE: Adjacency to 0000.0000.0002 (eth2) for level-2 changed from Unknown to Initializing, unspecified
2025/11/24 07:03:51 ISIS: [Q7SVW-YVKRH] %ADJCHANGE: Adjacency to 0000.0000.0002 (eth2) for level-2 changed from Initializing to Up, unspecified
2025/11/24 07:03:51 ZEBRA: [HSYZM-HV7HF] Extended Error: Label >= configured maximum in platform_labels
2025/11/24 07:03:51 ZEBRA: [WVJCK-PPMGD][EC 4043309093] netlink-dp (NS 0) error: Invalid argument, type=RTM_NEWROUTE(24), seq=103, pid=3826324213
2025/11/24 07:03:51 ZEBRA: [RYJ61-Q2T1D][EC 4043309108] LSP Install Failure: in-label 15000
2025/11/24 07:04:22 BGP: [M59KS-A3ZXZ] bgp_update_receive_eor: rcvd End-of-RIB for IPv4 VPN from 4:4:4::4 in vrf default
2025/11/24 07:04:22 BGP: [M59KS-A3ZXZ] bgp_update_receive_eor: rcvd End-of-RIB for IPv6 Unicast from 4:4:4::4 in vrf default
2025/11/24 07:23:05 BGP: [M59KS-A3ZXZ] bgp_update_receive_eor: rcvd End-of-RIB for IPv4 VPN from 6:6:6::6 in vrf default
2025/11/24 07:23:34 BGP: [M59KS-A3ZXZ] bgp_update_receive_eor: rcvd End-of-RIB for IPv6 Unicast from 1000::1 in vrf default
2025/11/24 07:31:28 BGP: [M59KS-A3ZXZ] bgp_update_receive_eor: rcvd End-of-RIB for IPv4 VPN from 5:5:5::5 in vrf default
2025/11/24 07:31:59 BGP: [M59KS-A3ZXZ] bgp_update_receive_eor: rcvd End-of-RIB for IPv4 VPN from 4:4:4::4 in vrf default
2025/11/24 07:31:59 BGP: [M59KS-A3ZXZ] bgp_update_receive_eor: rcvd End-of-RIB for IPv6 Unicast from 4:4:4::4 in vrf default
2025/11/24 07:32:03 BGP: [M59KS-A3ZXZ] bgp_update_receive_eor: rcvd End-of-RIB for IPv6 Unicast from 1000::1 in vrf default
2025/11/24 07:32:04 BGP: [M59KS-A3ZXZ] bgp_update_receive_eor: rcvd End-of-RIB for IPv4 VPN from 4:4:4::4 in vrf default
2025/11/24 07:32:04 BGP: [M59KS-A3ZXZ] bgp_update_receive_eor: rcvd End-of-RIB for IPv6 Unicast from 4:4:4::4 in vrf default
2025/11/24 07:32:04 BGP: [M59KS-A3ZXZ] bgp_update_receive_eor: rcvd End-of-RIB for IPv4 VPN from 5:5:5::5 in vrf default
2025/11/24 07:32:04 BGP: [M59KS-A3ZXZ] bgp_update_receive_eor: rcvd End-of-RIB for IPv4 VPN from 6:6:6::6 in vrf default
2025/11/24 08:01:12 ISIS: [M7QDW-48DP2] isis_recv_pdu_bcast: ifname eth2, fd 21, bytesread -1, recvfrom(): Network is down
2025/11/24 08:01:12 PATH: [NN4XW-E4M3V] IPv6 Router Id updated for VRF 0: 3:3:3::3
2025/11/24 08:01:12 ISIS: [P42KE-G0CDM] packet is received on multiple interfaces: socket interface 0, circuit interface 52, packet type 0
2025/11/24 08:01:12 ISIS: [PT8ND-1Y17N] isis_recv_pdu_bcast: recvfrom() failed
2025/11/24 08:01:12 ISIS: [Q7SVW-YVKRH] %ADJCHANGE: Adjacency to pe2 (eth2) for level-2 changed from Up to Down, circuit is being brought down
2025/11/24 08:01:12 ISIS: [TBBSQ-HBJMF] IS-IS pfpacket: could not transmit packet on eth2: No such device or address
2025/11/24 08:01:12 ISIS: [G7ZA5-AT06A][EC 67108865] ISIS-Adj (srv6): Send L2 IIH on eth2 failed
2025/11/24 08:01:12 ZEBRA: [SWQK6-6JY63][EC 4043309074] 0:254:2001::/64: Failed to enqueue dataplane install
2025/11/24 08:01:12 ZEBRA: [SWQK6-6JY63][EC 4043309074] 0:254:22:22:22:22::/128: Failed to enqueue dataplane install
2025/11/24 08:01:12 ZEBRA: [SWQK6-6JY63][EC 4043309074] 0:254:2000::/64: Failed to enqueue dataplane install
2025/11/24 08:01:12 ZEBRA: [SWQK6-6JY63][EC 4043309074] 0:254:5:5:5:2::/128: Failed to enqueue dataplane install
2025/11/24 08:01:12 ZEBRA: [SWQK6-6JY63][EC 4043309074] 0:254:6:6:6::/128: Failed to enqueue dataplane install
2025/11/24 08:01:12 ZEBRA: [SWQK6-6JY63][EC 4043309074] 0:254:6:6:6:2::/128: Failed to enqueue dataplane install
2025/11/24 08:01:12 ZEBRA: [SWQK6-6JY63][EC 4043309074] 0:254:4000::/64: Failed to enqueue dataplane install
2025/11/24 08:01:12 ZEBRA: [SWQK6-6JY63][EC 4043309074] 0:254:5:5:5::/128: Failed to enqueue dataplane install
2025/11/24 08:01:12 ZEBRA: [SWQK6-6JY63][EC 4043309074] 0:254:11:11:11:11::/128: Failed to enqueue dataplane install
2025/11/24 08:01:12 ZEBRA: [SWQK6-6JY63][EC 4043309074] 0:254:6:6:6::/48: Failed to enqueue dataplane install
2025/11/24 08:01:12 ZEBRA: [SWQK6-6JY63][EC 4043309074] 0:254:6:6:6::6/128: Failed to enqueue dataplane install
2025/11/24 08:01:12 ZEBRA: [SWQK6-6JY63][EC 4043309074] 0:254:5:5:5::/48: Failed to enqueue dataplane install
2025/11/24 08:01:12 ZEBRA: [SWQK6-6JY63][EC 4043309074] 0:254:5:5:5::5/128: Failed to enqueue dataplane install
2025/11/24 08:01:12 ZEBRA: [SWQK6-6JY63][EC 4043309074] 0:254:4:4:4:2::/128: Failed to enqueue dataplane install
2025/11/24 08:01:12 ZEBRA: [SWQK6-6JY63][EC 4043309074] 0:254:4:4:4::/128: Failed to enqueue dataplane install
2025/11/24 08:01:12 ZEBRA: [SWQK6-6JY63][EC 4043309074] 0:254:3:3:3::/48: Failed to enqueue dataplane install
2025/11/24 08:01:12 ZEBRA: [SWQK6-6JY63][EC 4043309074] 0:254:1001::/64: Failed to enqueue dataplane install
2025/11/24 08:01:12 ZEBRA: [SWQK6-6JY63][EC 4043309074] 0:254:4:4:4::4/128: Failed to enqueue dataplane install
2025/11/24 08:01:12 ZEBRA: [SWQK6-6JY63][EC 4043309074] 0:254:4:4:4::/48: Failed to enqueue dataplane install
2025/11/24 08:01:12 ZEBRA: [HSYZM-HV7HF] Extended Error: Invalid device index
2025/11/24 08:01:12 ZEBRA: [WVJCK-PPMGD][EC 4043309093] netlink-dp (NS 0) error: Invalid argument, type=RTM_NEWNEXTHOP(104), seq=265, pid=3826324213
2025/11/24 08:01:12 ZEBRA: [HSYZM-HV7HF] Extended Error: Nexthop id does not exist
2025/11/24 08:01:12 ZEBRA: [WVJCK-PPMGD][EC 4043309093] netlink-dp (NS 0) error: Invalid argument, type=RTM_NEWROUTE(24), seq=266, pid=3826324213
2025/11/24 08:01:12 ZEBRA: [HSYZM-HV7HF] Extended Error: Nexthop id does not exist
2025/11/24 08:01:12 ZEBRA: [WVJCK-PPMGD][EC 4043309093] netlink-dp (NS 0) error: Invalid argument, type=RTM_NEWROUTE(24), seq=268, pid=3826324213
2025/11/24 08:01:12 ZEBRA: [HSYZM-HV7HF] Extended Error: Nexthop id does not exist
2025/11/24 08:01:12 ZEBRA: [WVJCK-PPMGD][EC 4043309093] netlink-dp (NS 0) error: Invalid argument, type=RTM_NEWROUTE(24), seq=270, pid=3826324213
2025/11/24 08:01:12 ZEBRA: [HSYZM-HV7HF] Extended Error: Nexthop id does not exist
2025/11/24 08:01:12 ZEBRA: [WVJCK-PPMGD][EC 4043309093] netlink-dp (NS 0) error: Invalid argument, type=RTM_NEWROUTE(24), seq=272, pid=3826324213
2025/11/24 08:01:12 ZEBRA: [HSYZM-HV7HF] Extended Error: Nexthop id does not exist
2025/11/24 08:01:12 ZEBRA: [WVJCK-PPMGD][EC 4043309093] netlink-dp (NS 0) error: Invalid argument, type=RTM_NEWROUTE(24), seq=274, pid=3826324213
2025/11/24 08:01:12 ZEBRA: [HSYZM-HV7HF] Extended Error: Nexthop id does not exist
2025/11/24 08:01:12 ZEBRA: [WVJCK-PPMGD][EC 4043309093] netlink-dp (NS 0) error: Invalid argument, type=RTM_NEWROUTE(24), seq=276, pid=3826324213
2025/11/24 08:01:12 ZEBRA: [HSYZM-HV7HF] Extended Error: Nexthop id does not exist
2025/11/24 08:01:12 ZEBRA: [WVJCK-PPMGD][EC 4043309093] netlink-dp (NS 0) error: Invalid argument, type=RTM_NEWROUTE(24), seq=278, pid=3826324213
2025/11/24 08:01:12 ZEBRA: [HSYZM-HV7HF] Extended Error: Nexthop id does not exist
2025/11/24 08:01:12 ZEBRA: [WVJCK-PPMGD][EC 4043309093] netlink-dp (NS 0) error: Invalid argument, type=RTM_NEWROUTE(24), seq=280, pid=3826324213
2025/11/24 08:01:12 ZEBRA: [HSYZM-HV7HF] Extended Error: Nexthop id does not exist
2025/11/24 08:01:12 ZEBRA: [WVJCK-PPMGD][EC 4043309093] netlink-dp (NS 0) error: Invalid argument, type=RTM_NEWROUTE(24), seq=282, pid=3826324213
2025/11/24 08:01:12 ZEBRA: [HSYZM-HV7HF] Extended Error: Nexthop id does not exist
2025/11/24 08:01:12 ZEBRA: [WVJCK-PPMGD][EC 4043309093] netlink-dp (NS 0) error: Invalid argument, type=RTM_NEWROUTE(24), seq=284, pid=3826324213
2025/11/24 08:01:12 ZEBRA: [HSYZM-HV7HF] Extended Error: Nexthop id does not exist
2025/11/24 08:01:12 ZEBRA: [WVJCK-PPMGD][EC 4043309093] netlink-dp (NS 0) error: Invalid argument, type=RTM_NEWROUTE(24), seq=286, pid=3826324213
2025/11/24 08:01:12 ZEBRA: [HSYZM-HV7HF] Extended Error: Nexthop id does not exist
2025/11/24 08:01:12 ZEBRA: [WVJCK-PPMGD][EC 4043309093] netlink-dp (NS 0) error: Invalid argument, type=RTM_NEWROUTE(24), seq=288, pid=3826324213
2025/11/24 08:01:12 ZEBRA: [HSYZM-HV7HF] Extended Error: Nexthop id does not exist
2025/11/24 08:01:12 ZEBRA: [WVJCK-PPMGD][EC 4043309093] netlink-dp (NS 0) error: Invalid argument, type=RTM_NEWROUTE(24), seq=290, pid=3826324213
2025/11/24 08:01:12 ZEBRA: [X5XE1-RS0SW][EC 4043309074] Failed to install Nexthop (127[]) into the kernel
2025/11/24 08:01:12 ZEBRA: [VYKYC-709DP] default(0:254):5:5:5::/48: Route install failed
2025/11/24 08:01:12 ZEBRA: [VYKYC-709DP] default(0:254):5:5:5::5/128: Route install failed
2025/11/24 08:01:12 ZEBRA: [VYKYC-709DP] default(0:254):6:6:6::/48: Route install failed
2025/11/24 08:01:12 ZEBRA: [VYKYC-709DP] default(0:254):6:6:6::6/128: Route install failed
2025/11/24 08:01:12 ZEBRA: [VYKYC-709DP] default(0:254):5:5:5::/128: Route install failed
2025/11/24 08:01:12 ZEBRA: [VYKYC-709DP] default(0:254):5:5:5:2::/128: Route install failed
2025/11/24 08:01:12 ZEBRA: [VYKYC-709DP] default(0:254):6:6:6::/128: Route install failed
2025/11/24 08:01:12 ZEBRA: [VYKYC-709DP] default(0:254):6:6:6:2::/128: Route install failed
2025/11/24 08:01:12 ZEBRA: [VYKYC-709DP] default(0:254):11:11:11:11::/128: Route install failed
2025/11/24 08:01:12 ZEBRA: [VYKYC-709DP] default(0:254):22:22:22:22::/128: Route install failed
2025/11/24 08:01:12 ZEBRA: [VYKYC-709DP] default(0:254):2000::/64: Route install failed
2025/11/24 08:01:12 ZEBRA: [VYKYC-709DP] default(0:254):2001::/64: Route install failed
2025/11/24 08:01:12 ZEBRA: [VYKYC-709DP] default(0:254):4000::/64: Route install failed
2025/11/24 08:01:50 OSPF: [VTVCM-Y2NW3] Configuration Read in Took: 00:00:00
2025/11/24 08:01:50 OSPF: [G6NKK-8C6DV] end_config: VTY:0x71875f13e060, pending SET-CFG: 0
2025/11/24 08:01:50 OSPF6: [VTVCM-Y2NW3] Configuration Read in Took: 00:00:00
2025/11/24 08:01:50 OSPF6: [G6NKK-8C6DV] end_config: VTY:0x7c2b70f8f050, pending SET-CFG: 0
2025/11/24 08:01:50 LDP: [VTVCM-Y2NW3] Configuration Read in Took: 00:00:00
2025/11/24 08:01:50 LDP: [G6NKK-8C6DV] end_config: VTY:0x79ff8dceb610, pending SET-CFG: 0
2025/11/24 08:01:50 BGP: [VTVCM-Y2NW3] Configuration Read in Took: 00:00:00
2025/11/24 08:01:50 BGP: [G6NKK-8C6DV] end_config: VTY:0x7483f4b870b0, pending SET-CFG: 0
2025/11/24 08:01:50 ISIS: [VTVCM-Y2NW3] Configuration Read in Took: 00:00:00
2025/11/24 08:01:50 ISIS: [G6NKK-8C6DV] end_config: VTY:0x7d4a41bbc1b0, pending SET-CFG: 0
2025/11/24 08:01:50 OSPF6: [GZ318-0J443] Zebra: got delete of eth0, but interface is still up
2025/11/24 08:01:50 ZEBRA: [YDG3W-JND95] FD Limit set: 1048576 is stupidly large.  Is this what you intended?  Consider using --limit-fds also limiting size to 100000
2025/11/24 08:01:50 ZEBRA: [V98V0-MTWPF] client 84 says hello and bids fair to announce only bgp routes vrf=0
2025/11/24 08:01:50 STATIC: [VTVCM-Y2NW3] Configuration Read in Took: 00:00:00
2025/11/24 08:01:50 STATIC: [G6NKK-8C6DV] end_config: VTY:0x7e568538e0c0, pending SET-CFG: 0
2025/11/24 08:01:50 PATH: [VTVCM-Y2NW3] Configuration Read in Took: 00:00:00
2025/11/24 08:01:50 PATH: [G6NKK-8C6DV] end_config: VTY:0x782e74d75190, pending SET-CFG: 0
2025/11/24 08:01:50 OSPF6: [GZ318-0J443] Zebra: got delete of eth3, but interface is still up
2025/11/24 08:01:51 OSPF6: [GZ318-0J443] Zebra: got delete of lo20, but interface is still up
2025/11/24 08:06:10 STATIC: [S4MGP-4WQTA] route_notify_owner: Route 100.0.0.0/32 failed to install for table: 20
2025/11/24 08:06:10 PATH: [NN4XW-E4M3V] IPv4 Router Id updated for VRF 0: 3.3.3.3
2025/11/24 08:06:10 PATH: [NN4XW-E4M3V] IPv6 Router Id updated for VRF 0: 3:3:3::3
2025/11/24 08:06:10 ZEBRA: [YDG3W-JND95] FD Limit set: 1048576 is stupidly large.  Is this what you intended?  Consider using --limit-fds also limiting size to 100000
2025/11/24 08:06:10 ZEBRA: [V98V0-MTWPF] client 91 says hello and bids fair to announce only isis routes vrf=0
2025/11/24 08:06:10 ZEBRA: [TAFZ7-2C7QV] client protocol instance 1
2025/11/24 08:06:10 BGP: [M95PE-ZW8F6] VRF default(0): bgp_zebra_process_srv6_locator_internal, Received SRv6 locator loc01 3:3:3::/48, loc-block-len=24, loc-node-len=24 func-len=16, arg-len=0
2025/11/24 08:06:10 ISIS: [S89PV-K124N] isis_zebra_process_srv6_locator_internal: Received SRv6 locator loc01 3:3:3::/48, loc-block-len=24, loc-node-len=24 func-len=16, arg-len=0
2025/11/24 08:06:11 PATH: [NN4XW-E4M3V] IPv6 Router Id updated for VRF 0: 3000::1
2025/11/24 08:06:36 ISIS: [Q7SVW-YVKRH] %ADJCHANGE: Adjacency to 0000.0000.0002 (eth2) for level-2 changed from Unknown to Initializing, unspecified
2025/11/24 08:06:36 ZEBRA: [HSYZM-HV7HF] Extended Error: Label >= configured maximum in platform_labels
2025/11/24 08:06:36 ZEBRA: [WVJCK-PPMGD][EC 4043309093] netlink-dp (NS 0) error: Invalid argument, type=RTM_NEWROUTE(24), seq=126, pid=2915299546
2025/11/24 08:06:36 ZEBRA: [RYJ61-Q2T1D][EC 4043309108] LSP Install Failure: in-label 15000
2025/11/24 08:06:36 ISIS: [Q7SVW-YVKRH] %ADJCHANGE: Adjacency to 0000.0000.0002 (eth2) for level-2 changed from Initializing to Up, unspecified
2025/11/24 08:06:37 BGP: [M59KS-A3ZXZ] bgp_update_receive_eor: rcvd End-of-RIB for IPv6 Unicast from 1000::1 in vrf default
2025/11/24 08:07:07 BGP: [M59KS-A3ZXZ] bgp_update_receive_eor: rcvd End-of-RIB for IPv4 VPN from 4:4:4::4 in vrf default
2025/11/24 08:07:07 BGP: [M59KS-A3ZXZ] bgp_update_receive_eor: rcvd End-of-RIB for IPv6 Unicast from 4:4:4::4 in vrf default
2025/11/24 08:08:12 BGP: [M59KS-A3ZXZ] bgp_update_receive_eor: rcvd End-of-RIB for IPv4 VPN from 5:5:5::5 in vrf default
2025/11/24 08:08:45 BGP: [M59KS-A3ZXZ] bgp_update_receive_eor: rcvd End-of-RIB for IPv4 VPN from 6:6:6::6 in vrf default
2025/11/24 09:09:51 ZEBRA: [HSYZM-HV7HF] Extended Error: Label >= configured maximum in platform_labels
2025/11/24 09:09:51 ZEBRA: [WVJCK-PPMGD][EC 4043309093] netlink-dp (NS 0) error: Invalid argument, type=RTM_NEWROUTE(24), seq=350, pid=2915299546
2025/11/24 09:09:51 ZEBRA: [RYJ61-Q2T1D][EC 4043309108] LSP Install Failure: in-label 15000
2025/11/27 01:48:52 OSPF: [VTVCM-Y2NW3] Configuration Read in Took: 00:00:00
2025/11/27 01:48:52 OSPF: [G6NKK-8C6DV] end_config: VTY:0x77ba7a9ff060, pending SET-CFG: 0
2025/11/27 01:48:52 LDP: [VTVCM-Y2NW3] Configuration Read in Took: 00:00:00
2025/11/27 01:48:52 LDP: [G6NKK-8C6DV] end_config: VTY:0x7dc1ec2c9610, pending SET-CFG: 0
2025/11/27 01:48:52 ISIS: [VTVCM-Y2NW3] Configuration Read in Took: 00:00:00
2025/11/27 01:48:52 ISIS: [G6NKK-8C6DV] end_config: VTY:0x7323c897e1b0, pending SET-CFG: 0
2025/11/27 01:48:52 OSPF6: [VTVCM-Y2NW3] Configuration Read in Took: 00:00:00
2025/11/27 01:48:52 OSPF6: [G6NKK-8C6DV] end_config: VTY:0x72b377630050, pending SET-CFG: 0
2025/11/27 01:48:52 BGP: [VTVCM-Y2NW3] Configuration Read in Took: 00:00:00
2025/11/27 01:48:52 BGP: [G6NKK-8C6DV] end_config: VTY:0x7cd2a5a5e0b0, pending SET-CFG: 0
2025/11/27 01:48:52 PATH: [VTVCM-Y2NW3] Configuration Read in Took: 00:00:00
2025/11/27 01:48:52 PATH: [G6NKK-8C6DV] end_config: VTY:0x7fb8597e3180, pending SET-CFG: 0
2025/11/27 01:48:52 STATIC: [VTVCM-Y2NW3] Configuration Read in Took: 00:00:00
2025/11/27 01:48:52 STATIC: [G6NKK-8C6DV] end_config: VTY:0x73683ad6b0c0, pending SET-CFG: 0
2025/11/27 01:48:52 ZEBRA: [YDG3W-JND95] FD Limit set: 1048576 is stupidly large.  Is this what you intended?  Consider using --limit-fds also limiting size to 100000
2025/11/27 01:48:52 ZEBRA: [V98V0-MTWPF] client 84 says hello and bids fair to announce only bgp routes vrf=0
2025/11/27 01:50:14 ZEBRA: [VQK5M-9G0V1][EC 100663315] CPU starvation: {(event *)0x7fff5e23dd48 arg=0x7b95fe084910 ready               wheel_timer_thread() &wheel->timer from lib/wheel.c:50} getting executed 7847ms late, warning threshold 4000ms. System load: 1.15, 0.70, 0.27
2025/11/29 09:38:33 OSPF6: [VTVCM-Y2NW3] Configuration Read in Took: 00:00:00
2025/11/29 09:38:33 OSPF6: [G6NKK-8C6DV] end_config: VTY:0x745143b64050, pending SET-CFG: 0
2025/11/29 09:38:33 BGP: [VTVCM-Y2NW3] Configuration Read in Took: 00:00:00
2025/11/29 09:38:33 BGP: [G6NKK-8C6DV] end_config: VTY:0x7afc7a4700b0, pending SET-CFG: 0
2025/11/29 09:38:33 LDP: [VTVCM-Y2NW3] Configuration Read in Took: 00:00:00
2025/11/29 09:38:33 LDP: [G6NKK-8C6DV] end_config: VTY:0x79bbde0d3600, pending SET-CFG: 0
2025/11/29 09:38:33 OSPF: [VTVCM-Y2NW3] Configuration Read in Took: 00:00:00
2025/11/29 09:38:33 OSPF: [G6NKK-8C6DV] end_config: VTY:0x74338dd14050, pending SET-CFG: 0
2025/11/29 09:38:33 ISIS: [VTVCM-Y2NW3] Configuration Read in Took: 00:00:00
2025/11/29 09:38:33 ISIS: [G6NKK-8C6DV] end_config: VTY:0x750d622901b0, pending SET-CFG: 0
2025/11/29 09:38:33 STATIC: [VTVCM-Y2NW3] Configuration Read in Took: 00:00:00
2025/11/29 09:38:33 STATIC: [G6NKK-8C6DV] end_config: VTY:0x7ab2965de0b0, pending SET-CFG: 0
2025/11/29 09:38:33 PATH: [VTVCM-Y2NW3] Configuration Read in Took: 00:00:00
2025/11/29 09:38:33 PATH: [G6NKK-8C6DV] end_config: VTY:0x7119c6d48180, pending SET-CFG: 0
2025/11/29 09:38:33 ZEBRA: [YDG3W-JND95] FD Limit set: 1048576 is stupidly large.  Is this what you intended?  Consider using --limit-fds also limiting size to 100000
2025/11/29 09:38:33 ZEBRA: [V98V0-MTWPF] client 84 says hello and bids fair to announce only bgp routes vrf=0
2025/11/29 09:39:19 ZEBRA: [VQK5M-9G0V1][EC 100663315] CPU starvation: {(event *)0x7fffc088cc48 arg=0x750c4fecf910 ready               wheel_timer_thread() &wheel->timer from lib/wheel.c:50} getting executed 4598ms late, warning threshold 4000ms. System load: 2.58, 0.92, 0.33
2025/11/29 09:39:39 ZEBRA: [VQK5M-9G0V1][EC 100663315] CPU starvation: {(event *)0x7fffc088cc48 arg=0x750c4fecf910 ready               wheel_timer_thread() &wheel->timer from lib/wheel.c:50} getting executed 6035ms late, warning threshold 4000ms. System load: 2.01, 0.88, 0.32
2025/11/29 09:39:52 ZEBRA: [VQK5M-9G0V1][EC 100663315] CPU starvation: {(event *)0x7fffc088cc48 arg=0x750c4fecf910 ready               wheel_timer_thread() &wheel->timer from lib/wheel.c:50} getting executed 4570ms late, warning threshold 4000ms. System load: 1.56, 0.84, 0.32
2025/11/29 09:40:19 ZEBRA: [VQK5M-9G0V1][EC 100663315] CPU starvation: {(event *)0x7fffc088cc48 arg=0x750c4fecf910 ready               wheel_timer_thread() &wheel->timer from lib/wheel.c:50} getting executed 16391ms late, warning threshold 4000ms. System load: 1.39, 0.85, 0.34
2025/11/29 09:42:49 LDP: [VTVCM-Y2NW3] Configuration Read in Took: 00:00:00
2025/11/29 09:42:49 LDP: [G6NKK-8C6DV] end_config: VTY:0x7f780989b610, pending SET-CFG: 0
2025/11/29 09:42:49 OSPF: [VTVCM-Y2NW3] Configuration Read in Took: 00:00:00
2025/11/29 09:42:49 OSPF: [G6NKK-8C6DV] end_config: VTY:0x78abf72d5070, pending SET-CFG: 0
2025/11/29 09:42:49 ISIS: [VTVCM-Y2NW3] Configuration Read in Took: 00:00:00
2025/11/29 09:42:49 ISIS: [G6NKK-8C6DV] end_config: VTY:0x73fc8667a1b0, pending SET-CFG: 0
2025/11/29 09:42:49 OSPF6: [VTVCM-Y2NW3] Configuration Read in Took: 00:00:00
2025/11/29 09:42:49 OSPF6: [G6NKK-8C6DV] end_config: VTY:0x75260a001050, pending SET-CFG: 0
2025/11/29 09:42:49 STATIC: [VTVCM-Y2NW3] Configuration Read in Took: 00:00:00
2025/11/29 09:42:49 STATIC: [G6NKK-8C6DV] end_config: VTY:0x7d57462420c0, pending SET-CFG: 0
2025/11/29 09:42:49 BGP: [VTVCM-Y2NW3] Configuration Read in Took: 00:00:00
2025/11/29 09:42:49 BGP: [G6NKK-8C6DV] end_config: VTY:0x723d52d3c0b0, pending SET-CFG: 0
2025/11/29 09:42:49 PATH: [VTVCM-Y2NW3] Configuration Read in Took: 00:00:00
2025/11/29 09:42:49 PATH: [G6NKK-8C6DV] end_config: VTY:0x747f4d0b2190, pending SET-CFG: 0
2025/11/29 09:42:49 ZEBRA: [YDG3W-JND95] FD Limit set: 1048576 is stupidly large.  Is this what you intended?  Consider using --limit-fds also limiting size to 100000
2025/11/29 09:42:49 ZEBRA: [V98V0-MTWPF] client 84 says hello and bids fair to announce only bgp routes vrf=0
2025/11/29 09:42:49 OSPF6: [GZ318-0J443] Zebra: got delete of lo20, but interface is still up
2025/11/29 09:45:34 OSPF: [VTVCM-Y2NW3] Configuration Read in Took: 00:00:00
2025/11/29 09:45:34 OSPF: [G6NKK-8C6DV] end_config: VTY:0x740223f4a070, pending SET-CFG: 0
2025/11/29 09:45:34 LDP: [VTVCM-Y2NW3] Configuration Read in Took: 00:00:00
2025/11/29 09:45:34 LDP: [G6NKK-8C6DV] end_config: VTY:0x74aeffe56610, pending SET-CFG: 0
2025/11/29 09:45:34 BGP: [VTVCM-Y2NW3] Configuration Read in Took: 00:00:00
2025/11/29 09:45:34 BGP: [G6NKK-8C6DV] end_config: VTY:0x71f4a1cc80b0, pending SET-CFG: 0
2025/11/29 09:45:34 OSPF6: [VTVCM-Y2NW3] Configuration Read in Took: 00:00:00
2025/11/29 09:45:34 OSPF6: [G6NKK-8C6DV] end_config: VTY:0x782c980fa050, pending SET-CFG: 0
2025/11/29 09:45:34 ZEBRA: [YDG3W-JND95] FD Limit set: 1048576 is stupidly large.  Is this what you intended?  Consider using --limit-fds also limiting size to 100000
2025/11/29 09:45:34 ZEBRA: [V98V0-MTWPF] client 84 says hello and bids fair to announce only bgp routes vrf=0
2025/11/29 09:45:34 STATIC: [VTVCM-Y2NW3] Configuration Read in Took: 00:00:00
2025/11/29 09:45:34 STATIC: [G6NKK-8C6DV] end_config: VTY:0x7cb025b140c0, pending SET-CFG: 0
2025/11/29 09:45:34 PATH: [VTVCM-Y2NW3] Configuration Read in Took: 00:00:00
2025/11/29 09:45:34 PATH: [G6NKK-8C6DV] end_config: VTY:0x717ad5e48190, pending SET-CFG: 0
2025/11/29 09:45:34 ISIS: [VTVCM-Y2NW3] Configuration Read in Took: 00:00:00
2025/11/29 09:45:34 ISIS: [G6NKK-8C6DV] end_config: VTY:0x768b56af51b0, pending SET-CFG: 0
2025/11/29 09:45:35 OSPF6: [GZ318-0J443] Zebra: got delete of lo20, but interface is still up
2025/11/29 09:53:06 STATIC: [S4MGP-4WQTA] route_notify_owner: Route 100.0.0.0/32 failed to install for table: 20
2025/11/29 09:53:07 PATH: [NN4XW-E4M3V] IPv4 Router Id updated for VRF 0: 3.3.3.3
2025/11/29 09:53:07 PATH: [NN4XW-E4M3V] IPv6 Router Id updated for VRF 0: 3:3:3::3
2025/11/29 09:53:07 ZEBRA: [YDG3W-JND95] FD Limit set: 1048576 is stupidly large.  Is this what you intended?  Consider using --limit-fds also limiting size to 100000
2025/11/29 09:53:07 ZEBRA: [V98V0-MTWPF] client 91 says hello and bids fair to announce only isis routes vrf=0
2025/11/29 09:53:07 ZEBRA: [TAFZ7-2C7QV] client protocol instance 1
2025/11/29 09:53:07 BGP: [M95PE-ZW8F6] VRF default(0): bgp_zebra_process_srv6_locator_internal, Received SRv6 locator loc01 3:3:3::/48, loc-block-len=24, loc-node-len=24 func-len=16, arg-len=0
2025/11/29 09:53:07 ISIS: [S89PV-K124N] isis_zebra_process_srv6_locator_internal: Received SRv6 locator loc01 3:3:3::/48, loc-block-len=24, loc-node-len=24 func-len=16, arg-len=0
2025/11/29 09:53:08 PATH: [NN4XW-E4M3V] IPv6 Router Id updated for VRF 0: 3000::1
2025/11/29 09:53:26 ISIS: [Q7SVW-YVKRH] %ADJCHANGE: Adjacency to 0000.0000.0002 (eth2) for level-2 changed from Unknown to Initializing, unspecified
2025/11/29 09:53:26 ZEBRA: [HSYZM-HV7HF] Extended Error: Label >= configured maximum in platform_labels
2025/11/29 09:53:26 ZEBRA: [WVJCK-PPMGD][EC 4043309093] netlink-dp (NS 0) error: Invalid argument, type=RTM_NEWROUTE(24), seq=97, pid=2526477234
2025/11/29 09:53:26 ZEBRA: [RYJ61-Q2T1D][EC 4043309108] LSP Install Failure: in-label 15000
2025/11/29 09:53:26 ISIS: [Q7SVW-YVKRH] %ADJCHANGE: Adjacency to 0000.0000.0002 (eth2) for level-2 changed from Initializing to Up, unspecified
2025/11/29 09:53:27 BGP: [M59KS-A3ZXZ] bgp_update_receive_eor: rcvd End-of-RIB for IPv6 Unicast from 1000::1 in vrf default
2025/11/29 09:53:56 BGP: [MVZKX-EG443][EC 33554452] bgp_process_packet: BGP OPEN receipt failed for peer: 4:4:4::4
2025/11/29 09:53:57 BGP: [M59KS-A3ZXZ] bgp_update_receive_eor: rcvd End-of-RIB for IPv4 VPN from 4:4:4::4 in vrf default
2025/11/29 09:53:57 BGP: [M59KS-A3ZXZ] bgp_update_receive_eor: rcvd End-of-RIB for IPv6 Unicast from 4:4:4::4 in vrf default
2025/11/29 09:56:16 BGP: [M59KS-A3ZXZ] bgp_update_receive_eor: rcvd End-of-RIB for IPv4 VPN from 5:5:5::5 in vrf default
2025/11/29 09:56:37 BGP: [M59KS-A3ZXZ] bgp_update_receive_eor: rcvd End-of-RIB for IPv4 VPN from 6:6:6::6 in vrf default
