2025/11/20 01:31:13 LDP: [VTVCM-Y2NW3] Configuration Read in Took: 00:00:00
2025/11/20 01:31:13 LDP: [G6NKK-8C6DV] end_config: VTY:0x79bc28fec610, pending SET-CFG: 0
2025/11/20 01:31:13 OSPF: [VTVCM-Y2NW3] Configuration Read in Took: 00:00:00
2025/11/20 01:31:13 OSPF: [G6NKK-8C6DV] end_config: VTY:0x7873fcd5a070, pending SET-CFG: 0
2025/11/20 01:31:13 OSPF6: [VTVCM-Y2NW3] Configuration Read in Took: 00:00:00
2025/11/20 01:31:13 OSPF6: [G6NKK-8C6DV] end_config: VTY:0x74ab13721050, pending SET-CFG: 0
2025/11/20 01:31:13 PATH: [VTVCM-Y2NW3] Configuration Read in Took: 00:00:00
2025/11/20 01:31:13 PATH: [G6NKK-8C6DV] end_config: VTY:0x7373cc183190, pending SET-CFG: 0
2025/11/20 01:31:13 ISIS: [VTVCM-Y2NW3] Configuration Read in Took: 00:00:00
2025/11/20 01:31:13 ISIS: [G6NKK-8C6DV] end_config: VTY:0x75e1258221b0, pending SET-CFG: 0
2025/11/20 01:31:13 BGP: [VTVCM-Y2NW3] Configuration Read in Took: 00:00:00
2025/11/20 01:31:13 BGP: [G6NKK-8C6DV] end_config: VTY:0x7de7072c60b0, pending SET-CFG: 0
2025/11/20 01:31:13 STATIC: [VTVCM-Y2NW3] Configuration Read in Took: 00:00:00
2025/11/20 01:31:13 STATIC: [G6NKK-8C6DV] end_config: VTY:0x745baddeb0c0, pending SET-CFG: 0
2025/11/20 01:31:13 ZEBRA: [YDG3W-JND95] FD Limit set: 1048576 is stupidly large.  Is this what you intended?  Consider using --limit-fds also limiting size to 100000
2025/11/20 01:31:13 ZEBRA: [V98V0-MTWPF] client 84 says hello and bids fair to announce only bgp routes vrf=0
2025/11/20 01:32:31 ZEBRA: [VQK5M-9G0V1][EC 100663315] CPU starvation: {(event *)0x7fffce536c28 arg=0x7fad5c130910 ready               wheel_timer_thread() &wheel->timer from lib/wheel.c:50} getting executed 4731ms late, warning threshold 4000ms. System load: 0.22, 0.13, 0.10
2025/11/20 01:46:08 ZEBRA: [VQK5M-9G0V1][EC 100663315] CPU starvation: {(event *)0x7fffce536c28 arg=0x7fad5c130910 ready               wheel_timer_thread() &wheel->timer from lib/wheel.c:50} getting executed 4194ms late, warning threshold 4000ms. System load: 0.11, 0.07, 0.07
2025/11/20 01:48:42 ZEBRA: [VQK5M-9G0V1][EC 100663315] CPU starvation: {(event *)0x7fffce536c28 arg=0x7fad5c130910 ready               wheel_timer_thread() &wheel->timer from lib/wheel.c:50} getting executed 4828ms late, warning threshold 4000ms. System load: 0.16, 0.09, 0.08
2025/11/20 01:51:15 ZEBRA: [VQK5M-9G0V1][EC 100663315] CPU starvation: {(event *)0x7fffce536c28 arg=0x7fad5c130910 ready               wheel_timer_thread() &wheel->timer from lib/wheel.c:50} getting executed 5666ms late, warning threshold 4000ms. System load: 0.25, 0.12, 0.09
2025/11/20 02:10:36 OSPF6: [VTVCM-Y2NW3] Configuration Read in Took: 00:00:00
2025/11/20 02:10:36 OSPF6: [G6NKK-8C6DV] end_config: VTY:0x7aa62008c050, pending SET-CFG: 0
2025/11/20 02:10:36 OSPF: [VTVCM-Y2NW3] Configuration Read in Took: 00:00:00
2025/11/20 02:10:36 OSPF: [G6NKK-8C6DV] end_config: VTY:0x7576158e7070, pending SET-CFG: 0
2025/11/20 02:10:36 LDP: [VTVCM-Y2NW3] Configuration Read in Took: 00:00:00
2025/11/20 02:10:36 LDP: [G6NKK-8C6DV] end_config: VTY:0x749b94037610, pending SET-CFG: 0
2025/11/20 02:10:36 BGP: [VTVCM-Y2NW3] Configuration Read in Took: 00:00:00
2025/11/20 02:10:36 BGP: [G6NKK-8C6DV] end_config: VTY:0x7678b56d10b0, pending SET-CFG: 0
2025/11/20 02:10:36 ISIS: [VTVCM-Y2NW3] Configuration Read in Took: 00:00:00
2025/11/20 02:10:36 ISIS: [G6NKK-8C6DV] end_config: VTY:0x7c5fe5c341b0, pending SET-CFG: 0
2025/11/20 02:10:36 STATIC: [VTVCM-Y2NW3] Configuration Read in Took: 00:00:00
2025/11/20 02:10:36 STATIC: [G6NKK-8C6DV] end_config: VTY:0x7ac17bdc10c0, pending SET-CFG: 0
2025/11/20 02:10:36 PATH: [VTVCM-Y2NW3] Configuration Read in Took: 00:00:00
2025/11/20 02:10:36 PATH: [G6NKK-8C6DV] end_config: VTY:0x7ae8fd64b190, pending SET-CFG: 0
2025/11/20 02:10:37 ZEBRA: [YDG3W-JND95] FD Limit set: 1048576 is stupidly large.  Is this what you intended?  Consider using --limit-fds also limiting size to 100000
2025/11/20 02:10:37 ZEBRA: [V98V0-MTWPF] client 84 says hello and bids fair to announce only bgp routes vrf=0
2025/11/20 02:20:54 PATH: [NN4XW-E4M3V] IPv6 Router Id updated for VRF 0: 2000::a8c1:abff:fe2b:8a0
2025/11/20 03:02:52 PATH: [NN4XW-E4M3V] IPv4 Router Id updated for VRF 0: 4.4.4.4
2025/11/20 03:12:18 BGP: [M59KS-A3ZXZ] bgp_update_receive_eor: rcvd End-of-RIB for IPv6 Unicast from 2000::1 in vrf default
2025/11/20 11:35:03 ZEBRA: [VQK5M-9G0V1][EC 100663315] CPU starvation: {(event *)0x7ffe265490e8 arg=0x796d93bda910 ready               wheel_timer_thread() &wheel->timer from lib/wheel.c:50} getting executed 78402ms late, warning threshold 4000ms. System load: 0.43, 1.32, 1.50
2025/11/20 11:35:03 BGP: [VQK5M-9G0V1][EC 100663315] CPU starvation: {(event *)0x7ffe554d5308 arg=0x7678b5b25650 ready               (bgp_holdtime_timer)() &(connection->t_holdtime) from bgpd/bgp_fsm.c:448} getting executed 56653ms late, warning threshold 4000ms. System load: 0.43, 1.32, 1.50
2025/11/20 11:35:05 BGP: [H4B4J-DCW2R][EC 33554455] 2000::1 [Error] bgp_read_packet error: Connection reset by peer
2025/11/20 11:35:19 BGP: [M59KS-A3ZXZ] bgp_update_receive_eor: rcvd End-of-RIB for IPv6 Unicast from 2000::1 in vrf default
2025/11/20 14:48:10 ZEBRA: [VQK5M-9G0V1][EC 100663315] CPU starvation: {(event *)0x7ffe265490e8 arg=0x796d93bda910 ready               wheel_timer_thread() &wheel->timer from lib/wheel.c:50} getting executed 236111ms late, warning threshold 4000ms. System load: 0.02, 0.60, 1.11
2025/11/20 14:48:10 BGP: [VQK5M-9G0V1][EC 100663315] CPU starvation: {(event *)0x7ffe554d5308 arg=0x7678b5b25970 ready               (bgp_holdtime_timer)() &(connection->t_holdtime) from bgpd/bgp_fsm.c:448} getting executed 212498ms late, warning threshold 4000ms. System load: 0.02, 0.60, 1.11
2025/11/20 14:48:10 LDP: [VQK5M-9G0V1][EC 100663315] CPU starvation: {(event *)0x7fff296391c8 arg=0x0 ready               lde_gc_timer() &gc_timer from ldpd/lde_lib.c:1053} getting executed 138670ms late, warning threshold 4000ms. System load: 0.02, 0.60, 1.11
2025/11/20 14:48:13 BGP: [M59KS-A3ZXZ] bgp_update_receive_eor: rcvd End-of-RIB for IPv6 Unicast from 2000::1 in vrf default
2025/11/20 14:53:10 PATH: [NN4XW-E4M3V] IPv6 Router Id updated for VRF 0: 2000::2
2025/11/20 14:53:10 PATH: [NN4XW-E4M3V] IPv6 Router Id updated for VRF 0: 4:4:4:4::
2025/11/20 14:53:10 ZEBRA: [SWQK6-6JY63][EC 4043309074] 0:254:3:3:3:3::/128: Failed to enqueue dataplane install
2025/11/20 14:53:10 ZEBRA: [SWQK6-6JY63][EC 4043309074] 0:254:1000::/64: Failed to enqueue dataplane install
2025/11/20 14:53:10 ZEBRA: [SWQK6-6JY63][EC 4043309074] 0:254:11:11:11:11::/128: Failed to enqueue dataplane install
2025/11/20 14:53:10 ZEBRA: [SWQK6-6JY63][EC 4043309074] 0:254:22:22:22:22::/128: Failed to enqueue dataplane install
2025/11/20 22:54:03 LDP: [VTVCM-Y2NW3] Configuration Read in Took: 00:00:00
2025/11/20 22:54:03 LDP: [G6NKK-8C6DV] end_config: VTY:0x7b3e35d7e610, pending SET-CFG: 0
2025/11/20 22:54:03 OSPF: [VTVCM-Y2NW3] Configuration Read in Took: 00:00:00
2025/11/20 22:54:03 OSPF: [G6NKK-8C6DV] end_config: VTY:0x759392f62070, pending SET-CFG: 0
2025/11/20 22:54:03 ISIS: [VTVCM-Y2NW3] Configuration Read in Took: 00:00:00
2025/11/20 22:54:03 ISIS: [G6NKK-8C6DV] end_config: VTY:0x72673c09b1b0, pending SET-CFG: 0
2025/11/20 22:54:03 BGP: [VTVCM-Y2NW3] Configuration Read in Took: 00:00:00
2025/11/20 22:54:03 BGP: [G6NKK-8C6DV] end_config: VTY:0x7e85e49ff0b0, pending SET-CFG: 0
2025/11/20 22:54:03 PATH: [VTVCM-Y2NW3] Configuration Read in Took: 00:00:00
2025/11/20 22:54:03 PATH: [G6NKK-8C6DV] end_config: VTY:0x70d308291190, pending SET-CFG: 0
2025/11/20 22:54:03 OSPF6: [VTVCM-Y2NW3] Configuration Read in Took: 00:00:00
2025/11/20 22:54:03 OSPF6: [G6NKK-8C6DV] end_config: VTY:0x746fd3959050, pending SET-CFG: 0
2025/11/20 22:54:03 STATIC: [VTVCM-Y2NW3] Configuration Read in Took: 00:00:00
2025/11/20 22:54:03 STATIC: [G6NKK-8C6DV] end_config: VTY:0x712ddbadc0c0, pending SET-CFG: 0
2025/11/20 22:54:04 ZEBRA: [YDG3W-JND95] FD Limit set: 1048576 is stupidly large.  Is this what you intended?  Consider using --limit-fds also limiting size to 100000
2025/11/20 22:54:04 ZEBRA: [V98V0-MTWPF] client 84 says hello and bids fair to announce only bgp routes vrf=0
2025/11/20 23:05:55 PATH: [NN4XW-E4M3V] IPv6 Router Id updated for VRF 0: 2000::a8c1:abff:fea4:479d
2025/11/21 00:59:53 PATH: [NN4XW-E4M3V] IPv4 Router Id updated for VRF 0: 4.4.4.4
2025/11/21 01:00:24 BGP: [H4B4J-DCW2R][EC 33554455] 2000::1 [Error] bgp_read_packet error: Connection reset by peer
2025/11/21 01:00:30 BGP: [H4B4J-DCW2R][EC 33554455] 2000::1 [Error] bgp_read_packet error: Connection reset by peer
2025/11/21 01:00:43 BGP: [M59KS-A3ZXZ] bgp_update_receive_eor: rcvd End-of-RIB for IPv6 Unicast from 2000::1 in vrf default
2025/11/21 01:10:41 BGP: [M59KS-A3ZXZ] bgp_update_receive_eor: rcvd End-of-RIB for IPv6 Unicast from 3:3:3:3:: in vrf default
2025/11/21 01:24:38 ISIS: [S89PV-K124N] isis_zebra_process_srv6_locator_internal: Received SRv6 locator loc01 4:4:4::/48, loc-block-len=24, loc-node-len=24 func-len=16, arg-len=0
2025/11/21 01:24:38 ISIS: [W30AM-KK7ZK] isis_zebra_process_srv6_locator_internal: SRv6 Locator name unmatch :loc01
2025/11/21 01:29:15 ZEBRA: [YDG3W-JND95] FD Limit set: 1048576 is stupidly large.  Is this what you intended?  Consider using --limit-fds also limiting size to 100000
2025/11/21 01:29:15 ZEBRA: [V98V0-MTWPF] client 90 says hello and bids fair to announce only isis routes vrf=0
2025/11/21 01:29:15 ZEBRA: [TAFZ7-2C7QV] client protocol instance 1
2025/11/21 01:30:13 OSPF6: [GZ318-0J443] Zebra: got delete of lo20, but interface is still up
2025/11/21 01:34:00 BGP: [M59KS-A3ZXZ] bgp_update_receive_eor: rcvd End-of-RIB for IPv6 Unicast from 3:3:3:3:: in vrf default
2025/11/21 01:35:04 BGP: [M95PE-ZW8F6] VRF default(0): bgp_zebra_process_srv6_locator_internal, Received SRv6 locator loc01 4:4:4::/48, loc-block-len=24, loc-node-len=24 func-len=16, arg-len=0
2025/11/21 03:58:39 PATH: [NN4XW-E4M3V] IPv6 Router Id updated for VRF 0: 2000::2
2025/11/21 03:58:39 PATH: [NN4XW-E4M3V] IPv6 Router Id updated for VRF 0: 4:4:4:4::
2025/11/21 03:58:39 ZEBRA: [SWQK6-6JY63][EC 4043309074] 0:254:22:22:22:22::/128: Failed to enqueue dataplane install
2025/11/21 03:58:39 ZEBRA: [SWQK6-6JY63][EC 4043309074] 0:254:3:3:3:3::/128: Failed to enqueue dataplane install
2025/11/21 03:58:39 ZEBRA: [SWQK6-6JY63][EC 4043309074] 0:254:11:11:11:11::/128: Failed to enqueue dataplane install
2025/11/21 03:58:39 ZEBRA: [SWQK6-6JY63][EC 4043309074] 0:254:1000::/64: Failed to enqueue dataplane install
2025/11/21 04:13:34 OSPF: [VTVCM-Y2NW3] Configuration Read in Took: 00:00:00
2025/11/21 04:13:34 OSPF: [G6NKK-8C6DV] end_config: VTY:0x72d041d82060, pending SET-CFG: 0
2025/11/21 04:13:34 LDP: [VTVCM-Y2NW3] Configuration Read in Took: 00:00:00
2025/11/21 04:13:34 LDP: [G6NKK-8C6DV] end_config: VTY:0x74e9df5b0610, pending SET-CFG: 0
2025/11/21 04:13:34 OSPF6: [VTVCM-Y2NW3] Configuration Read in Took: 00:00:00
2025/11/21 04:13:34 OSPF6: [G6NKK-8C6DV] end_config: VTY:0x790cbb44a050, pending SET-CFG: 0
2025/11/21 04:13:34 STATIC: [VTVCM-Y2NW3] Configuration Read in Took: 00:00:00
2025/11/21 04:13:34 STATIC: [G6NKK-8C6DV] end_config: VTY:0x76ded47440c0, pending SET-CFG: 0
2025/11/21 04:13:34 ISIS: [VTVCM-Y2NW3] Configuration Read in Took: 00:00:00
2025/11/21 04:13:34 ISIS: [G6NKK-8C6DV] end_config: VTY:0x72df727101b0, pending SET-CFG: 0
2025/11/21 04:13:34 BGP: [VTVCM-Y2NW3] Configuration Read in Took: 00:00:00
2025/11/21 04:13:34 BGP: [G6NKK-8C6DV] end_config: VTY:0x72577ef840b0, pending SET-CFG: 0
2025/11/21 04:13:34 PATH: [VTVCM-Y2NW3] Configuration Read in Took: 00:00:00
2025/11/21 04:13:34 PATH: [G6NKK-8C6DV] end_config: VTY:0x7afe845ca190, pending SET-CFG: 0
2025/11/21 04:13:34 OSPF6: [GZ318-0J443] Zebra: got delete of eth2, but interface is still up
2025/11/21 04:13:34 ZEBRA: [YDG3W-JND95] FD Limit set: 1048576 is stupidly large.  Is this what you intended?  Consider using --limit-fds also limiting size to 100000
2025/11/21 04:13:34 ZEBRA: [V98V0-MTWPF] client 84 says hello and bids fair to announce only bgp routes vrf=0
2025/11/21 04:13:35 OSPF6: [GZ318-0J443] Zebra: got delete of lo20, but interface is still up
2025/11/21 04:17:44 BGP: [VTVCM-Y2NW3] Configuration Read in Took: 00:00:00
2025/11/21 04:17:44 BGP: [G6NKK-8C6DV] end_config: VTY:0x7d0235ed20b0, pending SET-CFG: 0
2025/11/21 04:17:44 OSPF6: [VTVCM-Y2NW3] Configuration Read in Took: 00:00:00
2025/11/21 04:17:44 OSPF6: [G6NKK-8C6DV] end_config: VTY:0x7d8650f91050, pending SET-CFG: 0
2025/11/21 04:17:44 ISIS: [VTVCM-Y2NW3] Configuration Read in Took: 00:00:00
2025/11/21 04:17:44 ISIS: [G6NKK-8C6DV] end_config: VTY:0x7a32325e01b0, pending SET-CFG: 0
2025/11/21 04:17:44 OSPF: [VTVCM-Y2NW3] Configuration Read in Took: 00:00:00
2025/11/21 04:17:44 OSPF: [G6NKK-8C6DV] end_config: VTY:0x7d9fe9ce3070, pending SET-CFG: 0
2025/11/21 04:17:44 LDP: [VTVCM-Y2NW3] Configuration Read in Took: 00:00:00
2025/11/21 04:17:44 LDP: [G6NKK-8C6DV] end_config: VTY:0x70382b64f610, pending SET-CFG: 0
2025/11/21 04:17:44 STATIC: [VTVCM-Y2NW3] Configuration Read in Took: 00:00:00
2025/11/21 04:17:44 STATIC: [G6NKK-8C6DV] end_config: VTY:0x7f2bc55030c0, pending SET-CFG: 0
2025/11/21 04:17:44 PATH: [VTVCM-Y2NW3] Configuration Read in Took: 00:00:00
2025/11/21 04:17:44 PATH: [G6NKK-8C6DV] end_config: VTY:0x70aa7ef1b190, pending SET-CFG: 0
2025/11/21 04:17:44 ZEBRA: [YDG3W-JND95] FD Limit set: 1048576 is stupidly large.  Is this what you intended?  Consider using --limit-fds also limiting size to 100000
2025/11/21 04:17:44 ZEBRA: [V98V0-MTWPF] client 84 says hello and bids fair to announce only bgp routes vrf=0
2025/11/21 04:17:44 OSPF6: [GZ318-0J443] Zebra: got delete of lo20, but interface is still up
2025/11/21 04:44:10 OSPF: [VTVCM-Y2NW3] Configuration Read in Took: 00:00:00
2025/11/21 04:44:10 OSPF: [G6NKK-8C6DV] end_config: VTY:0x7ee6d55d8070, pending SET-CFG: 0
2025/11/21 04:44:10 LDP: [VTVCM-Y2NW3] Configuration Read in Took: 00:00:00
2025/11/21 04:44:10 LDP: [G6NKK-8C6DV] end_config: VTY:0x70312499f610, pending SET-CFG: 0
2025/11/21 04:44:10 OSPF6: [VTVCM-Y2NW3] Configuration Read in Took: 00:00:00
2025/11/21 04:44:10 OSPF6: [G6NKK-8C6DV] end_config: VTY:0x713c7078d050, pending SET-CFG: 0
2025/11/21 04:44:10 STATIC: [VTVCM-Y2NW3] Configuration Read in Took: 00:00:00
2025/11/21 04:44:10 STATIC: [G6NKK-8C6DV] end_config: VTY:0x784ab85220c0, pending SET-CFG: 0
2025/11/21 04:44:10 ISIS: [VTVCM-Y2NW3] Configuration Read in Took: 00:00:00
2025/11/21 04:44:10 ISIS: [G6NKK-8C6DV] end_config: VTY:0x77a2218131b0, pending SET-CFG: 0
2025/11/21 04:44:10 PATH: [VTVCM-Y2NW3] Configuration Read in Took: 00:00:00
2025/11/21 04:44:10 PATH: [G6NKK-8C6DV] end_config: VTY:0x73535f6d6190, pending SET-CFG: 0
2025/11/21 04:44:10 BGP: [VTVCM-Y2NW3] Configuration Read in Took: 00:00:00
2025/11/21 04:44:10 BGP: [G6NKK-8C6DV] end_config: VTY:0x70d82c18e0b0, pending SET-CFG: 0
2025/11/21 04:44:10 ZEBRA: [YDG3W-JND95] FD Limit set: 1048576 is stupidly large.  Is this what you intended?  Consider using --limit-fds also limiting size to 100000
2025/11/21 04:44:10 ZEBRA: [V98V0-MTWPF] client 84 says hello and bids fair to announce only bgp routes vrf=0
2025/11/21 04:44:11 OSPF6: [GZ318-0J443] Zebra: got delete of lo20, but interface is still up
2025/11/21 05:20:51 PATH: [NN4XW-E4M3V] IPv4 Router Id updated for VRF 0: 4.4.4.4
2025/11/21 05:20:51 PATH: [NN4XW-E4M3V] IPv6 Router Id updated for VRF 0: 4:4:4::4
2025/11/21 05:20:51 BGP: [Q3JZC-9H626] Specify remote-as or peer-group commands first before:   neighbor 2001::1 activate
2025/11/21 05:20:51 ZEBRA: [YDG3W-JND95] FD Limit set: 1048576 is stupidly large.  Is this what you intended?  Consider using --limit-fds also limiting size to 100000
2025/11/21 05:20:51 ZEBRA: [V98V0-MTWPF] client 91 says hello and bids fair to announce only isis routes vrf=0
2025/11/21 05:20:51 ZEBRA: [TAFZ7-2C7QV] client protocol instance 1
2025/11/21 05:20:51 BGP: [M95PE-ZW8F6] VRF default(0): bgp_zebra_process_srv6_locator_internal, Received SRv6 locator loc01 4:4:4::/48, loc-block-len=24, loc-node-len=24 func-len=16, arg-len=0
2025/11/21 05:20:51 ISIS: [S89PV-K124N] isis_zebra_process_srv6_locator_internal: Received SRv6 locator loc01 4:4:4::/48, loc-block-len=24, loc-node-len=24 func-len=16, arg-len=0
2025/11/21 05:20:51 ISIS: [Q7SVW-YVKRH] %ADJCHANGE: Adjacency to 0000.0000.0001 (eth2) for level-2 changed from Unknown to Initializing, unspecified
2025/11/21 05:20:51 ISIS: [Q7SVW-YVKRH] %ADJCHANGE: Adjacency to 0000.0000.0001 (eth2) for level-2 changed from Initializing to Up, unspecified
2025/11/21 05:20:51 ZEBRA: [HSYZM-HV7HF] Extended Error: Label >= configured maximum in platform_labels
2025/11/21 05:20:51 ZEBRA: [WVJCK-PPMGD][EC 4043309093] netlink-dp (NS 0) error: Invalid argument, type=RTM_NEWROUTE(24), seq=78, pid=4123300994
2025/11/21 05:20:51 ZEBRA: [RYJ61-Q2T1D][EC 4043309108] LSP Install Failure: in-label 15000
2025/11/21 05:20:53 PATH: [NN4XW-E4M3V] IPv6 Router Id updated for VRF 0: 1001::2
2025/11/21 05:20:53 PATH: [NN4XW-E4M3V] IPv6 Router Id updated for VRF 0: 3000::2
2025/11/21 05:59:02 BGP: [M95PE-ZW8F6] VRF default(0): bgp_zebra_process_srv6_locator_internal, Received SRv6 locator loc01 4:4:4::/48, loc-block-len=24, loc-node-len=24 func-len=16, arg-len=0
2025/11/21 05:59:05 BGP: [H4B4J-DCW2R][EC 33554455] 1001::1 [Error] bgp_read_packet error: Connection reset by peer
2025/11/21 05:59:17 BGP: [H4B4J-DCW2R][EC 33554455] 1001::1 [Error] bgp_read_packet error: Connection reset by peer
2025/11/21 05:59:28 BGP: [MVZKX-EG443][EC 33554452] bgp_process_packet: BGP OPEN receipt failed for peer: 3:3:3::3
2025/11/21 05:59:30 BGP: [MVZKX-EG443][EC 33554452] bgp_process_packet: BGP OPEN receipt failed for peer: 3:3:3::3
2025/11/21 05:59:34 BGP: [MVZKX-EG443][EC 33554452] bgp_process_packet: BGP OPEN receipt failed for peer: 3:3:3::3
2025/11/21 05:59:40 BGP: [M59KS-A3ZXZ] bgp_update_receive_eor: rcvd End-of-RIB for IPv4 VPN from 3:3:3::3 in vrf default
2025/11/21 05:59:40 BGP: [M59KS-A3ZXZ] bgp_update_receive_eor: rcvd End-of-RIB for IPv6 Unicast from 3:3:3::3 in vrf default
2025/11/21 06:03:10 BGP: [M59KS-A3ZXZ] bgp_update_receive_eor: rcvd End-of-RIB for IPv6 Unicast from 1001::1 in vrf default
2025/11/21 06:05:29 BGP: [Q3JZC-9H626] Specify remote-as or peer-group commands first before:  neighbor 4:4:4::4 description pe3
2025/11/21 06:05:29 BGP: [Q3JZC-9H626] Specify remote-as or peer-group commands first before:  neighbor 4:4:4::4 update-source sr0
2025/11/21 06:05:29 BGP: [Q3JZC-9H626] Specify remote-as or peer-group commands first before:  neighbor 4:4:4::4 capability extended-nexthop
2025/11/21 06:05:29 BGP: [Q3JZC-9H626] Specify remote-as or peer-group commands first before:  neighbor 4:4:4::4 capability extended-nexthop
2025/11/21 06:05:29 BGP: [Q3JZC-9H626] Specify remote-as or peer-group commands first before:   neighbor 4:4:4::4 activate
2025/11/21 06:06:43 BGP: [Q3JZC-9H626] Specify remote-as or peer-group commands first before:  neighbor 4:4:4::4 description pe3
2025/11/21 06:06:43 BGP: [Q3JZC-9H626] Specify remote-as or peer-group commands first before:  neighbor 4:4:4::4 ebgp-multihop 255
2025/11/21 06:06:43 BGP: [Q3JZC-9H626] Specify remote-as or peer-group commands first before:  neighbor 4:4:4::4 update-source sr0
2025/11/21 06:06:43 BGP: [Q3JZC-9H626] Specify remote-as or peer-group commands first before:  neighbor 4:4:4::4 capability extended-nexthop
2025/11/21 06:06:43 BGP: [Q3JZC-9H626] Specify remote-as or peer-group commands first before:  neighbor 4:4:4::4 capability extended-nexthop
2025/11/21 06:09:12 BGP: [M59KS-A3ZXZ] bgp_update_receive_eor: rcvd End-of-RIB for IPv4 VPN from 3:3:3::3 in vrf default
2025/11/21 06:09:12 BGP: [M59KS-A3ZXZ] bgp_update_receive_eor: rcvd End-of-RIB for IPv6 Unicast from 3:3:3::3 in vrf default
2025/11/21 06:13:06 BGP: [M59KS-A3ZXZ] bgp_update_receive_eor: rcvd End-of-RIB for IPv4 VPN from 6:6:6::6 in vrf default
2025/11/21 06:13:14 BGP: [M59KS-A3ZXZ] bgp_update_receive_eor: rcvd End-of-RIB for IPv4 VPN from 5:5:5::5 in vrf default
2025/11/21 13:22:56 BGP: [M59KS-A3ZXZ] bgp_update_receive_eor: rcvd End-of-RIB for IPv4 VPN from 3:3:3::3 in vrf default
2025/11/21 13:22:56 BGP: [M59KS-A3ZXZ] bgp_update_receive_eor: rcvd End-of-RIB for IPv6 Unicast from 3:3:3::3 in vrf default
2025/11/21 13:25:23 BGP: [M59KS-A3ZXZ] bgp_update_receive_eor: rcvd End-of-RIB for IPv4 VPN from 3:3:3::3 in vrf default
2025/11/21 13:25:23 BGP: [M59KS-A3ZXZ] bgp_update_receive_eor: rcvd End-of-RIB for IPv6 Unicast from 3:3:3::3 in vrf default
2025/11/21 14:01:36 ZEBRA: [SWQK6-6JY63][EC 4043309074] 0:254:2000::/64: Failed to enqueue dataplane install
2025/11/21 14:01:36 ZEBRA: [SWQK6-6JY63][EC 4043309074] 0:254:2001::/64: Failed to enqueue dataplane install
2025/11/21 14:01:36 ZEBRA: [SWQK6-6JY63][EC 4043309074] 0:254:22:22:22:22::/128: Failed to enqueue dataplane install
2025/11/21 14:01:36 ZEBRA: [SWQK6-6JY63][EC 4043309074] 0:254:6:6:6:2::/128: Failed to enqueue dataplane install
2025/11/21 14:01:36 ZEBRA: [SWQK6-6JY63][EC 4043309074] 0:254:4000::/64: Failed to enqueue dataplane install
2025/11/21 14:01:36 ZEBRA: [SWQK6-6JY63][EC 4043309074] 0:254:5:5:5:2::/128: Failed to enqueue dataplane install
2025/11/21 14:01:36 ZEBRA: [SWQK6-6JY63][EC 4043309074] 0:254:6:6:6::/128: Failed to enqueue dataplane install
2025/11/21 14:01:36 ZEBRA: [SWQK6-6JY63][EC 4043309074] 0:254:5:5:5::/128: Failed to enqueue dataplane install
2025/11/21 14:01:36 ZEBRA: [SWQK6-6JY63][EC 4043309074] 0:254:6:6:6::6/128: Failed to enqueue dataplane install
2025/11/21 14:01:36 ZEBRA: [SWQK6-6JY63][EC 4043309074] 0:254:6:6:6::/48: Failed to enqueue dataplane install
2025/11/21 14:01:36 ZEBRA: [SWQK6-6JY63][EC 4043309074] 0:254:5:5:5::5/128: Failed to enqueue dataplane install
2025/11/21 14:01:36 ZEBRA: [SWQK6-6JY63][EC 4043309074] 0:254:5:5:5::/48: Failed to enqueue dataplane install
2025/11/21 14:01:36 ZEBRA: [SWQK6-6JY63][EC 4043309074] 0:254:11:11:11:11::/128: Failed to enqueue dataplane install
2025/11/21 14:01:36 ZEBRA: [HSYZM-HV7HF] Extended Error: Label >= configured maximum in platform_labels
2025/11/21 14:01:36 ZEBRA: [WVJCK-PPMGD][EC 4043309093] netlink-dp (NS 0) error: Invalid argument, type=RTM_NEWROUTE(24), seq=431, pid=4123300994
2025/11/21 14:01:36 ZEBRA: [RYJ61-Q2T1D][EC 4043309108] LSP Install Failure: in-label 15000
2025/11/21 14:01:36 ISIS: [Q7SVW-YVKRH] %ADJCHANGE: Adjacency to pe1 (eth2) for level-2 changed from Up to Down, circuit is being brought down
2025/11/21 14:01:36 ISIS: [TBBSQ-HBJMF] IS-IS pfpacket: could not transmit packet on eth2: Network is down
2025/11/21 14:01:36 ISIS: [G7ZA5-AT06A][EC 67108865] ISIS-Adj (srv6): Send L2 IIH on eth2 failed
2025/11/21 14:01:36 PATH: [NN4XW-E4M3V] IPv6 Router Id updated for VRF 0: 4:4:4::4
2025/11/21 14:01:36 ZEBRA: [SWQK6-6JY63][EC 4043309074] 0:254:4:4:4::/48: Failed to enqueue dataplane install
2025/11/21 14:01:36 ZEBRA: [SWQK6-6JY63][EC 4043309074] 0:254:3:3:3:2::/128: Failed to enqueue dataplane install
2025/11/21 14:01:36 ZEBRA: [SWQK6-6JY63][EC 4043309074] 0:254:3:3:3::/128: Failed to enqueue dataplane install
2025/11/21 14:01:36 ZEBRA: [SWQK6-6JY63][EC 4043309074] 0:254:1000::/64: Failed to enqueue dataplane install
2025/11/21 14:01:36 ZEBRA: [SWQK6-6JY63][EC 4043309074] 0:254:3:3:3::3/128: Failed to enqueue dataplane install
2025/11/21 14:01:36 ZEBRA: [SWQK6-6JY63][EC 4043309074] 0:254:3:3:3::/48: Failed to enqueue dataplane install
2025/11/22 22:10:38 LDP: [VTVCM-Y2NW3] Configuration Read in Took: 00:00:00
2025/11/22 22:10:38 LDP: [G6NKK-8C6DV] end_config: VTY:0x719c6ab3e610, pending SET-CFG: 0
2025/11/22 22:10:38 PATH: [VTVCM-Y2NW3] Configuration Read in Took: 00:00:00
2025/11/22 22:10:38 PATH: [G6NKK-8C6DV] end_config: VTY:0x74ed8cdd1190, pending SET-CFG: 0
2025/11/22 22:10:38 OSPF6: [VTVCM-Y2NW3] Configuration Read in Took: 00:00:00
2025/11/22 22:10:38 OSPF6: [G6NKK-8C6DV] end_config: VTY:0x7ea1a9139050, pending SET-CFG: 0
2025/11/22 22:10:38 PATH: [NN4XW-E4M3V] IPv6 Router Id updated for VRF 0: 4:4:4::4
2025/11/22 22:10:38 STATIC: [VTVCM-Y2NW3] Configuration Read in Took: 00:00:00
2025/11/22 22:10:38 STATIC: [G6NKK-8C6DV] end_config: VTY:0x75fdbf1760c0, pending SET-CFG: 0
2025/11/22 22:10:38 OSPF: [VTVCM-Y2NW3] Configuration Read in Took: 00:00:00
2025/11/22 22:10:38 OSPF: [G6NKK-8C6DV] end_config: VTY:0x78d2cc1e7070, pending SET-CFG: 0
2025/11/22 22:10:38 BGP: [M95PE-ZW8F6] VRF default(0): bgp_zebra_process_srv6_locator_internal, Received SRv6 locator loc01 4:4:4::/48, loc-block-len=24, loc-node-len=24 func-len=16, arg-len=0
2025/11/22 22:10:38 ZEBRA: [YDG3W-JND95] FD Limit set: 1048576 is stupidly large.  Is this what you intended?  Consider using --limit-fds also limiting size to 100000
2025/11/22 22:10:38 ZEBRA: [V98V0-MTWPF] client 84 says hello and bids fair to announce only isis routes vrf=0
2025/11/22 22:10:38 ZEBRA: [TAFZ7-2C7QV] client protocol instance 1
2025/11/22 22:10:38 BGP: [VTVCM-Y2NW3] Configuration Read in Took: 00:00:00
2025/11/22 22:10:38 BGP: [G6NKK-8C6DV] end_config: VTY:0x74de61ac50b0, pending SET-CFG: 0
2025/11/22 22:10:38 ZEBRA: [HSYZM-HV7HF] Extended Error: Strict mode for VRF is disabled
2025/11/22 22:10:38 ZEBRA: [WVJCK-PPMGD][EC 4043309093] netlink-dp (NS 0) error: Operation not permitted, type=RTM_NEWNEXTHOP(104), seq=51, pid=4191490795
2025/11/22 22:10:38 ZEBRA: [HSYZM-HV7HF] Extended Error: Nexthop id does not exist
2025/11/22 22:10:38 ZEBRA: [WVJCK-PPMGD][EC 4043309093] netlink-dp (NS 0) error: Invalid argument, type=RTM_NEWROUTE(24), seq=52, pid=4191490795
2025/11/22 22:10:38 ZEBRA: [X5XE1-RS0SW][EC 4043309074] Failed to install Nexthop (18[if 3 vrfid 0]) into the kernel
2025/11/22 22:10:38 ZEBRA: [VYKYC-709DP] default(0:254):4:4:4:1::/128: Route install failed
2025/11/22 22:10:38 ISIS: [VTVCM-Y2NW3] Configuration Read in Took: 00:00:00
2025/11/22 22:10:38 ISIS: [G6NKK-8C6DV] end_config: VTY:0x742a27b101b0, pending SET-CFG: 0
2025/11/22 22:10:38 ISIS: [S89PV-K124N] isis_zebra_process_srv6_locator_internal: Received SRv6 locator loc01 4:4:4::/48, loc-block-len=24, loc-node-len=24 func-len=16, arg-len=0
2025/11/22 22:10:38 ZEBRA: [YDG3W-JND95] FD Limit set: 1048576 is stupidly large.  Is this what you intended?  Consider using --limit-fds also limiting size to 100000
2025/11/22 22:10:38 ZEBRA: [V98V0-MTWPF] client 89 says hello and bids fair to announce only bgp routes vrf=0
2025/11/22 22:10:39 OSPF6: [GZ318-0J443] Zebra: got delete of lo20, but interface is still up
2025/11/22 22:10:39 ISIS: [VAS9N-1JNNR] PDU drop detected of type: P2P IIH. 1 Total Drops; 0 L1 IIH drops;  0 L2 IIH drops; 1 P2P IIH drops; 0 L1 LSP drops; 0 L2 LSP drops; 0 FS LSP drops; 0 L1 CSNP drops; 0 L2 CSNP drops; 0 L1 PSNP drops; 0 L2 PSNP drops.
2025/11/22 22:10:40 PATH: [NN4XW-E4M3V] IPv6 Router Id updated for VRF 0: 1001::2
2025/11/22 22:10:40 PATH: [NN4XW-E4M3V] IPv6 Router Id updated for VRF 0: 3000::2
2025/11/22 22:10:41 ISIS: [Q7SVW-YVKRH] %ADJCHANGE: Adjacency to 0000.0000.0001 (eth2) for level-2 changed from Unknown to Initializing, unspecified
2025/11/22 22:10:41 ISIS: [Q7SVW-YVKRH] %ADJCHANGE: Adjacency to 0000.0000.0001 (eth2) for level-2 changed from Initializing to Up, unspecified
2025/11/22 22:10:41 ZEBRA: [HSYZM-HV7HF] Extended Error: Label >= configured maximum in platform_labels
2025/11/22 22:10:41 ZEBRA: [WVJCK-PPMGD][EC 4043309093] netlink-dp (NS 0) error: Invalid argument, type=RTM_NEWROUTE(24), seq=81, pid=4191490795
2025/11/22 22:10:41 ZEBRA: [RYJ61-Q2T1D][EC 4043309108] LSP Install Failure: in-label 15000
2025/11/22 22:11:10 BGP: [M59KS-A3ZXZ] bgp_update_receive_eor: rcvd End-of-RIB for IPv4 VPN from 3:3:3::3 in vrf default
2025/11/22 22:11:10 BGP: [M59KS-A3ZXZ] bgp_update_receive_eor: rcvd End-of-RIB for IPv6 Unicast from 3:3:3::3 in vrf default
2025/11/22 22:11:30 ZEBRA: [HSYZM-HV7HF] Extended Error: Label >= configured maximum in platform_labels
2025/11/22 22:11:30 ZEBRA: [WVJCK-PPMGD][EC 4043309093] netlink-dp (NS 0) error: Invalid argument, type=RTM_NEWROUTE(24), seq=101, pid=4191490795
2025/11/22 22:11:30 ZEBRA: [RYJ61-Q2T1D][EC 4043309108] LSP Install Failure: in-label 15000
2025/11/22 22:11:48 BGP: [M59KS-A3ZXZ] bgp_update_receive_eor: rcvd End-of-RIB for IPv6 Unicast from 1001::1 in vrf default
2025/11/22 22:11:52 BGP: [M59KS-A3ZXZ] bgp_update_receive_eor: rcvd End-of-RIB for IPv4 VPN from 5:5:5::5 in vrf default
2025/11/22 22:11:52 BGP: [M59KS-A3ZXZ] bgp_update_receive_eor: rcvd End-of-RIB for IPv4 VPN from 6:6:6::6 in vrf default
2025/11/23 23:23:20 OSPF: [VTVCM-Y2NW3] Configuration Read in Took: 00:00:01
2025/11/23 23:23:20 OSPF: [G6NKK-8C6DV] end_config: VTY:0x7ce0fa78e060, pending SET-CFG: 0
2025/11/23 23:23:20 LDP: [VTVCM-Y2NW3] Configuration Read in Took: 00:00:00
2025/11/23 23:23:20 LDP: [G6NKK-8C6DV] end_config: VTY:0x7ad2a063d610, pending SET-CFG: 0
2025/11/23 23:23:20 PATH: [VTVCM-Y2NW3] Configuration Read in Took: 00:00:00
2025/11/23 23:23:20 PATH: [G6NKK-8C6DV] end_config: VTY:0x7500ec6d7180, pending SET-CFG: 0
2025/11/23 23:23:20 STATIC: [VTVCM-Y2NW3] Configuration Read in Took: 00:00:00
2025/11/23 23:23:20 STATIC: [G6NKK-8C6DV] end_config: VTY:0x7ff17648d0c0, pending SET-CFG: 0
2025/11/23 23:23:20 OSPF6: [VTVCM-Y2NW3] Configuration Read in Took: 00:00:00
2025/11/23 23:23:20 OSPF6: [G6NKK-8C6DV] end_config: VTY:0x769288fb5050, pending SET-CFG: 0
2025/11/23 23:23:20 BGP: [M95PE-ZW8F6] VRF default(0): bgp_zebra_process_srv6_locator_internal, Received SRv6 locator loc01 4:4:4::/48, loc-block-len=24, loc-node-len=24 func-len=16, arg-len=0
2025/11/23 23:23:20 ZEBRA: [YDG3W-JND95] FD Limit set: 1048576 is stupidly large.  Is this what you intended?  Consider using --limit-fds also limiting size to 100000
2025/11/23 23:23:20 ZEBRA: [V98V0-MTWPF] client 84 says hello and bids fair to announce only isis routes vrf=0
2025/11/23 23:23:20 ZEBRA: [TAFZ7-2C7QV] client protocol instance 1
2025/11/23 23:23:20 BGP: [VTVCM-Y2NW3] Configuration Read in Took: 00:00:00
2025/11/23 23:23:20 BGP: [G6NKK-8C6DV] end_config: VTY:0x78116e0b20b0, pending SET-CFG: 0
2025/11/23 23:23:20 ISIS: [VTVCM-Y2NW3] Configuration Read in Took: 00:00:00
2025/11/23 23:23:20 ISIS: [G6NKK-8C6DV] end_config: VTY:0x74cf23c121b0, pending SET-CFG: 0
2025/11/23 23:23:20 ISIS: [S89PV-K124N] isis_zebra_process_srv6_locator_internal: Received SRv6 locator loc01 4:4:4::/48, loc-block-len=24, loc-node-len=24 func-len=16, arg-len=0
2025/11/23 23:23:20 ZEBRA: [YDG3W-JND95] FD Limit set: 1048576 is stupidly large.  Is this what you intended?  Consider using --limit-fds also limiting size to 100000
2025/11/23 23:23:20 ZEBRA: [V98V0-MTWPF] client 89 says hello and bids fair to announce only bgp routes vrf=0
2025/11/23 23:23:22 PATH: [NN4XW-E4M3V] IPv6 Router Id updated for VRF 0: 3fff:172:20:20:42:acff:fe14:1405
2025/11/23 23:28:43 LDP: [VTVCM-Y2NW3] Configuration Read in Took: 00:00:00
2025/11/23 23:28:43 LDP: [G6NKK-8C6DV] end_config: VTY:0x741a6ef05610, pending SET-CFG: 0
2025/11/23 23:28:43 OSPF: [VTVCM-Y2NW3] Configuration Read in Took: 00:00:00
2025/11/23 23:28:43 OSPF: [G6NKK-8C6DV] end_config: VTY:0x7eb62effc060, pending SET-CFG: 0
2025/11/23 23:28:43 OSPF6: [VTVCM-Y2NW3] Configuration Read in Took: 00:00:00
2025/11/23 23:28:43 OSPF6: [G6NKK-8C6DV] end_config: VTY:0x717be99fc050, pending SET-CFG: 0
2025/11/23 23:28:43 ZEBRA: [VTVCM-Y2NW3] Configuration Read in Took: 00:00:00
2025/11/23 23:28:43 ZEBRA: [G6NKK-8C6DV] end_config: VTY:0x75a6a4320c60, pending SET-CFG: 0
2025/11/23 23:28:43 STATIC: [VTVCM-Y2NW3] Configuration Read in Took: 00:00:00
2025/11/23 23:28:43 STATIC: [G6NKK-8C6DV] end_config: VTY:0x73fd4292c0c0, pending SET-CFG: 0
2025/11/23 23:28:43 PATH: [VTVCM-Y2NW3] Configuration Read in Took: 00:00:00
2025/11/23 23:28:43 PATH: [G6NKK-8C6DV] end_config: VTY:0x78c0de725180, pending SET-CFG: 0
2025/11/23 23:28:43 BGP: [M95PE-ZW8F6] VRF default(0): bgp_zebra_process_srv6_locator_internal, Received SRv6 locator loc01 4:4:4::/48, loc-block-len=24, loc-node-len=24 func-len=16, arg-len=0
2025/11/23 23:28:43 BGP: [VTVCM-Y2NW3] Configuration Read in Took: 00:00:00
2025/11/23 23:28:43 BGP: [G6NKK-8C6DV] end_config: VTY:0x7277727d90b0, pending SET-CFG: 0
2025/11/23 23:28:43 ISIS: [VTVCM-Y2NW3] Configuration Read in Took: 00:00:00
2025/11/23 23:28:43 ISIS: [G6NKK-8C6DV] end_config: VTY:0x78f18319a1b0, pending SET-CFG: 0
2025/11/23 23:28:43 ISIS: [S89PV-K124N] isis_zebra_process_srv6_locator_internal: Received SRv6 locator loc01 4:4:4::/48, loc-block-len=24, loc-node-len=24 func-len=16, arg-len=0
2025/11/23 23:28:45 PATH: [NN4XW-E4M3V] IPv6 Router Id updated for VRF 0: 3fff:172:20:20:42:acff:fe14:1407
2025/11/23 23:32:44 OSPF: [VTVCM-Y2NW3] Configuration Read in Took: 00:00:00
2025/11/23 23:32:44 OSPF: [G6NKK-8C6DV] end_config: VTY:0x71d488d4b070, pending SET-CFG: 0
2025/11/23 23:32:44 ZEBRA: [VTVCM-Y2NW3] Configuration Read in Took: 00:00:01
2025/11/23 23:32:44 ZEBRA: [G6NKK-8C6DV] end_config: VTY:0x73c3a9626610, pending SET-CFG: 0
2025/11/23 23:32:44 STATIC: [VTVCM-Y2NW3] Configuration Read in Took: 00:00:00
2025/11/23 23:32:44 STATIC: [G6NKK-8C6DV] end_config: VTY:0x7e43839be0c0, pending SET-CFG: 0
2025/11/23 23:32:44 OSPF6: [VTVCM-Y2NW3] Configuration Read in Took: 00:00:01
2025/11/23 23:32:44 OSPF6: [G6NKK-8C6DV] end_config: VTY:0x7b6890a43050, pending SET-CFG: 0
2025/11/23 23:32:44 LDP: [VTVCM-Y2NW3] Configuration Read in Took: 00:00:01
2025/11/23 23:32:44 LDP: [G6NKK-8C6DV] end_config: VTY:0x7c046ecec610, pending SET-CFG: 0
2025/11/23 23:32:44 ZEBRA: [YDG3W-JND95] FD Limit set: 1048576 is stupidly large.  Is this what you intended?  Consider using --limit-fds also limiting size to 100000
2025/11/23 23:32:44 ZEBRA: [V98V0-MTWPF] client 84 says hello and bids fair to announce only isis routes vrf=0
2025/11/23 23:32:44 ZEBRA: [TAFZ7-2C7QV] client protocol instance 1
2025/11/23 23:32:44 ISIS: [S89PV-K124N] isis_zebra_process_srv6_locator_internal: Received SRv6 locator loc01 4:4:4::/48, loc-block-len=24, loc-node-len=24 func-len=16, arg-len=0
2025/11/23 23:32:44 ISIS: [W30AM-KK7ZK] isis_zebra_process_srv6_locator_internal: SRv6 Locator name unmatch :loc01
2025/11/23 23:32:44 BGP: [M95PE-ZW8F6] VRF default(0): bgp_zebra_process_srv6_locator_internal, Received SRv6 locator loc01 4:4:4::/48, loc-block-len=24, loc-node-len=24 func-len=16, arg-len=0
2025/11/23 23:32:44 PATH: [VTVCM-Y2NW3] Configuration Read in Took: 00:00:00
2025/11/23 23:32:44 PATH: [G6NKK-8C6DV] end_config: VTY:0x76a9d928b190, pending SET-CFG: 0
2025/11/23 23:32:44 BGP: [VTVCM-Y2NW3] Configuration Read in Took: 00:00:01
2025/11/23 23:32:44 BGP: [G6NKK-8C6DV] end_config: VTY:0x79a2ae76c0b0, pending SET-CFG: 0
2025/11/23 23:32:44 ZEBRA: [HSYZM-HV7HF] Extended Error: Strict mode for VRF is disabled
2025/11/23 23:32:44 ZEBRA: [WVJCK-PPMGD][EC 4043309093] netlink-dp (NS 0) error: Operation not permitted, type=RTM_NEWNEXTHOP(104), seq=49, pid=2264772071
2025/11/23 23:32:44 ZEBRA: [HSYZM-HV7HF] Extended Error: Nexthop id does not exist
2025/11/23 23:32:44 ZEBRA: [WVJCK-PPMGD][EC 4043309093] netlink-dp (NS 0) error: Invalid argument, type=RTM_NEWROUTE(24), seq=50, pid=2264772071
2025/11/23 23:32:44 ZEBRA: [X5XE1-RS0SW][EC 4043309074] Failed to install Nexthop (16[if 3 vrfid 0]) into the kernel
2025/11/23 23:32:44 ZEBRA: [VYKYC-709DP] default(0:254):4:4:4:1::/128: Route install failed
2025/11/23 23:32:44 OSPF6: [GZ318-0J443] Zebra: got delete of eth3, but interface is still up
2025/11/23 23:32:44 ISIS: [VTVCM-Y2NW3] Configuration Read in Took: 00:00:01
2025/11/23 23:32:44 ISIS: [G6NKK-8C6DV] end_config: VTY:0x7c1ce520b1b0, pending SET-CFG: 0
2025/11/23 23:32:44 ISIS: [S89PV-K124N] isis_zebra_process_srv6_locator_internal: Received SRv6 locator loc01 4:4:4::/48, loc-block-len=24, loc-node-len=24 func-len=16, arg-len=0
2025/11/23 23:32:44 ZEBRA: [YDG3W-JND95] FD Limit set: 1048576 is stupidly large.  Is this what you intended?  Consider using --limit-fds also limiting size to 100000
2025/11/23 23:32:44 ZEBRA: [V98V0-MTWPF] client 89 says hello and bids fair to announce only bgp routes vrf=0
2025/11/23 23:32:44 PATH: [NN4XW-E4M3V] IPv6 Router Id updated for VRF 0: 4:4:4::4
2025/11/23 23:32:45 OSPF6: [GZ318-0J443] Zebra: got delete of lo20, but interface is still up
2025/11/23 23:32:45 ISIS: [VAS9N-1JNNR] PDU drop detected of type: P2P IIH. 1 Total Drops; 0 L1 IIH drops;  0 L2 IIH drops; 1 P2P IIH drops; 0 L1 LSP drops; 0 L2 LSP drops; 0 FS LSP drops; 0 L1 CSNP drops; 0 L2 CSNP drops; 0 L1 PSNP drops; 0 L2 PSNP drops.
2025/11/23 23:32:46 PATH: [NN4XW-E4M3V] IPv6 Router Id updated for VRF 0: 3000::2
2025/11/23 23:32:47 ISIS: [Q7SVW-YVKRH] %ADJCHANGE: Adjacency to 0000.0000.0001 (eth2) for level-2 changed from Unknown to Initializing, unspecified
2025/11/23 23:32:47 ISIS: [Q7SVW-YVKRH] %ADJCHANGE: Adjacency to 0000.0000.0001 (eth2) for level-2 changed from Initializing to Up, unspecified
2025/11/23 23:32:47 ZEBRA: [HSYZM-HV7HF] Extended Error: Label >= configured maximum in platform_labels
2025/11/23 23:32:47 ZEBRA: [WVJCK-PPMGD][EC 4043309093] netlink-dp (NS 0) error: Invalid argument, type=RTM_NEWROUTE(24), seq=96, pid=2264772071
2025/11/23 23:32:47 ZEBRA: [RYJ61-Q2T1D][EC 4043309108] LSP Install Failure: in-label 15000
2025/11/23 23:33:17 BGP: [M59KS-A3ZXZ] bgp_update_receive_eor: rcvd End-of-RIB for IPv4 VPN from 3:3:3::3 in vrf default
2025/11/23 23:33:17 BGP: [M59KS-A3ZXZ] bgp_update_receive_eor: rcvd End-of-RIB for IPv6 Unicast from 3:3:3::3 in vrf default
2025/11/23 23:33:30 ZEBRA: [HSYZM-HV7HF] Extended Error: Label >= configured maximum in platform_labels
2025/11/23 23:33:30 ZEBRA: [WVJCK-PPMGD][EC 4043309093] netlink-dp (NS 0) error: Invalid argument, type=RTM_NEWROUTE(24), seq=114, pid=2264772071
2025/11/23 23:33:30 ZEBRA: [RYJ61-Q2T1D][EC 4043309108] LSP Install Failure: in-label 15000
2025/11/23 23:33:40 BGP: [M59KS-A3ZXZ] bgp_update_receive_eor: rcvd End-of-RIB for IPv6 Unicast from 1001::1 in vrf default
2025/11/23 23:33:51 BGP: [M59KS-A3ZXZ] bgp_update_receive_eor: rcvd End-of-RIB for IPv4 VPN from 5:5:5::5 in vrf default
2025/11/23 23:33:51 BGP: [M59KS-A3ZXZ] bgp_update_receive_eor: rcvd End-of-RIB for IPv4 VPN from 6:6:6::6 in vrf default
2025/11/23 23:37:26 PATH: [NN4XW-E4M3V] IPv6 Router Id updated for VRF 0: 1001::2
2025/11/23 23:37:26 ISIS: [Q7SVW-YVKRH] %ADJCHANGE: Adjacency to pe1 (eth2) for level-2 changed from Up to Down, circuit is being brought down
2025/11/23 23:37:26 ZEBRA: [SWQK6-6JY63][EC 4043309074] 0:254:4:4:4::/48: Failed to enqueue dataplane install
2025/11/23 23:37:26 ZEBRA: [SWQK6-6JY63][EC 4043309074] 0:254:3:3:3:2::/128: Failed to enqueue dataplane install
2025/11/23 23:37:26 ZEBRA: [SWQK6-6JY63][EC 4043309074] 0:254:3:3:3::/128: Failed to enqueue dataplane install
2025/11/23 23:37:26 ZEBRA: [SWQK6-6JY63][EC 4043309074] 0:254:3:3:3::/48: Failed to enqueue dataplane install
2025/11/23 23:37:26 ZEBRA: [SWQK6-6JY63][EC 4043309074] 0:254:3:3:3::3/128: Failed to enqueue dataplane install
2025/11/23 23:37:26 ZEBRA: [SWQK6-6JY63][EC 4043309074] 0:254:4:4:4:2::/128: Failed to enqueue dataplane install
2025/11/23 23:37:37 PATH: [NN4XW-E4M3V] IPv6 Router Id updated for VRF 0: 4:4:4::4
2025/11/23 23:39:11 ZEBRA: [WVJCK-PPMGD][EC 4043309093] netlink-dp (NS 0) error: No such file or directory, type=RTM_DELNEXTHOP(105), seq=204, pid=2264772071
2025/11/23 23:39:11 ZEBRA: [YA619-S7J5M][EC 4043309075] Failed to uninstall Nexthop ID (55) from the kernel
2025/11/23 23:44:07 OSPF: [VTVCM-Y2NW3] Configuration Read in Took: 00:00:00
2025/11/23 23:44:07 OSPF: [G6NKK-8C6DV] end_config: VTY:0x7a1132a80070, pending SET-CFG: 0
2025/11/23 23:44:07 ZEBRA: [YDG3W-JND95] FD Limit set: 1048576 is stupidly large.  Is this what you intended?  Consider using --limit-fds also limiting size to 100000
2025/11/23 23:44:07 LDP: [VTVCM-Y2NW3] Configuration Read in Took: 00:00:00
2025/11/23 23:44:07 LDP: [G6NKK-8C6DV] end_config: VTY:0x76004c590610, pending SET-CFG: 0
2025/11/23 23:44:07 PATH: [VTVCM-Y2NW3] Configuration Read in Took: 00:00:00
2025/11/23 23:44:07 PATH: [G6NKK-8C6DV] end_config: VTY:0x7ca133385190, pending SET-CFG: 0
2025/11/23 23:44:07 ZEBRA: [V98V0-MTWPF] client 84 says hello and bids fair to announce only isis routes vrf=0
2025/11/23 23:44:07 ZEBRA: [TAFZ7-2C7QV] client protocol instance 1
2025/11/23 23:44:07 BGP: [M95PE-ZW8F6] VRF default(0): bgp_zebra_process_srv6_locator_internal, Received SRv6 locator loc01 4:4:4::/48, loc-block-len=24, loc-node-len=24 func-len=16, arg-len=0
2025/11/23 23:44:07 PATH: [NN4XW-E4M3V] IPv4 Router Id updated for VRF 0: 4.4.4.4
2025/11/23 23:44:07 PATH: [NN4XW-E4M3V] IPv6 Router Id updated for VRF 0: 4:4:4::4
2025/11/23 23:44:07 BGP: [VTVCM-Y2NW3] Configuration Read in Took: 00:00:00
2025/11/23 23:44:07 BGP: [G6NKK-8C6DV] end_config: VTY:0x7affd9dbe0b0, pending SET-CFG: 0
2025/11/23 23:44:07 ZEBRA: [HSYZM-HV7HF] Extended Error: Strict mode for VRF is disabled
2025/11/23 23:44:07 ZEBRA: [WVJCK-PPMGD][EC 4043309093] netlink-dp (NS 0) error: Operation not permitted, type=RTM_NEWNEXTHOP(104), seq=46, pid=2241098047
2025/11/23 23:44:07 ZEBRA: [HSYZM-HV7HF] Extended Error: Nexthop id does not exist
2025/11/23 23:44:07 ZEBRA: [WVJCK-PPMGD][EC 4043309093] netlink-dp (NS 0) error: Invalid argument, type=RTM_NEWROUTE(24), seq=47, pid=2241098047
2025/11/23 23:44:07 ZEBRA: [X5XE1-RS0SW][EC 4043309074] Failed to install Nexthop (16[if 3 vrfid 0]) into the kernel
2025/11/23 23:44:07 ZEBRA: [VYKYC-709DP] default(0:254):4:4:4:1::/128: Route install failed
2025/11/23 23:44:07 ISIS: [VTVCM-Y2NW3] Configuration Read in Took: 00:00:00
2025/11/23 23:44:07 ISIS: [G6NKK-8C6DV] end_config: VTY:0x75e791da11b0, pending SET-CFG: 0
2025/11/23 23:44:07 ISIS: [S89PV-K124N] isis_zebra_process_srv6_locator_internal: Received SRv6 locator loc01 4:4:4::/48, loc-block-len=24, loc-node-len=24 func-len=16, arg-len=0
2025/11/23 23:44:07 OSPF6: [VTVCM-Y2NW3] Configuration Read in Took: 00:00:00
2025/11/23 23:44:07 OSPF6: [G6NKK-8C6DV] end_config: VTY:0x79f18f671050, pending SET-CFG: 0
2025/11/23 23:44:07 ZEBRA: [YDG3W-JND95] FD Limit set: 1048576 is stupidly large.  Is this what you intended?  Consider using --limit-fds also limiting size to 100000
2025/11/23 23:44:07 ZEBRA: [V98V0-MTWPF] client 89 says hello and bids fair to announce only bgp routes vrf=0
2025/11/23 23:44:07 STATIC: [VTVCM-Y2NW3] Configuration Read in Took: 00:00:00
2025/11/23 23:44:07 STATIC: [G6NKK-8C6DV] end_config: VTY:0x79c18cc010c0, pending SET-CFG: 0
2025/11/23 23:44:08 OSPF6: [GZ318-0J443] Zebra: got delete of lo20, but interface is still up
2025/11/23 23:49:07 PATH: [NN4XW-E4M3V] IPv6 Router Id updated for VRF 0: 1001::2
2025/11/23 23:49:07 BGP: [J9K4Q-T8STY][EC 33554466] 1001::1 [FSM] Failure handling event BGP_Start in state Idle, prior events BGP_Stop, BGP_Stop, fd -1, last reset: Admin. shutdown
2025/11/23 23:49:07 PATH: [NN4XW-E4M3V] IPv6 Router Id updated for VRF 0: 3000::2
2025/11/23 23:49:49 PATH: [NN4XW-E4M3V] IPv6 Router Id updated for VRF 0: 1001::2
2025/11/23 23:49:49 PATH: [NN4XW-E4M3V] IPv6 Router Id updated for VRF 0: 4:4:4::4
2025/11/23 23:50:25 OSPF: [VTVCM-Y2NW3] Configuration Read in Took: 00:00:00
2025/11/23 23:50:25 OSPF: [G6NKK-8C6DV] end_config: VTY:0x720f73f1d070, pending SET-CFG: 0
2025/11/23 23:50:25 LDP: [VTVCM-Y2NW3] Configuration Read in Took: 00:00:00
2025/11/23 23:50:25 LDP: [G6NKK-8C6DV] end_config: VTY:0x7b773d7cb610, pending SET-CFG: 0
2025/11/23 23:50:25 BGP: [M95PE-ZW8F6] VRF default(0): bgp_zebra_process_srv6_locator_internal, Received SRv6 locator loc01 4:4:4::/48, loc-block-len=24, loc-node-len=24 func-len=16, arg-len=0
2025/11/23 23:50:25 OSPF6: [VTVCM-Y2NW3] Configuration Read in Took: 00:00:00
2025/11/23 23:50:25 OSPF6: [G6NKK-8C6DV] end_config: VTY:0x7ab1c1a0a050, pending SET-CFG: 0
2025/11/23 23:50:25 PATH: [VTVCM-Y2NW3] Configuration Read in Took: 00:00:00
2025/11/23 23:50:25 PATH: [G6NKK-8C6DV] end_config: VTY:0x7c5902281190, pending SET-CFG: 0
2025/11/23 23:50:25 BGP: [VTVCM-Y2NW3] Configuration Read in Took: 00:00:00
2025/11/23 23:50:25 BGP: [G6NKK-8C6DV] end_config: VTY:0x725450d550b0, pending SET-CFG: 0
2025/11/23 23:50:25 PATH: [NN4XW-E4M3V] IPv4 Router Id updated for VRF 0: 4.4.4.4
2025/11/23 23:50:25 PATH: [NN4XW-E4M3V] IPv6 Router Id updated for VRF 0: 4:4:4::4
2025/11/23 23:50:25 ISIS: [S89PV-K124N] isis_zebra_process_srv6_locator_internal: Received SRv6 locator loc01 4:4:4::/48, loc-block-len=24, loc-node-len=24 func-len=16, arg-len=0
2025/11/23 23:50:25 ISIS: [W30AM-KK7ZK] isis_zebra_process_srv6_locator_internal: SRv6 Locator name unmatch :loc01
2025/11/23 23:50:25 ZEBRA: [YDG3W-JND95] FD Limit set: 1048576 is stupidly large.  Is this what you intended?  Consider using --limit-fds also limiting size to 100000
2025/11/23 23:50:25 ZEBRA: [HSYZM-HV7HF] Extended Error: Strict mode for VRF is disabled
2025/11/23 23:50:25 ZEBRA: [WVJCK-PPMGD][EC 4043309093] netlink-dp (NS 0) error: Operation not permitted, type=RTM_NEWNEXTHOP(104), seq=49, pid=2195638888
2025/11/23 23:50:25 ZEBRA: [HSYZM-HV7HF] Extended Error: Nexthop id does not exist
2025/11/23 23:50:25 ZEBRA: [WVJCK-PPMGD][EC 4043309093] netlink-dp (NS 0) error: Invalid argument, type=RTM_NEWROUTE(24), seq=50, pid=2195638888
2025/11/23 23:50:25 ZEBRA: [V98V0-MTWPF] client 89 says hello and bids fair to announce only bgp routes vrf=0
2025/11/23 23:50:25 ZEBRA: [X5XE1-RS0SW][EC 4043309074] Failed to install Nexthop (21[if 3 vrfid 0]) into the kernel
2025/11/23 23:50:25 ZEBRA: [VYKYC-709DP] default(0:254):4:4:4:1::/128: Route install failed
2025/11/23 23:50:25 ISIS: [VTVCM-Y2NW3] Configuration Read in Took: 00:00:00
2025/11/23 23:50:25 ISIS: [G6NKK-8C6DV] end_config: VTY:0x7e162e11a1c0, pending SET-CFG: 0
2025/11/23 23:50:25 ISIS: [S89PV-K124N] isis_zebra_process_srv6_locator_internal: Received SRv6 locator loc01 4:4:4::/48, loc-block-len=24, loc-node-len=24 func-len=16, arg-len=0
2025/11/23 23:50:26 OSPF6: [GZ318-0J443] Zebra: got delete of lo20, but interface is still up
2025/11/23 23:50:26 BGP: [J9K4Q-T8STY][EC 33554466] 1001::1 [FSM] Failure handling event BGP_Start in state Idle, prior events BGP_Stop, (null), fd -1, last reset: Admin. shutdown
2025/11/23 23:50:27 PATH: [NN4XW-E4M3V] IPv6 Router Id updated for VRF 0: 1001::2
2025/11/23 23:50:27 PATH: [NN4XW-E4M3V] IPv6 Router Id updated for VRF 0: 3000::2
2025/11/23 23:51:46 ISIS: [Q7SVW-YVKRH] %ADJCHANGE: Adjacency to 0000.0000.0001 (eth2) for level-2 changed from Unknown to Initializing, unspecified
2025/11/23 23:51:46 ISIS: [Q7SVW-YVKRH] %ADJCHANGE: Adjacency to 0000.0000.0001 (eth2) for level-2 changed from Initializing to Up, unspecified
2025/11/23 23:51:46 ZEBRA: [HSYZM-HV7HF] Extended Error: Label >= configured maximum in platform_labels
2025/11/23 23:51:46 ZEBRA: [WVJCK-PPMGD][EC 4043309093] netlink-dp (NS 0) error: Invalid argument, type=RTM_NEWROUTE(24), seq=111, pid=2195638888
2025/11/23 23:51:46 ZEBRA: [RYJ61-Q2T1D][EC 4043309108] LSP Install Failure: in-label 15000
2025/11/23 23:52:12 BGP: [M59KS-A3ZXZ] bgp_update_receive_eor: rcvd End-of-RIB for IPv4 VPN from 3:3:3::3 in vrf default
2025/11/23 23:52:12 BGP: [M59KS-A3ZXZ] bgp_update_receive_eor: rcvd End-of-RIB for IPv6 Unicast from 3:3:3::3 in vrf default
2025/11/23 23:53:12 BGP: [M59KS-A3ZXZ] bgp_update_receive_eor: rcvd End-of-RIB for IPv6 Unicast from 1001::1 in vrf default
2025/11/23 23:53:19 BGP: [M59KS-A3ZXZ] bgp_update_receive_eor: rcvd End-of-RIB for IPv4 VPN from 5:5:5::5 in vrf default
2025/11/23 23:53:19 BGP: [M59KS-A3ZXZ] bgp_update_receive_eor: rcvd End-of-RIB for IPv4 VPN from 6:6:6::6 in vrf default
2025/11/24 02:04:21 ISIS: [VQK5M-9G0V1][EC 100663315] CPU starvation: {(event *)0x7ffca8e95ea8 arg=0x7e162e1012c0 ready               lsp_tick() &area->t_tick from isisd/isis_lsp.c:2160} getting executed 7051902ms late, warning threshold 4000ms. System load: 0.00, 0.00, 0.00
2025/11/24 02:04:21 BGP: [VQK5M-9G0V1][EC 100663315] CPU starvation: {(event *)0x7ffcf686b388 arg=0x7254511a9010 ready               (bgp_holdtime_timer)() &(connection->t_holdtime) from bgpd/bgp_fsm.c:448} getting executed 7029792ms late, warning threshold 4000ms. System load: 0.00, 0.00, 0.00
2025/11/24 02:04:21 LDP: [VQK5M-9G0V1][EC 100663315] CPU starvation: {(event *)0x7ffc6ebbb098 arg=0x0 ready               lde_gc_timer() &gc_timer from ldpd/lde_lib.c:1053} getting executed 6835967ms late, warning threshold 4000ms. System load: 0.00, 0.00, 0.00
2025/11/24 02:04:21 ZEBRA: [VQK5M-9G0V1][EC 100663315] CPU starvation: {(event *)0x7ffd772b5348 arg=0x76c34a9fe910 ready               wheel_timer_thread() &wheel->timer from lib/wheel.c:50} getting executed 7052150ms late, warning threshold 4000ms. System load: 26.11, 5.41, 1.75
2025/11/24 02:04:21 ISIS: [Q7SVW-YVKRH] %ADJCHANGE: Adjacency to pe1 (eth2) for level-2 changed from Up to Down, holding time expired
2025/11/24 02:04:21 ISIS: [Q7SVW-YVKRH] %ADJCHANGE: Adjacency to pe1 (eth2) for level-2 changed from Unknown to Initializing, unspecified
2025/11/24 02:04:21 ISIS: [Q7SVW-YVKRH] %ADJCHANGE: Adjacency to pe1 (eth2) for level-2 changed from Initializing to Down, Neighbor restarted
2025/11/24 02:04:21 ISIS: [TA8MV-N9T5B] no p2p neighbor on circuit eth2
2025/11/24 02:04:22 ISIS: [Q7SVW-YVKRH] %ADJCHANGE: Adjacency to pe1 (eth2) for level-2 changed from Unknown to Initializing, unspecified
2025/11/24 02:04:22 ISIS: [Q7SVW-YVKRH] %ADJCHANGE: Adjacency to pe1 (eth2) for level-2 changed from Initializing to Up, unspecified
2025/11/24 02:04:22 ZEBRA: [HSYZM-HV7HF] Extended Error: Label >= configured maximum in platform_labels
2025/11/24 02:04:22 ZEBRA: [WVJCK-PPMGD][EC 4043309093] netlink-dp (NS 0) error: Invalid argument, type=RTM_NEWROUTE(24), seq=155, pid=2195638888
2025/11/24 02:04:22 ZEBRA: [RYJ61-Q2T1D][EC 4043309108] LSP Install Failure: in-label 15000
2025/11/24 02:04:23 BGP: [H4B4J-DCW2R][EC 33554455] 1001::1 [Error] bgp_read_packet error: Connection reset by peer
2025/11/24 06:25:09 ZEBRA: [VQK5M-9G0V1][EC 100663315] CPU starvation: {(event *)0x7ffd772b5348 arg=0x76c34a9fe910 ready               wheel_timer_thread() &wheel->timer from lib/wheel.c:50} getting executed 15642437ms late, warning threshold 4000ms. System load: 0.00, 0.00, 0.00
2025/11/24 06:25:09 ISIS: [VQK5M-9G0V1][EC 100663315] CPU starvation: {(event *)0x7ffca8e95ea8 arg=0x7e162e1012c0 ready               lsp_tick() &area->t_tick from isisd/isis_lsp.c:2160} getting executed 15642598ms late, warning threshold 4000ms. System load: 0.00, 0.00, 0.00
2025/11/24 06:25:09 LDP: [VQK5M-9G0V1][EC 100663315] CPU starvation: {(event *)0x7ffc6ebbb098 arg=0x0 ready               lde_gc_timer() &gc_timer from ldpd/lde_lib.c:1053} getting executed 15347508ms late, warning threshold 4000ms. System load: 0.00, 0.00, 0.00
2025/11/24 06:25:09 BGP: [VQK5M-9G0V1][EC 100663315] CPU starvation: {(event *)0x7ffcf686b388 arg=0x7254511a9010 ready               (bgp_connect_timer)() &(connection->t_connect) from bgpd/bgp_fsm.c:385} getting executed 15616348ms late, warning threshold 4000ms. System load: 0.00, 0.00, 0.00
2025/11/24 06:25:09 ISIS: [Q7SVW-YVKRH] %ADJCHANGE: Adjacency to pe1 (eth2) for level-2 changed from Up to Down, holding time expired
2025/11/24 06:25:09 ISIS: [Q7SVW-YVKRH] %ADJCHANGE: Adjacency to pe1 (eth2) for level-2 changed from Unknown to Initializing, unspecified
2025/11/24 06:25:09 ISIS: [Q7SVW-YVKRH] %ADJCHANGE: Adjacency to pe1 (eth2) for level-2 changed from Initializing to Down, Neighbor restarted
2025/11/24 06:25:09 ISIS: [TA8MV-N9T5B] no p2p neighbor on circuit eth2
2025/11/24 06:25:09 ISIS: [Q7SVW-YVKRH] %ADJCHANGE: Adjacency to pe1 (eth2) for level-2 changed from Unknown to Initializing, unspecified
2025/11/24 06:25:09 ISIS: [Q7SVW-YVKRH] %ADJCHANGE: Adjacency to pe1 (eth2) for level-2 changed from Initializing to Up, unspecified
2025/11/24 06:25:10 ZEBRA: [HSYZM-HV7HF] Extended Error: Label >= configured maximum in platform_labels
2025/11/24 06:25:10 ZEBRA: [WVJCK-PPMGD][EC 4043309093] netlink-dp (NS 0) error: Invalid argument, type=RTM_NEWROUTE(24), seq=161, pid=2195638888
2025/11/24 06:25:10 ZEBRA: [RYJ61-Q2T1D][EC 4043309108] LSP Install Failure: in-label 15000
2025/11/24 06:25:16 BGP: [M59KS-A3ZXZ] bgp_update_receive_eor: rcvd End-of-RIB for IPv6 Unicast from 1001::1 in vrf default
2025/11/24 06:25:17 BGP: [M59KS-A3ZXZ] bgp_update_receive_eor: rcvd End-of-RIB for IPv4 VPN from 6:6:6::6 in vrf default
2025/11/24 06:25:17 BGP: [M59KS-A3ZXZ] bgp_update_receive_eor: rcvd End-of-RIB for IPv4 VPN from 5:5:5::5 in vrf default
2025/11/24 06:25:39 BGP: [M59KS-A3ZXZ] bgp_update_receive_eor: rcvd End-of-RIB for IPv4 VPN from 3:3:3::3 in vrf default
2025/11/24 06:25:39 BGP: [M59KS-A3ZXZ] bgp_update_receive_eor: rcvd End-of-RIB for IPv6 Unicast from 3:3:3::3 in vrf default
2025/11/24 06:48:18 BGP: [VQK5M-9G0V1][EC 100663315] CPU starvation: {(event *)0x7ffcf686b388 arg=0x725450863e20 ready               (bgp_holdtime_timer)() &(connection->t_holdtime) from bgpd/bgp_fsm.c:448} getting executed 218914ms late, warning threshold 4000ms. System load: 1.99, 1.94, 1.76
2025/11/24 06:48:18 ZEBRA: [VQK5M-9G0V1][EC 100663315] CPU starvation: {(event *)0x7ffd772b5348 arg=0x76c34a9fe910 ready               wheel_timer_thread() &wheel->timer from lib/wheel.c:50} getting executed 240305ms late, warning threshold 4000ms. System load: 1.99, 1.94, 1.76
2025/11/24 06:48:18 ISIS: [VQK5M-9G0V1][EC 100663315] CPU starvation: {(event *)0x7ffca8e95ea8 arg=0x7e162025/11/24 06:58:56 OSPF: [VTVCM-Y2NW3] Configuration Read in Took: 00:00:00
2025/11/24 06:58:56 OSPF: [G6NKK-8C6DV] end_config: VTY:0x704f31144060, pending SET-CFG: 0
2025/11/24 06:58:56 OSPF6: [VTVCM-Y2NW3] Configuration Read in Took: 00:00:00
2025/11/24 06:58:56 OSPF6: [G6NKK-8C6DV] end_config: VTY:0x71b671116050, pending SET-CFG: 0
2025/11/24 06:58:56 LDP: [VTVCM-Y2NW3] Configuration Read in Took: 00:00:00
2025/11/24 06:58:56 LDP: [G6NKK-8C6DV] end_config: VTY:0x75dab636f610, pending SET-CFG: 0
2025/11/24 06:58:56 ZEBRA: [VTVCM-Y2NW3] Configuration Read in Took: 00:00:00
2025/11/24 06:58:56 ZEBRA: [G6NKK-8C6DV] end_config: VTY:0x79504001f680, pending SET-CFG: 0
2025/11/24 06:58:56 PATH: [VTVCM-Y2NW3] Configuration Read in Took: 00:00:00
2025/11/24 06:58:56 PATH: [G6NKK-8C6DV] end_config: VTY:0x7d19d97f0180, pending SET-CFG: 0
2025/11/24 06:58:56 STATIC: [VTVCM-Y2NW3] Configuration Read in Took: 00:00:00
2025/11/24 06:58:56 STATIC: [G6NKK-8C6DV] end_config: VTY:0x78b598b810c0, pending SET-CFG: 0
2025/11/24 06:58:56 ZEBRA: [YDG3W-JND95] FD Limit set: 1048576 is stupidly large.  Is this what you intended?  Consider using --limit-fds also limiting size to 100000
2025/11/24 06:58:56 ZEBRA: [V98V0-MTWPF] client 84 says hello and bids fair to announce only isis routes vrf=0
2025/11/24 06:58:56 ZEBRA: [TAFZ7-2C7QV] client protocol instance 1
2025/11/24 06:58:56 BGP: [M95PE-ZW8F6] VRF default(0): bgp_zebra_process_srv6_locator_internal, Received SRv6 locator loc01 4:4:4::/48, loc-block-len=24, loc-node-len=24 func-len=16, arg-len=0
2025/11/24 06:58:56 BGP: [VTVCM-Y2NW3] Configuration Read in Took: 00:00:00
2025/11/24 06:58:56 BGP: [G6NKK-8C6DV] end_config: VTY:0x71bb0379c0b0, pending SET-CFG: 0
2025/11/24 06:58:56 ISIS: [VTVCM-Y2NW3] Configuration Read in Took: 00:00:00
2025/11/24 06:58:56 ISIS: [G6NKK-8C6DV] end_config: VTY:0x72f67e94d1b0, pending SET-CFG: 0
2025/11/24 06:58:56 ISIS: [S89PV-K124N] isis_zebra_process_srv6_locator_internal: Received SRv6 locator loc01 4:4:4::/48, loc-block-len=24, loc-node-len=24 func-len=16, arg-len=0
2025/11/24 06:58:57 ZEBRA: [YDG3W-JND95] FD Limit set: 1048576 is stupidly large.  Is this what you intended?  Consider using --limit-fds also limiting size to 100000
2025/11/24 06:58:57 ZEBRA: [V98V0-MTWPF] client 89 says hello and bids fair to announce only bgp routes vrf=0
2025/11/24 06:58:57 BGP: [J9K4Q-T8STY][EC 33554466] 1001::1 [FSM] Failure handling event BGP_Start in state Idle, prior events BGP_Stop, (null), fd -1, last reset: Admin. shutdown
2025/11/24 06:58:59 PATH: [NN4XW-E4M3V] IPv6 Router Id updated for VRF 0: 3fff:172:20:20:42:acff:fe14:1407
2025/11/24 07:00:44 OSPF: [VTVCM-Y2NW3] Configuration Read in Took: 00:00:00
2025/11/24 07:00:44 OSPF: [G6NKK-8C6DV] end_config: VTY:0x7bb3c9222060, pending SET-CFG: 0
2025/11/24 07:00:44 LDP: [VTVCM-Y2NW3] Configuration Read in Took: 00:00:00
2025/11/24 07:00:44 LDP: [G6NKK-8C6DV] end_config: VTY:0x7e7d04b58610, pending SET-CFG: 0
2025/11/24 07:00:44 PATH: [VTVCM-Y2NW3] Configuration Read in Took: 00:00:00
2025/11/24 07:00:44 PATH: [G6NKK-8C6DV] end_config: VTY:0x73350cac1190, pending SET-CFG: 0
2025/11/24 07:00:44 ZEBRA: [YDG3W-JND95] FD Limit set: 1048576 is stupidly large.  Is this what you intended?  Consider using --limit-fds also limiting size to 100000
2025/11/24 07:00:44 ZEBRA: [V98V0-MTWPF] client 84 says hello and bids fair to announce only isis routes vrf=0
2025/11/24 07:00:44 ZEBRA: [TAFZ7-2C7QV] client protocol instance 1
2025/11/24 07:00:44 OSPF6: [VTVCM-Y2NW3] Configuration Read in Took: 00:00:00
2025/11/24 07:00:44 OSPF6: [G6NKK-8C6DV] end_config: VTY:0x7d9aa92f7050, pending SET-CFG: 0
2025/11/24 07:00:44 BGP: [M95PE-ZW8F6] VRF default(0): bgp_zebra_process_srv6_locator_internal, Received SRv6 locator loc01 4:4:4::/48, loc-block-len=24, loc-node-len=24 func-len=16, arg-len=0
2025/11/24 07:00:44 ISIS: [VTVCM-Y2NW3] Configuration Read in Took: 00:00:00
2025/11/24 07:00:44 ISIS: [G6NKK-8C6DV] end_config: VTY:0x7d24aac731b0, pending SET-CFG: 0
2025/11/24 07:00:44 ISIS: [S89PV-K124N] isis_zebra_process_srv6_locator_internal: Received SRv6 locator loc01 4:4:4::/48, loc-block-len=24, loc-node-len=24 func-len=16, arg-len=0
2025/11/24 07:00:44 BGP: [VTVCM-Y2NW3] Configuration Read in Took: 00:00:00
2025/11/24 07:00:44 BGP: [G6NKK-8C6DV] end_config: VTY:0x7f5f67acd0b0, pending SET-CFG: 0
2025/11/24 07:00:44 ZEBRA: [HSYZM-HV7HF] Extended Error: Strict mode for VRF is disabled
2025/11/24 07:00:44 ZEBRA: [WVJCK-PPMGD][EC 4043309093] netlink-dp (NS 0) error: Operation not permitted, type=RTM_NEWNEXTHOP(104), seq=45, pid=2355661158
2025/11/24 07:00:44 ZEBRA: [X5XE1-RS0SW][EC 4043309074] Failed to install Nexthop (15[if 3 vrfid 0]) into the kernel
2025/11/24 07:00:44 ZEBRA: [HSYZM-HV7HF] Extended Error: Strict mode for VRF is disabled
2025/11/24 07:00:44 ZEBRA: [WVJCK-PPMGD][EC 4043309093] netlink-dp (NS 0) error: Operation not permitted, type=RTM_NEWNEXTHOP(104), seq=46, pid=2355661158
2025/11/24 07:00:44 ZEBRA: [HSYZM-HV7HF] Extended Error: Nexthop id does not exist
2025/11/24 07:00:44 ZEBRA: [WVJCK-PPMGD][EC 4043309093] netlink-dp (NS 0) error: Invalid argument, type=RTM_NEWROUTE(24), seq=47, pid=2355661158
2025/11/24 07:00:44 ZEBRA: [X5XE1-RS0SW][EC 4043309074] Failed to install Nexthop (18[if 3 vrfid 0]) into the kernel
2025/11/24 07:00:44 ZEBRA: [VYKYC-709DP] default(0:254):4:4:4:1::/128: Route install failed
2025/11/24 07:00:44 OSPF6: [GZ318-0J443] Zebra: got delete of eth3, but interface is still up
2025/11/24 07:00:44 PATH: [NN4XW-E4M3V] IPv6 Router Id updated for VRF 0: 4:4:4::4
2025/11/24 07:00:44 ZEBRA: [YDG3W-JND95] FD Limit set: 1048576 is stupidly large.  Is this what you intended?  Consider using --limit-fds also limiting size to 100000
2025/11/24 07:00:44 ZEBRA: [V98V0-MTWPF] client 89 says hello and bids fair to announce only bgp routes vrf=0
2025/11/24 07:00:44 OSPF6: [GZ318-0J443] Zebra: got delete of lo20, but interface is still up
2025/11/24 07:00:45 BGP: [J9K4Q-T8STY][EC 33554466] 1001::1 [FSM] Failure handling event BGP_Start in state Idle, prior events BGP_Stop, (null), fd -1, last reset: Admin. shutdown
2025/11/24 07:00:45 PATH: [NN4XW-E4M3V] IPv6 Router Id updated for VRF 0: 1001::2
2025/11/24 07:00:46 PATH: [NN4XW-E4M3V] IPv6 Router Id updated for VRF 0: 3000::2
2025/11/24 07:03:51 ISIS: [Q7SVW-YVKRH] %ADJCHANGE: Adjacency to 0000.0000.0001 (eth2) for level-2 changed from Unknown to Initializing, unspecified
2025/11/24 07:03:51 ZEBRA: [HSYZM-HV7HF] Extended Error: Label >= configured maximum in platform_labels
2025/11/24 07:03:51 ZEBRA: [WVJCK-PPMGD][EC 4043309093] netlink-dp (NS 0) error: Invalid argument, type=RTM_NEWROUTE(24), seq=125, pid=2355661158
2025/11/24 07:03:51 ZEBRA: [RYJ61-Q2T1D][EC 4043309108] LSP Install Failure: in-label 15000
2025/11/24 07:03:51 ISIS: [Q7SVW-YVKRH] %ADJCHANGE: Adjacency to 0000.0000.0001 (eth2) for level-2 changed from Initializing to Up, unspecified
2025/11/24 07:04:22 BGP: [M59KS-A3ZXZ] bgp_update_receive_eor: rcvd End-of-RIB for IPv4 VPN from 3:3:3::3 in vrf default
2025/11/24 07:04:22 BGP: [M59KS-A3ZXZ] bgp_update_receive_eor: rcvd End-of-RIB for IPv6 Unicast from 3:3:3::3 in vrf default
2025/11/24 07:23:05 BGP: [M59KS-A3ZXZ] bgp_update_receive_eor: rcvd End-of-RIB for IPv4 VPN from 6:6:6::6 in vrf default
2025/11/24 07:23:34 BGP: [M59KS-A3ZXZ] bgp_update_receive_eor: rcvd End-of-RIB for IPv6 Unicast from 1001::1 in vrf default
2025/11/24 07:27:19 BGP: [M59KS-A3ZXZ] bgp_update_receive_eor: rcvd End-of-RIB for IPv4 VPN from 5:5:5::5 in vrf default
2025/11/24 07:27:53 STATIC: [PNYPZ-BCP8Y] Static Route using eth2 interface not installed because the interface does not exist in specified vrf
2025/11/24 07:31:58 BGP: [M59KS-A3ZXZ] bgp_update_receive_eor: rcvd End-of-RIB for IPv6 Unicast from 1001::1 in vrf default
2025/11/24 07:31:59 BGP: [M59KS-A3ZXZ] bgp_update_receive_eor: rcvd End-of-RIB for IPv4 VPN from 3:3:3::3 in vrf default
2025/11/24 07:31:59 BGP: [M59KS-A3ZXZ] bgp_update_receive_eor: rcvd End-of-RIB for IPv6 Unicast from 3:3:3::3 in vrf default
2025/11/24 07:32:00 BGP: [M59KS-A3ZXZ] bgp_update_receive_eor: rcvd End-of-RIB for IPv4 VPN from 6:6:6::6 in vrf default
2025/11/24 07:32:00 BGP: [M59KS-A3ZXZ] bgp_update_receive_eor: rcvd End-of-RIB for IPv4 VPN from 5:5:5::5 in vrf default
2025/11/24 07:32:04 BGP: [M59KS-A3ZXZ] bgp_update_receive_eor: rcvd End-of-RIB for IPv4 VPN from 3:3:3::3 in vrf default
2025/11/24 07:32:04 BGP: [M59KS-A3ZXZ] bgp_update_receive_eor: rcvd End-of-RIB for IPv6 Unicast from 3:3:3::3 in vrf default
2025/11/24 08:01:12 ISIS: [M7QDW-48DP2] isis_recv_pdu_bcast: ifname eth2, fd 21, bytesread -1, recvfrom(): Network is down
2025/11/24 08:01:12 ISIS: [P42KE-G0CDM] packet is received on multiple interfaces: socket interface 0, circuit interface 51, packet type 0
2025/11/24 08:01:12 ISIS: [PT8ND-1Y17N] isis_recv_pdu_bcast: recvfrom() failed
2025/11/24 08:01:12 ZEBRA: [HSYZM-HV7HF] Extended Error: Nexthop id does not exist
2025/11/24 08:01:12 ZEBRA: [WVJCK-PPMGD][EC 4043309093] netlink-dp (NS 0) error: Invalid argument, type=RTM_NEWROUTE(24), seq=274, pid=2355661158
2025/11/24 08:01:12 ZEBRA: [HSYZM-HV7HF] Extended Error: Nexthop id does not exist
2025/11/24 08:01:12 ZEBRA: [WVJCK-PPMGD][EC 4043309093] netlink-dp (NS 0) error: Invalid argument, type=RTM_NEWROUTE(24), seq=275, pid=2355661158
2025/11/24 08:01:12 ZEBRA: [HSYZM-HV7HF] Extended Error: Nexthop id does not exist
2025/11/24 08:01:12 ZEBRA: [WVJCK-PPMGD][EC 4043309093] netlink-dp (NS 0) error: Invalid argument, type=RTM_NEWROUTE(24), seq=276, pid=2355661158
2025/11/24 08:01:12 ZEBRA: [HSYZM-HV7HF] Extended Error: Nexthop id does not exist
2025/11/24 08:01:12 ZEBRA: [WVJCK-PPMGD][EC 4043309093] netlink-dp (NS 0) error: Invalid argument, type=RTM_NEWROUTE(24), seq=277, pid=2355661158
2025/11/24 08:01:12 ZEBRA: [HSYZM-HV7HF] Extended Error: Nexthop id does not exist
2025/11/24 08:01:12 ZEBRA: [WVJCK-PPMGD][EC 4043309093] netlink-dp (NS 0) error: Invalid argument, type=RTM_NEWROUTE(24), seq=278, pid=2355661158
2025/11/24 08:01:12 ZEBRA: [HSYZM-HV7HF] Extended Error: Nexthop id does not exist
2025/11/24 08:01:12 ZEBRA: [WVJCK-PPMGD][EC 4043309093] netlink-dp (NS 0) error: Invalid argument, type=RTM_NEWROUTE(24), seq=279, pid=2355661158
2025/11/24 08:01:12 ZEBRA: [HSYZM-HV7HF] Extended Error: Nexthop id does not exist
2025/11/24 08:01:12 ZEBRA: [WVJCK-PPMGD][EC 4043309093] netlink-dp (NS 0) error: Invalid argument, type=RTM_NEWROUTE(24), seq=280, pid=2355661158
2025/11/24 08:01:12 ZEBRA: [HSYZM-HV7HF] Extended Error: Nexthop id does not exist
2025/11/24 08:01:12 ZEBRA: [WVJCK-PPMGD][EC 4043309093] netlink-dp (NS 0) error: Invalid argument, type=RTM_NEWROUTE(24), seq=281, pid=2355661158
2025/11/24 08:01:12 ZEBRA: [VYKYC-709DP] red(3:20):100.0.0.0/32: Route install failed
2025/11/24 08:01:12 ZEBRA: [VYKYC-709DP] default(0:254):4:4:4::/48: Route install failed
2025/11/24 08:01:12 ZEBRA: [VYKYC-709DP] default(0:254):3:3:3:2::/128: Route install failed
2025/11/24 08:01:12 ZEBRA: [VYKYC-709DP] default(0:254):3:3:3::/128: Route install failed
2025/11/24 08:01:12 ZEBRA: [VYKYC-709DP] default(0:254):1000::/64: Route install failed
2025/11/24 08:01:12 ZEBRA: [VYKYC-709DP] default(0:254):3:3:3::3/128: Route install failed
2025/11/24 08:01:12 ZEBRA: [VYKYC-709DP] default(0:254):3:3:3::/48: Route install failed
2025/11/24 08:01:12 ZEBRA: [VYKYC-709DP] default(0:254):4:4:4:2::/128: Route install failed
2025/11/24 08:01:12 PATH: [NN4XW-E4M3V] IPv6 Router Id updated for VRF 0: 1001::2
2025/11/24 08:01:12 ISIS: [Q7SVW-YVKRH] %ADJCHANGE: Adjacency to pe1 (eth2) for level-2 changed from Up to Down, circuit is being brought down
2025/11/24 08:01:12 ISIS: [TBBSQ-HBJMF] IS-IS pfpacket: could not transmit packet on eth2: No such device or address
2025/11/24 08:01:12 ISIS: [G7ZA5-AT06A][EC 67108865] ISIS-Adj (srv6): Send L2 IIH on eth2 failed
2025/11/24 08:01:12 PATH: [NN4XW-E4M3V] IPv6 Router Id updated for VRF 0: 4:4:4::4
2025/11/24 08:01:12 ZEBRA: [SWQK6-6JY63][EC 4043309074] 0:254:2001::/64: Failed to enqueue dataplane install
2025/11/24 08:01:12 ZEBRA: [SWQK6-6JY63][EC 4043309074] 0:254:22:22:22:22::/128: Failed to enqueue dataplane install
2025/11/24 08:01:12 ZEBRA: [SWQK6-6JY63][EC 4043309074] 0:254:5:5:5:2::/128: Failed to enqueue dataplane install
2025/11/24 08:01:12 ZEBRA: [SWQK6-6JY63][EC 4043309074] 0:254:6:6:6::/128: Failed to enqueue dataplane install
2025/11/24 08:01:12 ZEBRA: [SWQK6-6JY63][EC 4043309074] 0:254:6:6:6:2::/128: Failed to enqueue dataplane install
2025/11/24 08:01:12 ZEBRA: [SWQK6-6JY63][EC 4043309074] 0:254:4000::/64: Failed to enqueue dataplane install
2025/11/24 08:01:12 ZEBRA: [SWQK6-6JY63][EC 4043309074] 0:254:5:5:5::/128: Failed to enqueue dataplane install
2025/11/24 08:01:12 ZEBRA: [SWQK6-6JY63][EC 4043309074] 0:254:11:11:11:11::/128: Failed to enqueue dataplane install
2025/11/24 08:01:12 ZEBRA: [SWQK6-6JY63][EC 4043309074] 0:254:6:6:6::/48: Failed to enqueue dataplane install
2025/11/24 08:01:12 ZEBRA: [SWQK6-6JY63][EC 4043309074] 0:254:6:6:6::6/128: Failed to enqueue dataplane install
2025/11/24 08:01:12 ZEBRA: [SWQK6-6JY63][EC 4043309074] 0:254:5:5:5::/48: Failed to enqueue dataplane install
2025/11/24 08:01:12 ZEBRA: [SWQK6-6JY63][EC 4043309074] 0:254:5:5:5::5/128: Failed to enqueue dataplane install
2025/11/24 08:01:50 OSPF: [VTVCM-Y2NW3] Configuration Read in Took: 00:00:00
2025/11/24 08:01:50 OSPF: [G6NKK-8C6DV] end_config: VTY:0x76faade5a070, pending SET-CFG: 0
2025/11/24 08:01:50 BGP: [VTVCM-Y2NW3] Configuration Read in Took: 00:00:00
2025/11/24 08:01:50 BGP: [G6NKK-8C6DV] end_config: VTY:0x7f628acd60b0, pending SET-CFG: 0
2025/11/24 08:01:50 OSPF6: [VTVCM-Y2NW3] Configuration Read in Took: 00:00:00
2025/11/24 08:01:50 OSPF6: [G6NKK-8C6DV] end_config: VTY:0x7ba82dd69050, pending SET-CFG: 0
2025/11/24 08:01:50 ISIS: [VTVCM-Y2NW3] Configuration Read in Took: 00:00:00
2025/11/24 08:01:50 ISIS: [G6NKK-8C6DV] end_config: VTY:0x724ac5f941b0, pending SET-CFG: 0
2025/11/24 08:01:50 LDP: [VTVCM-Y2NW3] Configuration Read in Took: 00:00:00
2025/11/24 08:01:50 LDP: [G6NKK-8C6DV] end_config: VTY:0x76e113374610, pending SET-CFG: 0
2025/11/24 08:01:50 STATIC: [VTVCM-Y2NW3] Configuration Read in Took: 00:00:00
2025/11/24 08:01:50 STATIC: [G6NKK-8C6DV] end_config: VTY:0x7e02c1c850c0, pending SET-CFG: 0
2025/11/24 08:01:50 PATH: [VTVCM-Y2NW3] Configuration Read in Took: 00:00:00
2025/11/24 08:01:50 PATH: [G6NKK-8C6DV] end_config: VTY:0x7063508e3190, pending SET-CFG: 0
2025/11/24 08:01:50 ZEBRA: [YDG3W-JND95] FD Limit set: 1048576 is stupidly large.  Is this what you intended?  Consider using --limit-fds also limiting size to 100000
2025/11/24 08:01:50 ZEBRA: [V98V0-MTWPF] client 84 says hello and bids fair to announce only bgp routes vrf=0
2025/11/24 08:01:50 OSPF6: [GZ318-0J443] Zebra: got delete of eth3, but interface is still up
2025/11/24 08:01:51 OSPF6: [GZ318-0J443] Zebra: got delete of lo20, but interface is still up
2025/11/24 08:06:36 STATIC: [S4MGP-4WQTA] route_notify_owner: Route 100.0.0.0/32 failed to install for table: 20
2025/11/24 08:06:36 PATH: [NN4XW-E4M3V] IPv4 Router Id updated for VRF 0: 4.4.4.4
2025/11/24 08:06:36 PATH: [NN4XW-E4M3V] IPv6 Router Id updated for VRF 0: 4:4:4::4
2025/11/24 08:06:36 ZEBRA: [YDG3W-JND95] FD Limit set: 1048576 is stupidly large.  Is this what you intended?  Consider using --limit-fds also limiting size to 100000
2025/11/24 08:06:36 ZEBRA: [V98V0-MTWPF] client 91 says hello and bids fair to announce only isis routes vrf=0
2025/11/24 08:06:36 ZEBRA: [TAFZ7-2C7QV] client protocol instance 1
2025/11/24 08:06:36 BGP: [M95PE-ZW8F6] VRF default(0): bgp_zebra_process_srv6_locator_internal, Received SRv6 locator loc01 4:4:4::/48, loc-block-len=24, loc-node-len=24 func-len=16, arg-len=0
2025/11/24 08:06:36 ISIS: [S89PV-K124N] isis_zebra_process_srv6_locator_internal: Received SRv6 locator loc01 4:4:4::/48, loc-block-len=24, loc-node-len=24 func-len=16, arg-len=0
2025/11/24 08:06:36 ISIS: [Q7SVW-YVKRH] %ADJCHANGE: Adjacency to 0000.0000.0001 (eth2) for level-2 changed from Unknown to Initializing, unspecified
2025/11/24 08:06:36 ISIS: [Q7SVW-YVKRH] %ADJCHANGE: Adjacency to 0000.0000.0001 (eth2) for level-2 changed from Initializing to Up, unspecified
2025/11/24 08:06:36 ZEBRA: [HSYZM-HV7HF] Extended Error: Label >= configured maximum in platform_labels
2025/11/24 08:06:36 ZEBRA: [WVJCK-PPMGD][EC 4043309093] netlink-dp (NS 0) error: Invalid argument, type=RTM_NEWROUTE(24), seq=110, pid=2931871114
2025/11/24 08:06:36 ZEBRA: [RYJ61-Q2T1D][EC 4043309108] LSP Install Failure: in-label 15000
2025/11/24 08:06:37 PATH: [NN4XW-E4M3V] IPv6 Router Id updated for VRF 0: 1001::2
2025/11/24 08:06:38 PATH: [NN4XW-E4M3V] IPv6 Router Id updated for VRF 0: 3000::2
2025/11/24 08:06:38 BGP: [M59KS-A3ZXZ] bgp_update_receive_eor: rcvd End-of-RIB for IPv6 Unicast from 1001::1 in vrf default
2025/11/24 08:07:08 BGP: [M59KS-A3ZXZ] bgp_update_receive_eor: rcvd End-of-RIB for IPv4 VPN from 3:3:3::3 in vrf default
2025/11/24 08:07:08 BGP: [M59KS-A3ZXZ] bgp_update_receive_eor: rcvd End-of-RIB for IPv6 Unicast from 3:3:3::3 in vrf default
2025/11/24 08:08:12 BGP: [M59KS-A3ZXZ] bgp_update_receive_eor: rcvd End-of-RIB for IPv4 VPN from 5:5:5::5 in vrf default
2025/11/24 08:08:45 BGP: [M59KS-A3ZXZ] bgp_update_receive_eor: rcvd End-of-RIB for IPv4 VPN from 6:6:6::6 in vrf default
2025/11/24 09:09:51 ZEBRA: [HSYZM-HV7HF] Extended Error: Label >= configured maximum in platform_labels
2025/11/24 09:09:51 ZEBRA: [WVJCK-PPMGD][EC 4043309093] netlink-dp (NS 0) error: Invalid argument, type=RTM_NEWROUTE(24), seq=397, pid=2931871114
2025/11/24 09:09:51 ZEBRA: [RYJ61-Q2T1D][EC 4043309108] LSP Install Failure: in-label 15000
2025/11/27 01:48:52 OSPF6: [VTVCM-Y2NW3] Configuration Read in Took: 00:00:00
2025/11/27 01:48:52 OSPF6: [G6NKK-8C6DV] end_config: VTY:0x75311b77f050, pending SET-CFG: 0
2025/11/27 01:48:52 LDP: [VTVCM-Y2NW3] Configuration Read in Took: 00:00:00
2025/11/27 01:48:52 LDP: [G6NKK-8C6DV] end_config: VTY:0x7cc6763c9610, pending SET-CFG: 0
2025/11/27 01:48:52 ISIS: [VTVCM-Y2NW3] Configuration Read in Took: 00:00:00
2025/11/27 01:48:52 ISIS: [G6NKK-8C6DV] end_config: VTY:0x76c3bc2d51b0, pending SET-CFG: 0
2025/11/27 01:48:52 BGP: [VTVCM-Y2NW3] Configuration Read in Took: 00:00:00
2025/11/27 01:48:52 BGP: [G6NKK-8C6DV] end_config: VTY:0x79718f4c50b0, pending SET-CFG: 0
2025/11/27 01:48:52 OSPF: [VTVCM-Y2NW3] Configuration Read in Took: 00:00:00
2025/11/27 01:48:52 OSPF: [G6NKK-8C6DV] end_config: VTY:0x7069a3360060, pending SET-CFG: 0
2025/11/27 01:48:52 STATIC: [VTVCM-Y2NW3] Configuration Read in Took: 00:00:00
2025/11/27 01:48:52 STATIC: [G6NKK-8C6DV] end_config: VTY:0x742c946740c0, pending SET-CFG: 0
2025/11/27 01:48:52 PATH: [VTVCM-Y2NW3] Configuration Read in Took: 00:00:00
2025/11/27 01:48:52 PATH: [G6NKK-8C6DV] end_config: VTY:0x7b2040bc8180, pending SET-CFG: 0
2025/11/27 01:48:52 ZEBRA: [YDG3W-JND95] FD Limit set: 1048576 is stupidly large.  Is this what you intended?  Consider using --limit-fds also limiting size to 100000
2025/11/27 01:48:52 ZEBRA: [V98V0-MTWPF] client 84 says hello and bids fair to announce only bgp routes vrf=0
2025/11/27 01:50:15 ZEBRA: [VQK5M-9G0V1][EC 100663315] CPU starvation: {(event *)0x7fff20fcc108 arg=0x7f1625417910 ready               wheel_timer_thread() &wheel->timer from lib/wheel.c:50} getting executed 7396ms late, warning threshold 4000ms. System load: 1.15, 0.70, 0.27
2025/11/29 09:38:33 OSPF: [VTVCM-Y2NW3] Configuration Read in Took: 00:00:00
2025/11/29 09:38:33 OSPF: [G6NKK-8C6DV] end_config: VTY:0x7a9678bf8060, pending SET-CFG: 0
2025/11/29 09:38:33 STATIC: [VTVCM-Y2NW3] Configuration Read in Took: 00:00:00
2025/11/29 09:38:33 STATIC: [G6NKK-8C6DV] end_config: VTY:0x7ab6c956a0c0, pending SET-CFG: 0
2025/11/29 09:38:33 LDP: [VTVCM-Y2NW3] Configuration Read in Took: 00:00:00
2025/11/29 09:38:33 LDP: [G6NKK-8C6DV] end_config: VTY:0x7b2d60d3d610, pending SET-CFG: 0
2025/11/29 09:38:33 ISIS: [VTVCM-Y2NW3] Configuration Read in Took: 00:00:00
2025/11/29 09:38:33 ISIS: [G6NKK-8C6DV] end_config: VTY:0x7b4801eeb1b0, pending SET-CFG: 0
2025/11/29 09:38:33 OSPF6: [VTVCM-Y2NW3] Configuration Read in Took: 00:00:00
2025/11/29 09:38:33 OSPF6: [G6NKK-8C6DV] end_config: VTY:0x7670962e7050, pending SET-CFG: 0
2025/11/29 09:38:33 BGP: [VTVCM-Y2NW3] Configuration Read in Took: 00:00:00
2025/11/29 09:38:33 BGP: [G6NKK-8C6DV] end_config: VTY:0x7618a1fb60b0, pending SET-CFG: 0
2025/11/29 09:38:33 PATH: [VTVCM-Y2NW3] Configuration Read in Took: 00:00:00
2025/11/29 09:38:33 PATH: [G6NKK-8C6DV] end_config: VTY:0x7f1495041180, pending SET-CFG: 0
2025/11/29 09:38:33 ZEBRA: [YDG3W-JND95] FD Limit set: 1048576 is stupidly large.  Is this what you intended?  Consider using --limit-fds also limiting size to 100000
2025/11/29 09:38:33 ZEBRA: [V98V0-MTWPF] client 84 says hello and bids fair to announce only bgp routes vrf=0
2025/11/29 09:39:40 ZEBRA: [VQK5M-9G0V1][EC 100663315] CPU starvation: {(event *)0x7ffd784224b8 arg=0x7701c0bc9910 ready               wheel_timer_thread() &wheel->timer from lib/wheel.c:50} getting executed 7073ms late, warning threshold 4000ms. System load: 1.85, 0.86, 0.32
2025/11/29 09:39:57 ZEBRA: [VQK5M-9G0V1][EC 100663315] CPU starvation: {(event *)0x7ffd784224b8 arg=0x7701c0bc9910 ready               wheel_timer_thread() &wheel->timer from lib/wheel.c:50} getting executed 4143ms late, warning threshold 4000ms. System load: 1.44, 0.82, 0.31
2025/11/29 09:40:20 ZEBRA: [VQK5M-9G0V1][EC 100663315] CPU starvation: {(event *)0x7ffd784224b8 arg=0x7701c0bc9910 ready               wheel_timer_thread() &wheel->timer from lib/wheel.c:50} getting executed 19863ms late, warning threshold 4000ms. System load: 1.39, 0.85, 0.34
2025/11/29 09:41:16 ZEBRA: [VQK5M-9G0V1][EC 100663315] CPU starvation: {(event *)0x7ffd784224b8 arg=0x7701c0bc9910 ready               wheel_timer_thread() &wheel->timer from lib/wheel.c:50} getting executed 4383ms late, warning threshold 4000ms. System load: 0.98, 0.85, 0.37
2025/11/29 09:42:48 OSPF: [VTVCM-Y2NW3] Configuration Read in Took: 00:00:00
2025/11/29 09:42:48 OSPF: [G6NKK-8C6DV] end_config: VTY:0x7d8b605fe060, pending SET-CFG: 0
2025/11/29 09:42:48 OSPF6: [VTVCM-Y2NW3] Configuration Read in Took: 00:00:00
2025/11/29 09:42:48 OSPF6: [G6NKK-8C6DV] end_config: VTY:0x7565f5db9050, pending SET-CFG: 0
2025/11/29 09:42:48 LDP: [VTVCM-Y2NW3] Configuration Read in Took: 00:00:00
2025/11/29 09:42:48 LDP: [G6NKK-8C6DV] end_config: VTY:0x706d3bab8610, pending SET-CFG: 0
2025/11/29 09:42:48 BGP: [VTVCM-Y2NW3] Configuration Read in Took: 00:00:00
2025/11/29 09:42:48 BGP: [G6NKK-8C6DV] end_config: VTY:0x76a4f2e470b0, pending SET-CFG: 0
2025/11/29 09:42:48 ISIS: [VTVCM-Y2NW3] Configuration Read in Took: 00:00:00
2025/11/29 09:42:48 ISIS: [G6NKK-8C6DV] end_config: VTY:0x79964f08d1b0, pending SET-CFG: 0
2025/11/29 09:42:48 STATIC: [VTVCM-Y2NW3] Configuration Read in Took: 00:00:00
2025/11/29 09:42:48 STATIC: [G6NKK-8C6DV] end_config: VTY:0x786336b270c0, pending SET-CFG: 0
2025/11/29 09:42:48 PATH: [VTVCM-Y2NW3] Configuration Read in Took: 00:00:00
2025/11/29 09:42:48 PATH: [G6NKK-8C6DV] end_config: VTY:0x7d24696c4190, pending SET-CFG: 0
2025/11/29 09:42:49 OSPF6: [GZ318-0J443] Zebra: got delete of eth3, but interface is still up
2025/11/29 09:42:49 ZEBRA: [YDG3W-JND95] FD Limit set: 1048576 is stupidly large.  Is this what you intended?  Consider using --limit-fds also limiting size to 100000
2025/11/29 09:42:49 ZEBRA: [V98V0-MTWPF] client 84 says hello and bids fair to announce only bgp routes vrf=0
2025/11/29 09:42:49 OSPF6: [GZ318-0J443] Zebra: got delete of lo20, but interface is still up
2025/11/29 09:45:34 ZEBRA: [VTVCM-Y2NW3] Configuration Read in Took: 00:00:00
2025/11/29 09:45:34 ZEBRA: [G6NKK-8C6DV] end_config: VTY:0x7cbb12a54660, pending SET-CFG: 0
2025/11/29 09:45:34 OSPF: [VTVCM-Y2NW3] Configuration Read in Took: 00:00:00
2025/11/29 09:45:34 OSPF: [G6NKK-8C6DV] end_config: VTY:0x79609ebbe070, pending SET-CFG: 0
2025/11/29 09:45:34 LDP: [VTVCM-Y2NW3] Configuration Read in Took: 00:00:00
2025/11/29 09:45:34 LDP: [G6NKK-8C6DV] end_config: VTY:0x7aafa1347610, pending SET-CFG: 0
2025/11/29 09:45:34 OSPF6: [VTVCM-Y2NW3] Configuration Read in Took: 00:00:00
2025/11/29 09:45:34 OSPF6: [G6NKK-8C6DV] end_config: VTY:0x7db5227b4050, pending SET-CFG: 0
2025/11/29 09:45:34 ISIS: [VTVCM-Y2NW3] Configuration Read in Took: 00:00:00
2025/11/29 09:45:34 ISIS: [G6NKK-8C6DV] end_config: VTY:0x7b277b63e1b0, pending SET-CFG: 0
2025/11/29 09:45:34 BGP: [VTVCM-Y2NW3] Configuration Read in Took: 00:00:00
2025/11/29 09:45:34 BGP: [G6NKK-8C6DV] end_config: VTY:0x725fb72260b0, pending SET-CFG: 0
2025/11/29 09:45:34 STATIC: [VTVCM-Y2NW3] Configuration Read in Took: 00:00:00
2025/11/29 09:45:34 STATIC: [G6NKK-8C6DV] end_config: VTY:0x79a7f5eb90c0, pending SET-CFG: 0
2025/11/29 09:45:34 PATH: [VTVCM-Y2NW3] Configuration Read in Took: 00:00:00
2025/11/29 09:45:34 PATH: [G6NKK-8C6DV] end_config: VTY:0x741665d22190, pending SET-CFG: 0
2025/11/29 09:45:34 ZEBRA: [YDG3W-JND95] FD Limit set: 1048576 is stupidly large.  Is this what you intended?  Consider using --limit-fds also limiting size to 100000
2025/11/29 09:45:34 ZEBRA: [V98V0-MTWPF] client 81 says hello and bids fair to announce only bgp routes vrf=0
2025/11/29 09:45:34 OSPF6: [GZ318-0J443] Zebra: got delete of eth3, but interface is still up
2025/11/29 09:45:35 OSPF6: [GZ318-0J443] Zebra: got delete of lo20, but interface is still up
2025/11/29 09:53:25 STATIC: [S4MGP-4WQTA] route_notify_owner: Route 100.0.0.0/32 failed to install for table: 20
2025/11/29 09:53:26 PATH: [NN4XW-E4M3V] IPv4 Router Id updated for VRF 0: 4.4.4.4
2025/11/29 09:53:26 PATH: [NN4XW-E4M3V] IPv6 Router Id updated for VRF 0: 4:4:4::4
2025/11/29 09:53:26 ZEBRA: [YDG3W-JND95] FD Limit set: 1048576 is stupidly large.  Is this what you intended?  Consider using --limit-fds also limiting size to 100000
2025/11/29 09:53:26 ZEBRA: [V98V0-MTWPF] client 91 says hello and bids fair to announce only isis routes vrf=0
2025/11/29 09:53:26 ZEBRA: [TAFZ7-2C7QV] client protocol instance 1
2025/11/29 09:53:26 BGP: [M95PE-ZW8F6] VRF default(0): bgp_zebra_process_srv6_locator_internal, Received SRv6 locator loc01 4:4:4::/48, loc-block-len=24, loc-node-len=24 func-len=16, arg-len=0
2025/11/29 09:53:26 ISIS: [S89PV-K124N] isis_zebra_process_srv6_locator_internal: Received SRv6 locator loc01 4:4:4::/48, loc-block-len=24, loc-node-len=24 func-len=16, arg-len=0
2025/11/29 09:53:26 ISIS: [Q7SVW-YVKRH] %ADJCHANGE: Adjacency to 0000.0000.0001 (eth2) for level-2 changed from Unknown to Initializing, unspecified
2025/11/29 09:53:26 ISIS: [Q7SVW-YVKRH] %ADJCHANGE: Adjacency to 0000.0000.0001 (eth2) for level-2 changed from Initializing to Up, unspecified
2025/11/29 09:53:26 ZEBRA: [HSYZM-HV7HF] Extended Error: Label >= configured maximum in platform_labels
2025/11/29 09:53:26 ZEBRA: [WVJCK-PPMGD][EC 4043309093] netlink-dp (NS 0) error: Invalid argument, type=RTM_NEWROUTE(24), seq=103, pid=2694383396
2025/11/29 09:53:26 ZEBRA: [RYJ61-Q2T1D][EC 4043309108] LSP Install Failure: in-label 15000
2025/11/29 09:53:27 PATH: [NN4XW-E4M3V] IPv6 Router Id updated for VRF 0: 3000::2
2025/11/29 09:53:28 BGP: [M59KS-A3ZXZ] bgp_update_receive_eor: rcvd End-of-RIB for IPv6 Unicast from 1001::1 in vrf default
2025/11/29 09:53:56 BGP: [MVZKX-EG443][EC 33554452] bgp_process_packet: BGP OPEN receipt failed for peer: 3:3:3::3
2025/11/29 09:53:57 BGP: [M59KS-A3ZXZ] bgp_update_receive_eor: rcvd End-of-RIB for IPv4 VPN from 3:3:3::3 in vrf default
2025/11/29 09:53:57 BGP: [M59KS-A3ZXZ] bgp_update_receive_eor: rcvd End-of-RIB for IPv6 Unicast from 3:3:3::3 in vrf default
2025/11/29 09:56:16 BGP: [M59KS-A3ZXZ] bgp_update_receive_eor: rcvd End-of-RIB for IPv4 VPN from 5:5:5::5 in vrf default
2025/11/29 09:56:37 BGP: [M59KS-A3ZXZ] bgp_update_receive_eor: rcvd End-of-RIB for IPv4 VPN from 6:6:6::6 in vrf default
