2025/11/21 04:13:34 OSPF: [VTVCM-Y2NW3] Configuration Read in Took: 00:00:00
2025/11/21 04:13:34 OSPF: [G6NKK-8C6DV] end_config: VTY:0x779a5b461070, pending SET-CFG: 0
2025/11/21 04:13:34 OSPF6: [VTVCM-Y2NW3] Configuration Read in Took: 00:00:00
2025/11/21 04:13:34 OSPF6: [G6NKK-8C6DV] end_config: VTY:0x723490836050, pending SET-CFG: 0
2025/11/21 04:13:34 LDP: [VTVCM-Y2NW3] Configuration Read in Took: 00:00:00
2025/11/21 04:13:34 LDP: [G6NKK-8C6DV] end_config: VTY:0x7cbf0c2cd610, pending SET-CFG: 0
2025/11/21 04:13:34 ISIS: [VTVCM-Y2NW3] Configuration Read in Took: 00:00:00
2025/11/21 04:13:34 ISIS: [G6NKK-8C6DV] end_config: VTY:0x727c937751b0, pending SET-CFG: 0
2025/11/21 04:13:34 BGP: [VTVCM-Y2NW3] Configuration Read in Took: 00:00:00
2025/11/21 04:13:34 BGP: [G6NKK-8C6DV] end_config: VTY:0x7ef51b4bc0b0, pending SET-CFG: 0
2025/11/21 04:13:34 STATIC: [VTVCM-Y2NW3] Configuration Read in Took: 00:00:00
2025/11/21 04:13:34 STATIC: [G6NKK-8C6DV] end_config: VTY:0x73ea32c440c0, pending SET-CFG: 0
2025/11/21 04:13:34 PATH: [VTVCM-Y2NW3] Configuration Read in Took: 00:00:00
2025/11/21 04:13:34 PATH: [G6NKK-8C6DV] end_config: VTY:0x7fd4c1e1f190, pending SET-CFG: 0
2025/11/21 04:13:35 OSPF6: [GZ318-0J443] Zebra: got delete of lo20, but interface is still up
2025/11/21 04:13:35 ZEBRA: [YDG3W-JND95] FD Limit set: 1048576 is stupidly large.  Is this what you intended?  Consider using --limit-fds also limiting size to 100000
2025/11/21 04:13:35 ZEBRA: [V98V0-MTWPF] client 84 says hello and bids fair to announce only bgp routes vrf=0
2025/11/21 04:17:43 BGP: [VTVCM-Y2NW3] Configuration Read in Took: 00:00:00
2025/11/21 04:17:43 BGP: [G6NKK-8C6DV] end_config: VTY:0x747886e950b0, pending SET-CFG: 0
2025/11/21 04:17:43 LDP: [VTVCM-Y2NW3] Configuration Read in Took: 00:00:00
2025/11/21 04:17:43 LDP: [G6NKK-8C6DV] end_config: VTY:0x7c8dd958c610, pending SET-CFG: 0
2025/11/21 04:17:43 OSPF6: [VTVCM-Y2NW3] Configuration Read in Took: 00:00:00
2025/11/21 04:17:43 OSPF6: [G6NKK-8C6DV] end_config: VTY:0x7c427cfa8050, pending SET-CFG: 0
2025/11/21 04:17:43 OSPF: [VTVCM-Y2NW3] Configuration Read in Took: 00:00:00
2025/11/21 04:17:43 OSPF: [G6NKK-8C6DV] end_config: VTY:0x7d7ae7bab070, pending SET-CFG: 0
2025/11/21 04:17:43 ISIS: [VTVCM-Y2NW3] Configuration Read in Took: 00:00:00
2025/11/21 04:17:43 ISIS: [G6NKK-8C6DV] end_config: VTY:0x756dbfd041b0, pending SET-CFG: 0
2025/11/21 04:17:43 STATIC: [VTVCM-Y2NW3] Configuration Read in Took: 00:00:00
2025/11/21 04:17:43 STATIC: [G6NKK-8C6DV] end_config: VTY:0x7eca82f780c0, pending SET-CFG: 0
2025/11/21 04:17:43 PATH: [VTVCM-Y2NW3] Configuration Read in Took: 00:00:00
2025/11/21 04:17:43 PATH: [G6NKK-8C6DV] end_config: VTY:0x78c889664190, pending SET-CFG: 0
2025/11/21 04:17:43 ZEBRA: [YDG3W-JND95] FD Limit set: 1048576 is stupidly large.  Is this what you intended?  Consider using --limit-fds also limiting size to 100000
2025/11/21 04:17:43 ZEBRA: [V98V0-MTWPF] client 84 says hello and bids fair to announce only bgp routes vrf=0
2025/11/21 04:17:43 OSPF6: [GZ318-0J443] Zebra: got delete of lo20, but interface is still up
2025/11/21 04:21:05 PATH: [NN4XW-E4M3V] IPv6 Router Id updated for VRF 0: 2001::a8c1:abff:fe1b:f348
2025/11/21 04:42:22 PATH: [NN4XW-E4M3V] IPv6 Router Id updated for VRF 0: ::
2025/11/21 04:44:10 ZEBRA: [VTVCM-Y2NW3] Configuration Read in Took: 00:00:00
2025/11/21 04:44:10 ZEBRA: [G6NKK-8C6DV] end_config: VTY:0x7d8cb85426b0, pending SET-CFG: 0
2025/11/21 04:44:10 OSPF: [VTVCM-Y2NW3] Configuration Read in Took: 00:00:00
2025/11/21 04:44:10 OSPF: [G6NKK-8C6DV] end_config: VTY:0x772b54a6a070, pending SET-CFG: 0
2025/11/21 04:44:10 OSPF6: [VTVCM-Y2NW3] Configuration Read in Took: 00:00:00
2025/11/21 04:44:10 OSPF6: [G6NKK-8C6DV] end_config: VTY:0x7cb429c94050, pending SET-CFG: 0
2025/11/21 04:44:10 ISIS: [VTVCM-Y2NW3] Configuration Read in Took: 00:00:00
2025/11/21 04:44:10 ISIS: [G6NKK-8C6DV] end_config: VTY:0x74bf0e6531b0, pending SET-CFG: 0
2025/11/21 04:44:10 BGP: [VTVCM-Y2NW3] Configuration Read in Took: 00:00:00
2025/11/21 04:44:10 BGP: [G6NKK-8C6DV] end_config: VTY:0x7ce251e700b0, pending SET-CFG: 0
2025/11/21 04:44:10 LDP: [VTVCM-Y2NW3] Configuration Read in Took: 00:00:00
2025/11/21 04:44:10 LDP: [G6NKK-8C6DV] end_config: VTY:0x71b7fd84a610, pending SET-CFG: 0
2025/11/21 04:44:10 STATIC: [VTVCM-Y2NW3] Configuration Read in Took: 00:00:00
2025/11/21 04:44:10 STATIC: [G6NKK-8C6DV] end_config: VTY:0x712d54cbd0c0, pending SET-CFG: 0
2025/11/21 04:44:10 PATH: [VTVCM-Y2NW3] Configuration Read in Took: 00:00:00
2025/11/21 04:44:10 PATH: [G6NKK-8C6DV] end_config: VTY:0x7ca0d6de3190, pending SET-CFG: 0
2025/11/21 04:44:10 OSPF6: [GZ318-0J443] Zebra: got delete of eth3, but interface is still up
2025/11/21 04:44:10 ZEBRA: [YDG3W-JND95] FD Limit set: 1048576 is stupidly large.  Is this what you intended?  Consider using --limit-fds also limiting size to 100000
2025/11/21 04:44:10 ZEBRA: [V98V0-MTWPF] client 84 says hello and bids fair to announce only bgp routes vrf=0
2025/11/21 04:44:10 OSPF6: [GZ318-0J443] Zebra: got delete of lo20, but interface is still up
2025/11/21 04:57:16 PATH: [NN4XW-E4M3V] IPv4 Router Id updated for VRF 0: 6.6.6.6
2025/11/21 04:57:16 PATH: [NN4XW-E4M3V] IPv6 Router Id updated for VRF 0: 6:6:6::6
2025/11/21 04:57:16 ISIS: [TS11G-09SPQ][EC 100663301] zebra_interface_link_params_read: unknown ifindex 0, shouldn't happen
2025/11/21 04:57:16 ZEBRA: [YDG3W-JND95] FD Limit set: 1048576 is stupidly large.  Is this what you intended?  Consider using --limit-fds also limiting size to 100000
2025/11/21 04:57:16 ZEBRA: [V98V0-MTWPF] client 91 says hello and bids fair to announce only isis routes vrf=0
2025/11/21 04:57:16 ZEBRA: [TAFZ7-2C7QV] client protocol instance 1
2025/11/21 04:57:16 BGP: [M95PE-ZW8F6] VRF default(0): bgp_zebra_process_srv6_locator_internal, Received SRv6 locator loc01 6:6:6::/48, loc-block-len=24, loc-node-len=24 func-len=16, arg-len=0
2025/11/21 04:57:16 ISIS: [S89PV-K124N] isis_zebra_process_srv6_locator_internal: Received SRv6 locator loc01 6:6:6::/48, loc-block-len=24, loc-node-len=24 func-len=16, arg-len=0
2025/11/21 04:57:18 PATH: [NN4XW-E4M3V] IPv6 Router Id updated for VRF 0: 2001::2
2025/11/21 04:57:18 PATH: [NN4XW-E4M3V] IPv6 Router Id updated for VRF 0: 4000::2
2025/11/21 04:57:18 ISIS: [RYS4A-ANPBK] ISIS-Adj (srv6): Received IIH with own sysid on eth2 - discard
2025/11/21 04:57:18 ISIS: [VAS9N-1JNNR] PDU drop detected of type: P2P IIH. 1 Total Drops; 0 L1 IIH drops;  0 L2 IIH drops; 1 P2P IIH drops; 0 L1 LSP drops; 0 L2 LSP drops; 0 FS LSP drops; 0 L1 CSNP drops; 0 L2 CSNP drops; 0 L1 PSNP drops; 0 L2 PSNP drops.
2025/11/21 04:57:19 BGP: [M59KS-A3ZXZ] bgp_update_receive_eor: rcvd End-of-RIB for IPv6 Unicast from 2001::1 in vrf default
2025/11/21 04:57:21 ISIS: [RYS4A-ANPBK] ISIS-Adj (srv6): Received IIH with own sysid on eth2 - discard
2025/11/21 04:57:21 ISIS: [VAS9N-1JNNR] PDU drop detected of type: P2P IIH. 2 Total Drops; 0 L1 IIH drops;  0 L2 IIH drops; 2 P2P IIH drops; 0 L1 LSP drops; 0 L2 LSP drops; 0 FS LSP drops; 0 L1 CSNP drops; 0 L2 CSNP drops; 0 L1 PSNP drops; 0 L2 PSNP drops.
2025/11/21 04:57:24 ISIS: [RYS4A-ANPBK] ISIS-Adj (srv6): Received IIH with own sysid on eth2 - discard
2025/11/21 04:57:24 ISIS: [VAS9N-1JNNR] PDU drop detected of type: P2P IIH. 3 Total Drops; 0 L1 IIH drops;  0 L2 IIH drops; 3 P2P IIH drops; 0 L1 LSP drops; 0 L2 LSP drops; 0 FS LSP drops; 0 L1 CSNP drops; 0 L2 CSNP drops; 0 L1 PSNP drops; 0 L2 PSNP drops.
2025/11/21 04:57:27 ISIS: [RYS4A-ANPBK] ISIS-Adj (srv6): Received IIH with own sysid on eth2 - discard
2025/11/21 04:57:27 ISIS: [VAS9N-1JNNR] PDU drop detected of type: P2P IIH. 4 Total Drops; 0 L1 IIH drops;  0 L2 IIH drops; 4 P2P IIH drops; 0 L1 LSP drops; 0 L2 LSP drops; 0 FS LSP drops; 0 L1 CSNP drops; 0 L2 CSNP drops; 0 L1 PSNP drops; 0 L2 PSNP drops.
2025/11/21 04:57:30 ISIS: [RYS4A-ANPBK] ISIS-Adj (srv6): Received IIH with own sysid on eth2 - discard
2025/11/21 04:57:30 ISIS: [VAS9N-1JNNR] PDU drop detected of type: P2P IIH. 5 Total Drops; 0 L1 IIH drops;  0 L2 IIH drops; 5 P2P IIH drops; 0 L1 LSP drops; 0 L2 LSP drops; 0 FS LSP drops; 0 L1 CSNP drops; 0 L2 CSNP drops; 0 L1 PSNP drops; 0 L2 PSNP drops.
2025/11/21 04:57:32 ISIS: [RYS4A-ANPBK] ISIS-Adj (srv6): Received IIH with own sysid on eth2 - discard
2025/11/21 04:57:32 ISIS: [VAS9N-1JNNR] PDU drop detected of type: P2P IIH. 6 Total Drops; 0 L1 IIH drops;  0 L2 IIH drops; 6 P2P IIH drops; 0 L1 LSP drops; 0 L2 LSP drops; 0 FS LSP drops; 0 L1 CSNP drops; 0 L2 CSNP drops; 0 L1 PSNP drops; 0 L2 PSNP drops.
2025/11/21 04:57:35 ISIS: [RYS4A-ANPBK] ISIS-Adj (srv6): Received IIH with own sysid on eth2 - discard
2025/11/21 04:57:35 ISIS: [VAS9N-1JNNR] PDU drop detected of type: P2P IIH. 7 Total Drops; 0 L1 IIH drops;  0 L2 IIH drops; 7 P2P IIH drops; 0 L1 LSP drops; 0 L2 LSP drops; 0 FS LSP drops; 0 L1 CSNP drops; 0 L2 CSNP drops; 0 L1 PSNP drops; 0 L2 PSNP drops.
2025/11/21 04:57:38 ISIS: [RYS4A-ANPBK] ISIS-Adj (srv6): Received IIH with own sysid on eth2 - discard
2025/11/21 04:57:38 ISIS: [VAS9N-1JNNR] PDU drop detected of type: P2P IIH. 8 Total Drops; 0 L1 IIH drops;  0 L2 IIH drops; 8 P2P IIH drops; 0 L1 LSP drops; 0 L2 LSP drops; 0 FS LSP drops; 0 L1 CSNP drops; 0 L2 CSNP drops; 0 L1 PSNP drops; 0 L2 PSNP drops.
2025/11/21 04:57:41 ISIS: [RYS4A-ANPBK] ISIS-Adj (srv6): Received IIH with own sysid on eth2 - discard
2025/11/21 04:57:41 ISIS: [VAS9N-1JNNR] PDU drop detected of type: P2P IIH. 9 Total Drops; 0 L1 IIH drops;  0 L2 IIH drops; 9 P2P IIH drops; 0 L1 LSP drops; 0 L2 LSP drops; 0 FS LSP drops; 0 L1 CSNP drops; 0 L2 CSNP drops; 0 L1 PSNP drops; 0 L2 PSNP drops.
2025/11/21 04:57:44 ISIS: [RYS4A-ANPBK] ISIS-Adj (srv6): Received IIH with own sysid on eth2 - discard
2025/11/21 04:57:44 ISIS: [VAS9N-1JNNR] PDU drop detected of type: P2P IIH. 10 Total Drops; 0 L1 IIH drops;  0 L2 IIH drops; 10 P2P IIH drops; 0 L1 LSP drops; 0 L2 LSP drops; 0 FS LSP drops; 0 L1 CSNP drops; 0 L2 CSNP drops; 0 L1 PSNP drops; 0 L2 PSNP drops.
2025/11/21 04:57:46 ISIS: [MHYBZ-5A04C][EC 100663334] error processing configuration change: error [validation] event [validate] operation [create] xpath [/frr-isisd:isis/instance[area-tag='srv6'][vrf='default']/area-address[.='49.0001.0000.0000.0002.00']] message: System ID must not change when defining additional area addresses
2025/11/21 04:57:46 ISIS: [H68KZ-12QEF][EC 100663340] nb_candidate_commit_prepare: failed to validate candidate configuration
2025/11/21 04:57:47 ISIS: [RYS4A-ANPBK] ISIS-Adj (srv6): Received IIH with own sysid on eth2 - discard
2025/11/21 04:57:47 ISIS: [VAS9N-1JNNR] PDU drop detected of type: P2P IIH. 11 Total Drops; 0 L1 IIH drops;  0 L2 IIH drops; 11 P2P IIH drops; 0 L1 LSP drops; 0 L2 LSP drops; 0 FS LSP drops; 0 L1 CSNP drops; 0 L2 CSNP drops; 0 L1 PSNP drops; 0 L2 PSNP drops.
2025/11/21 04:57:50 ISIS: [RYS4A-ANPBK] ISIS-Adj (srv6): Received IIH with own sysid on eth2 - discard
2025/11/21 04:57:50 ISIS: [VAS9N-1JNNR] PDU drop detected of type: P2P IIH. 12 Total Drops; 0 L1 IIH drops;  0 L2 IIH drops; 12 P2P IIH drops; 0 L1 LSP drops; 0 L2 LSP drops; 0 FS LSP drops; 0 L1 CSNP drops; 0 L2 CSNP drops; 0 L1 PSNP drops; 0 L2 PSNP drops.
2025/11/21 04:57:53 ISIS: [RYS4A-ANPBK] ISIS-Adj (srv6): Received IIH with own sysid on eth2 - discard
2025/11/21 04:57:53 ISIS: [VAS9N-1JNNR] PDU drop detected of type: P2P IIH. 13 Total Drops; 0 L1 IIH drops;  0 L2 IIH drops; 13 P2P IIH drops; 0 L1 LSP drops; 0 L2 LSP drops; 0 FS LSP drops; 0 L1 CSNP drops; 0 L2 CSNP drops; 0 L1 PSNP drops; 0 L2 PSNP drops.
2025/11/21 04:57:55 ISIS: [RYS4A-ANPBK] ISIS-Adj (srv6): Received IIH with own sysid on eth2 - discard
2025/11/21 04:57:55 ISIS: [VAS9N-1JNNR] PDU drop detected of type: P2P IIH. 14 Total Drops; 0 L1 IIH drops;  0 L2 IIH drops; 14 P2P IIH drops; 0 L1 LSP drops; 0 L2 LSP drops; 0 FS LSP drops; 0 L1 CSNP drops; 0 L2 CSNP drops; 0 L1 PSNP drops; 0 L2 PSNP drops.
2025/11/21 04:57:58 ISIS: [RYS4A-ANPBK] ISIS-Adj (srv6): Received IIH with own sysid on eth2 - discard
2025/11/21 04:57:58 ISIS: [VAS9N-1JNNR] PDU drop detected of type: P2P IIH. 15 Total Drops; 0 L1 IIH drops;  0 L2 IIH drops; 15 P2P IIH drops; 0 L1 LSP drops; 0 L2 LSP drops; 0 FS LSP drops; 0 L1 CSNP drops; 0 L2 CSNP drops; 0 L1 PSNP drops; 0 L2 PSNP drops.
2025/11/21 04:58:01 ISIS: [Q7SVW-YVKRH] %ADJCHANGE: Adjacency to 0000.0000.0001 (eth2) for level-2 changed from Unknown to Initializing, unspecified
2025/11/21 04:58:01 ISIS: [Q7SVW-YVKRH] %ADJCHANGE: Adjacency to 0000.0000.0001 (eth2) for level-2 changed from Initializing to Down, Area Mismatch
2025/11/21 04:58:04 ISIS: [Q7SVW-YVKRH] %ADJCHANGE: Adjacency to 0000.0000.0001 (eth2) for level-2 changed from Unknown to Initializing, unspecified
2025/11/21 04:58:04 ISIS: [Q7SVW-YVKRH] %ADJCHANGE: Adjacency to 0000.0000.0001 (eth2) for level-2 changed from Initializing to Up, unspecified
2025/11/21 04:58:04 ZEBRA: [HSYZM-HV7HF] Extended Error: Label >= configured maximum in platform_labels
2025/11/21 04:58:04 ZEBRA: [WVJCK-PPMGD][EC 4043309093] netlink-dp (NS 0) error: Invalid argument, type=RTM_NEWROUTE(24), seq=94, pid=3222705133
2025/11/21 04:58:04 ZEBRA: [RYJ61-Q2T1D][EC 4043309108] LSP Install Failure: in-label 15000
2025/11/21 04:58:05 ISIS: [VKV2G-SPWS0][EC 100663307] ISIS-Upd (srv6): BUG updating LSP 0000.0000.0001.00-00 still marked as own LSP
2025/11/21 04:59:52 BGP: [M59KS-A3ZXZ] bgp_update_receive_eor: rcvd End-of-RIB for IPv6 Unicast from 5:5:5::5 in vrf default
2025/11/21 05:04:21 BGP: [M59KS-A3ZXZ] bgp_update_receive_eor: rcvd End-of-RIB for IPv6 Unicast from 5:5:5::5 in vrf default
2025/11/21 05:04:35 BGP: [M59KS-A3ZXZ] bgp_update_receive_eor: rcvd End-of-RIB for IPv4 VPN from 5:5:5::5 in vrf default
2025/11/21 05:04:35 BGP: [M59KS-A3ZXZ] bgp_update_receive_eor: rcvd End-of-RIB for IPv6 Unicast from 5:5:5::5 in vrf default
2025/11/21 05:09:02 BGP: [MVZKX-EG443][EC 33554452] bgp_process_packet: BGP OPEN receipt failed for peer: 5:5:5::5
2025/11/21 05:09:03 BGP: [M59KS-A3ZXZ] bgp_update_receive_eor: rcvd End-of-RIB for IPv4 VPN from 5:5:5::5 in vrf default
2025/11/21 05:09:03 BGP: [M59KS-A3ZXZ] bgp_update_receive_eor: rcvd End-of-RIB for IPv6 Unicast from 5:5:5::5 in vrf default
2025/11/21 05:09:13 BGP: [MVZKX-EG443][EC 33554452] bgp_process_packet: BGP OPEN receipt failed for peer: 5:5:5::5
2025/11/21 05:09:13 BGP: [H4B4J-DCW2R][EC 33554455] 5:5:5::5 [Error] bgp_read_packet error: Connection reset by peer
2025/11/21 05:09:14 BGP: [M59KS-A3ZXZ] bgp_update_receive_eor: rcvd End-of-RIB for IPv4 VPN from 5:5:5::5 in vrf default
2025/11/21 05:09:14 BGP: [M59KS-A3ZXZ] bgp_update_receive_eor: rcvd End-of-RIB for IPv6 Unicast from 5:5:5::5 in vrf default
2025/11/21 06:13:07 BGP: [M59KS-A3ZXZ] bgp_update_receive_eor: rcvd End-of-RIB for IPv4 VPN from 3:3:3::3 in vrf default
2025/11/21 06:13:07 BGP: [M59KS-A3ZXZ] bgp_update_receive_eor: rcvd End-of-RIB for IPv4 VPN from 4:4:4::4 in vrf default
2025/11/21 13:22:56 BGP: [M59KS-A3ZXZ] bgp_update_receive_eor: rcvd End-of-RIB for IPv4 VPN from 3:3:3::3 in vrf default
2025/11/21 13:25:23 BGP: [M59KS-A3ZXZ] bgp_update_receive_eor: rcvd End-of-RIB for IPv4 VPN from 3:3:3::3 in vrf default
2025/11/21 14:01:36 ISIS: [M7QDW-48DP2] isis_recv_pdu_bcast: ifname eth2, fd 20, bytesread -1, recvfrom(): Network is down
2025/11/21 14:01:36 ISIS: [P42KE-G0CDM] packet is received on multiple interfaces: socket interface 0, circuit interface 134, packet type 0
2025/11/21 14:01:36 ISIS: [PT8ND-1Y17N] isis_recv_pdu_bcast: recvfrom() failed
2025/11/21 14:01:36 ISIS: [Q7SVW-YVKRH] %ADJCHANGE: Adjacency to pe3 (eth2) for level-2 changed from Up to Down, circuit is being brought down
2025/11/21 14:01:36 ISIS: [TBBSQ-HBJMF] IS-IS pfpacket: could not transmit packet on eth2: No such device or address
2025/11/21 14:01:36 ISIS: [G7ZA5-AT06A][EC 67108865] ISIS-Adj (srv6): Send L2 IIH on eth2 failed
2025/11/21 14:01:36 PATH: [NN4XW-E4M3V] IPv6 Router Id updated for VRF 0: 2001::2
2025/11/21 14:01:36 ZEBRA: [SWQK6-6JY63][EC 4043309074] 0:254:6:6:6::/48: Failed to enqueue dataplane install
2025/11/21 14:01:36 ZEBRA: [SWQK6-6JY63][EC 4043309074] 0:254:5:5:5:2::/128: Failed to enqueue dataplane install
2025/11/21 14:01:36 ZEBRA: [SWQK6-6JY63][EC 4043309074] 0:254:5:5:5::/128: Failed to enqueue dataplane install
2025/11/21 14:01:36 ZEBRA: [SWQK6-6JY63][EC 4043309074] 0:254:2000::/64: Failed to enqueue dataplane install
2025/11/21 14:01:36 ZEBRA: [SWQK6-6JY63][EC 4043309074] 0:254:5:5:5::5/128: Failed to enqueue dataplane install
2025/11/21 14:01:36 ZEBRA: [SWQK6-6JY63][EC 4043309074] 0:254:5:5:5::/48: Failed to enqueue dataplane install
2025/11/21 14:01:36 ZEBRA: [SWQK6-6JY63][EC 4043309074] 0:254:6:6:6:2::/128: Failed to enqueue dataplane install
2025/11/21 14:01:36 ZEBRA: [HSYZM-HV7HF] Extended Error: Nexthop id does not exist
2025/11/21 14:01:36 ZEBRA: [WVJCK-PPMGD][EC 4043309093] netlink-dp (NS 0) error: Invalid argument, type=RTM_NEWROUTE(24), seq=403, pid=3222705133
2025/11/21 14:01:36 ZEBRA: [HSYZM-HV7HF] Extended Error: Nexthop id does not exist
2025/11/21 14:01:36 ZEBRA: [WVJCK-PPMGD][EC 4043309093] netlink-dp (NS 0) error: Invalid argument, type=RTM_NEWROUTE(24), seq=404, pid=3222705133
2025/11/21 14:01:36 ZEBRA: [HSYZM-HV7HF] Extended Error: Nexthop id does not exist
2025/11/21 14:01:36 ZEBRA: [WVJCK-PPMGD][EC 4043309093] netlink-dp (NS 0) error: Invalid argument, type=RTM_NEWROUTE(24), seq=405, pid=3222705133
2025/11/21 14:01:36 ZEBRA: [HSYZM-HV7HF] Extended Error: Nexthop id does not exist
2025/11/21 14:01:36 ZEBRA: [WVJCK-PPMGD][EC 4043309093] netlink-dp (NS 0) error: Invalid argument, type=RTM_NEWROUTE(24), seq=406, pid=3222705133
2025/11/21 14:01:36 ZEBRA: [HSYZM-HV7HF] Extended Error: Nexthop id does not exist
2025/11/21 14:01:36 ZEBRA: [WVJCK-PPMGD][EC 4043309093] netlink-dp (NS 0) error: Invalid argument, type=RTM_NEWROUTE(24), seq=407, pid=3222705133
2025/11/21 14:01:36 ZEBRA: [HSYZM-HV7HF] Extended Error: Nexthop id does not exist
2025/11/21 14:01:36 ZEBRA: [WVJCK-PPMGD][EC 4043309093] netlink-dp (NS 0) error: Invalid argument, type=RTM_NEWROUTE(24), seq=408, pid=3222705133
2025/11/21 14:01:36 ZEBRA: [HSYZM-HV7HF] Extended Error: Nexthop id does not exist
2025/11/21 14:01:36 ZEBRA: [WVJCK-PPMGD][EC 4043309093] netlink-dp (NS 0) error: Invalid argument, type=RTM_NEWROUTE(24), seq=409, pid=3222705133
2025/11/21 14:01:36 ZEBRA: [HSYZM-HV7HF] Extended Error: Nexthop id does not exist
2025/11/21 14:01:36 ZEBRA: [WVJCK-PPMGD][EC 4043309093] netlink-dp (NS 0) error: Invalid argument, type=RTM_NEWROUTE(24), seq=410, pid=3222705133
2025/11/21 14:01:36 ZEBRA: [HSYZM-HV7HF] Extended Error: Nexthop id does not exist
2025/11/21 14:01:36 ZEBRA: [WVJCK-PPMGD][EC 4043309093] netlink-dp (NS 0) error: Invalid argument, type=RTM_NEWROUTE(24), seq=411, pid=3222705133
2025/11/21 14:01:36 ZEBRA: [HSYZM-HV7HF] Extended Error: Nexthop id does not exist
2025/11/21 14:01:36 ZEBRA: [WVJCK-PPMGD][EC 4043309093] netlink-dp (NS 0) error: Invalid argument, type=RTM_NEWROUTE(24), seq=412, pid=3222705133
2025/11/21 14:01:36 ZEBRA: [HSYZM-HV7HF] Extended Error: Nexthop id does not exist
2025/11/21 14:01:36 ZEBRA: [WVJCK-PPMGD][EC 4043309093] netlink-dp (NS 0) error: Invalid argument, type=RTM_NEWROUTE(24), seq=413, pid=3222705133
2025/11/21 14:01:36 ZEBRA: [HSYZM-HV7HF] Extended Error: Nexthop id does not exist
2025/11/21 14:01:36 ZEBRA: [WVJCK-PPMGD][EC 4043309093] netlink-dp (NS 0) error: Invalid argument, type=RTM_NEWROUTE(24), seq=414, pid=3222705133
2025/11/21 14:01:36 ZEBRA: [HSYZM-HV7HF] Extended Error: Nexthop id does not exist
2025/11/21 14:01:36 ZEBRA: [WVJCK-PPMGD][EC 4043309093] netlink-dp (NS 0) error: Invalid argument, type=RTM_NEWROUTE(24), seq=415, pid=3222705133
2025/11/21 14:01:36 ZEBRA: [HSYZM-HV7HF] Extended Error: Invalid device index
2025/11/21 14:01:36 ZEBRA: [WVJCK-PPMGD][EC 4043309093] netlink-dp (NS 0) error: Invalid argument, type=RTM_NEWNEXTHOP(104), seq=416, pid=3222705133
2025/11/21 14:01:36 ZEBRA: [HSYZM-HV7HF] Extended Error: Nexthop id does not exist
2025/11/21 14:01:36 ZEBRA: [WVJCK-PPMGD][EC 4043309093] netlink-dp (NS 0) error: Invalid argument, type=RTM_NEWROUTE(24), seq=417, pid=3222705133
2025/11/21 14:01:36 ZEBRA: [VYKYC-709DP] default(0:254):4:4:4::/48: Route install failed
2025/11/21 14:01:36 ZEBRA: [VYKYC-709DP] default(0:254):3:3:3::/128: Route install failed
2025/11/21 14:01:36 ZEBRA: [VYKYC-709DP] default(0:254):3:3:3:2::/128: Route install failed
2025/11/21 14:01:36 ZEBRA: [VYKYC-709DP] default(0:254):11:11:11:11::/128: Route install failed
2025/11/21 14:01:36 ZEBRA: [VYKYC-709DP] default(0:254):1000::/64: Route install failed
2025/11/21 14:01:36 ZEBRA: [VYKYC-709DP] default(0:254):1001::/64: Route install failed
2025/11/21 14:01:36 ZEBRA: [VYKYC-709DP] default(0:254):3000::/64: Route install failed
2025/11/21 14:01:36 ZEBRA: [VYKYC-709DP] default(0:254):4:4:4::/128: Route install failed
2025/11/21 14:01:36 ZEBRA: [VYKYC-709DP] default(0:254):4:4:4:2::/128: Route install failed
2025/11/21 14:01:36 ZEBRA: [VYKYC-709DP] default(0:254):4:4:4::4/128: Route install failed
2025/11/21 14:01:36 ZEBRA: [VYKYC-709DP] default(0:254):3:3:3::3/128: Route install failed
2025/11/21 14:01:36 ZEBRA: [VYKYC-709DP] default(0:254):3:3:3::/48: Route install failed
2025/11/21 14:01:36 ZEBRA: [VYKYC-709DP] default(0:254):22:22:22:22::/128: Route install failed
2025/11/21 14:01:36 ZEBRA: [X5XE1-RS0SW][EC 4043309074] Failed to install Nexthop (171[]) into the kernel
2025/11/21 14:01:36 ZEBRA: [VYKYC-709DP] default(0:254):1000::/64: Route install failed
2025/11/21 14:01:36 PATH: [NN4XW-E4M3V] IPv6 Router Id updated for VRF 0: 6:6:6::6
2025/11/22 22:10:38 OSPF6: [VTVCM-Y2NW3] Configuration Read in Took: 00:00:00
2025/11/22 22:10:38 OSPF6: [G6NKK-8C6DV] end_config: VTY:0x73e0bbf70050, pending SET-CFG: 0
2025/11/22 22:10:38 LDP: [VTVCM-Y2NW3] Configuration Read in Took: 00:00:00
2025/11/22 22:10:38 LDP: [G6NKK-8C6DV] end_config: VTY:0x79f67fd1e610, pending SET-CFG: 0
2025/11/22 22:10:38 BGP: [HR66R-TWQYD][EC 100663302] srv6_manager_get_locator: invalid zclient socket
2025/11/22 22:10:38 STATIC: [VTVCM-Y2NW3] Configuration Read in Took: 00:00:00
2025/11/22 22:10:38 STATIC: [G6NKK-8C6DV] end_config: VTY:0x78b4e32cb0c0, pending SET-CFG: 0
2025/11/22 22:10:38 OSPF: [VTVCM-Y2NW3] Configuration Read in Took: 00:00:00
2025/11/22 22:10:38 OSPF: [G6NKK-8C6DV] end_config: VTY:0x7f574e4b2050, pending SET-CFG: 0
2025/11/22 22:10:38 ZEBRA: [YDG3W-JND95] FD Limit set: 1048576 is stupidly large.  Is this what you intended?  Consider using --limit-fds also limiting size to 100000
2025/11/22 22:10:38 BGP: [VTVCM-Y2NW3] Configuration Read in Took: 00:00:00
2025/11/22 22:10:38 BGP: [G6NKK-8C6DV] end_config: VTY:0x79e0897a90b0, pending SET-CFG: 0
2025/11/22 22:10:38 ZEBRA: [V98V0-MTWPF] client 69 says hello and bids fair to announce only isis routes vrf=0
2025/11/22 22:10:38 ZEBRA: [TAFZ7-2C7QV] client protocol instance 1
2025/11/22 22:10:38 PATH: [VTVCM-Y2NW3] Configuration Read in Took: 00:00:00
2025/11/22 22:10:38 PATH: [G6NKK-8C6DV] end_config: VTY:0x7cd873bcb190, pending SET-CFG: 0
2025/11/22 22:10:38 ISIS: [VTVCM-Y2NW3] Configuration Read in Took: 00:00:00
2025/11/22 22:10:38 ISIS: [G6NKK-8C6DV] end_config: VTY:0x73bb992a81b0, pending SET-CFG: 0
2025/11/22 22:10:38 ISIS: [S89PV-K124N] isis_zebra_process_srv6_locator_internal: Received SRv6 locator loc01 6:6:6::/48, loc-block-len=24, loc-node-len=24 func-len=16, arg-len=0
2025/11/22 22:10:38 ZEBRA: [YDG3W-JND95] FD Limit set: 1048576 is stupidly large.  Is this what you intended?  Consider using --limit-fds also limiting size to 100000
2025/11/22 22:10:38 ZEBRA: [V98V0-MTWPF] client 66 says hello and bids fair to announce only bgp routes vrf=0
2025/11/22 22:10:38 ZEBRA: [YDG3W-JND95] FD Limit set: 1048576 is stupidly large.  Is this what you intended?  Consider using --limit-fds also limiting size to 100000
2025/11/22 22:10:38 ZEBRA: [YDG3W-JND95] FD Limit set: 1048576 is stupidly large.  Is this what you intended?  Consider using --limit-fds also limiting size to 100000
2025/11/22 22:10:38 ZEBRA: [V98V0-MTWPF] client 78 says hello and bids fair to announce only bgp routes vrf=0
2025/11/22 22:10:38 ZEBRA: [V98V0-MTWPF] client 81 says hello and bids fair to announce only vnc routes vrf=0
2025/11/22 22:10:38 BGP: [M95PE-ZW8F6] VRF default(0): bgp_zebra_process_srv6_locator_internal, Received SRv6 locator loc01 6:6:6::/48, loc-block-len=24, loc-node-len=24 func-len=16, arg-len=0
2025/11/22 22:10:38 ZEBRA: [HSYZM-HV7HF] Extended Error: Strict mode for VRF is disabled
2025/11/22 22:10:38 ZEBRA: [WVJCK-PPMGD][EC 4043309093] netlink-dp (NS 0) error: Operation not permitted, type=RTM_NEWNEXTHOP(104), seq=49, pid=2730083821
2025/11/22 22:10:38 ZEBRA: [HSYZM-HV7HF] Extended Error: Nexthop id does not exist
2025/11/22 22:10:38 ZEBRA: [WVJCK-PPMGD][EC 4043309093] netlink-dp (NS 0) error: Invalid argument, type=RTM_NEWROUTE(24), seq=50, pid=2730083821
2025/11/22 22:10:38 ZEBRA: [X5XE1-RS0SW][EC 4043309074] Failed to install Nexthop (17[if 3 vrfid 0]) into the kernel
2025/11/22 22:10:38 ZEBRA: [VYKYC-709DP] default(0:254):6:6:6:1::/128: Route install failed
2025/11/22 22:10:38 OSPF6: [GZ318-0J443] Zebra: got delete of eth3, but interface is still up
2025/11/22 22:10:38 ZEBRA: [YDG3W-JND95] FD Limit set: 1048576 is stupidly large.  Is this what you intended?  Consider using --limit-fds also limiting size to 100000
2025/11/22 22:10:38 ZEBRA: [V98V0-MTWPF] client 88 says hello and bids fair to announce only ospf routes vrf=0
2025/11/22 22:10:38 PATH: [NN4XW-E4M3V] IPv6 Router Id updated for VRF 0: 6:6:6::6
2025/11/22 22:10:38 ISIS: [VAS9N-1JNNR] PDU drop detected of type: P2P IIH. 1 Total Drops; 0 L1 IIH drops;  0 L2 IIH drops; 1 P2P IIH drops; 0 L1 LSP drops; 0 L2 LSP drops; 0 FS LSP drops; 0 L1 CSNP drops; 0 L2 CSNP drops; 0 L1 PSNP drops; 0 L2 PSNP drops.
2025/11/22 22:10:39 OSPF6: [GZ318-0J443] Zebra: got delete of lo20, but interface is still up
2025/11/22 22:10:39 PATH: [NN4XW-E4M3V] IPv6 Router Id updated for VRF 0: 2001::2
2025/11/22 22:10:39 PATH: [NN4XW-E4M3V] IPv6 Router Id updated for VRF 0: 4000::2
2025/11/22 22:10:41 ISIS: [Q7SVW-YVKRH] %ADJCHANGE: Adjacency to 0000.0000.0001 (eth2) for level-2 changed from Unknown to Initializing, unspecified
2025/11/22 22:10:41 ISIS: [Q7SVW-YVKRH] %ADJCHANGE: Adjacency to 0000.0000.0001 (eth2) for level-2 changed from Initializing to Up, unspecified
2025/11/22 22:10:41 ZEBRA: [HSYZM-HV7HF] Extended Error: Label >= configured maximum in platform_labels
2025/11/22 22:10:41 ZEBRA: [WVJCK-PPMGD][EC 4043309093] netlink-dp (NS 0) error: Invalid argument, type=RTM_NEWROUTE(24), seq=96, pid=2730083821
2025/11/22 22:10:41 ZEBRA: [RYJ61-Q2T1D][EC 4043309108] LSP Install Failure: in-label 15000
2025/11/22 22:11:08 BGP: [MVZKX-EG443][EC 33554452] bgp_process_packet: BGP OPEN receipt failed for peer: 5:5:5::5
2025/11/22 22:11:08 BGP: [H4B4J-DCW2R][EC 33554455] 5:5:5::5 [Error] bgp_read_packet error: Connection reset by peer
2025/11/22 22:11:10 BGP: [M59KS-A3ZXZ] bgp_update_receive_eor: rcvd End-of-RIB for IPv4 VPN from 5:5:5::5 in vrf default
2025/11/22 22:11:10 BGP: [M59KS-A3ZXZ] bgp_update_receive_eor: rcvd End-of-RIB for IPv6 Unicast from 5:5:5::5 in vrf default
2025/11/22 22:11:38 ZEBRA: [HSYZM-HV7HF] Extended Error: Label >= configured maximum in platform_labels
2025/11/22 22:11:38 ZEBRA: [WVJCK-PPMGD][EC 4043309093] netlink-dp (NS 0) error: Invalid argument, type=RTM_NEWROUTE(24), seq=114, pid=2730083821
2025/11/22 22:11:38 ZEBRA: [RYJ61-Q2T1D][EC 4043309108] LSP Install Failure: in-label 15000
2025/11/22 22:11:48 BGP: [M59KS-A3ZXZ] bgp_update_receive_eor: rcvd End-of-RIB for IPv6 Unicast from 2001::1 in vrf default
2025/11/22 22:11:52 BGP: [M59KS-A3ZXZ] bgp_update_receive_eor: rcvd End-of-RIB for IPv4 VPN from 4:4:4::4 in vrf default
2025/11/22 22:11:52 BGP: [M59KS-A3ZXZ] bgp_update_receive_eor: rcvd End-of-RIB for IPv4 VPN from 3:3:3::3 in vrf default
2025/11/23 23:23:20 OSPF: [VTVCM-Y2NW3] Configuration Read in Took: 00:00:01
2025/11/23 23:23:20 OSPF: [G6NKK-8C6DV] end_config: VTY:0x76a5956b6060, pending SET-CFG: 0
2025/11/23 23:23:20 PATH: [VTVCM-Y2NW3] Configuration Read in Took: 00:00:00
2025/11/23 23:23:20 PATH: [G6NKK-8C6DV] end_config: VTY:0x7ac246cf7180, pending SET-CFG: 0
2025/11/23 23:23:20 OSPF6: [VTVCM-Y2NW3] Configuration Read in Took: 00:00:01
2025/11/23 23:23:20 OSPF6: [G6NKK-8C6DV] end_config: VTY:0x72debd0a0050, pending SET-CFG: 0
2025/11/23 23:23:20 BGP: [VTVCM-Y2NW3] Configuration Read in Took: 00:00:01
2025/11/23 23:23:20 BGP: [G6NKK-8C6DV] end_config: VTY:0x7a3087c3e0b0, pending SET-CFG: 0
2025/11/23 23:23:20 BGP: [M95PE-ZW8F6] VRF default(0): bgp_zebra_process_srv6_locator_internal, Received SRv6 locator loc01 6:6:6::/48, loc-block-len=24, loc-node-len=24 func-len=16, arg-len=0
2025/11/23 23:23:20 STATIC: [VTVCM-Y2NW3] Configuration Read in Took: 00:00:00
2025/11/23 23:23:20 STATIC: [G6NKK-8C6DV] end_config: VTY:0x758296d920c0, pending SET-CFG: 0
2025/11/23 23:23:20 ZEBRA: [VTVCM-Y2NW3] Configuration Read in Took: 00:00:01
2025/11/23 23:23:20 ZEBRA: [G6NKK-8C6DV] end_config: VTY:0x7eb009cf0660, pending SET-CFG: 0
2025/11/23 23:23:20 PATH: [NN4XW-E4M3V] IPv4 Router Id updated for VRF 0: 6.6.6.6
2025/11/23 23:23:20 LDP: [VTVCM-Y2NW3] Configuration Read in Took: 00:00:01
2025/11/23 23:23:20 LDP: [G6NKK-8C6DV] end_config: VTY:0x7a8cff1c3610, pending SET-CFG: 0
2025/11/23 23:23:20 ISIS: [VTVCM-Y2NW3] Configuration Read in Took: 00:00:01
2025/11/23 23:23:20 ISIS: [G6NKK-8C6DV] end_config: VTY:0x73b5d34521b0, pending SET-CFG: 0
2025/11/23 23:23:20 ISIS: [S89PV-K124N] isis_zebra_process_srv6_locator_internal: Received SRv6 locator loc01 6:6:6::/48, loc-block-len=24, loc-node-len=24 func-len=16, arg-len=0
2025/11/23 23:23:20 ZEBRA: [YDG3W-JND95] FD Limit set: 1048576 is stupidly large.  Is this what you intended?  Consider using --limit-fds also limiting size to 100000
2025/11/23 23:23:20 ZEBRA: [V98V0-MTWPF] client 89 says hello and bids fair to announce only bgp routes vrf=0
2025/11/23 23:23:22 PATH: [NN4XW-E4M3V] IPv6 Router Id updated for VRF 0: 3fff:172:20:20:42:acff:fe14:1407
2025/11/23 23:28:43 LDP: [VTVCM-Y2NW3] Configuration Read in Took: 00:00:00
2025/11/23 23:28:43 LDP: [G6NKK-8C6DV] end_config: VTY:0x776eef598610, pending SET-CFG: 0
2025/11/23 23:28:43 PATH: [VTVCM-Y2NW3] Configuration Read in Took: 00:00:00
2025/11/23 23:28:43 PATH: [G6NKK-8C6DV] end_config: VTY:0x7f78137ec180, pending SET-CFG: 0
2025/11/23 23:28:43 OSPF6: [VTVCM-Y2NW3] Configuration Read in Took: 00:00:00
2025/11/23 23:28:43 OSPF6: [G6NKK-8C6DV] end_config: VTY:0x759cfac76050, pending SET-CFG: 0
2025/11/23 23:28:43 OSPF: [VTVCM-Y2NW3] Configuration Read in Took: 00:00:00
2025/11/23 23:28:43 OSPF: [G6NKK-8C6DV] end_config: VTY:0x7535c7fc2060, pending SET-CFG: 0
2025/11/23 23:28:43 PATH: [NN4XW-E4M3V] IPv4 Router Id updated for VRF 0: 6.6.6.6
2025/11/23 23:28:43 ZEBRA: [VTVCM-Y2NW3] Configuration Read in Took: 00:00:00
2025/11/23 23:28:43 ZEBRA: [G6NKK-8C6DV] end_config: VTY:0x7b292b075c30, pending SET-CFG: 0
2025/11/23 23:28:43 ZEBRA: [YDG3W-JND95] FD Limit set: 1048576 is stupidly large.  Is this what you intended?  Consider using --limit-fds also limiting size to 100000
2025/11/23 23:28:43 ZEBRA: [V98V0-MTWPF] client 89 says hello and bids fair to announce only isis routes vrf=0
2025/11/23 23:28:43 ZEBRA: [TAFZ7-2C7QV] client protocol instance 1
2025/11/23 23:28:43 BGP: [M95PE-ZW8F6] VRF default(0): bgp_zebra_process_srv6_locator_internal, Received SRv6 locator loc01 6:6:6::/48, loc-block-len=24, loc-node-len=24 func-len=16, arg-len=0
2025/11/23 23:28:43 BGP: [VTVCM-Y2NW3] Configuration Read in Took: 00:00:00
2025/11/23 23:28:43 BGP: [G6NKK-8C6DV] end_config: VTY:0x7d152666b0b0, pending SET-CFG: 0
2025/11/23 23:28:43 ISIS: [VTVCM-Y2NW3] Configuration Read in Took: 00:00:00
2025/11/23 23:28:43 ISIS: [G6NKK-8C6DV] end_config: VTY:0x72dc440821b0, pending SET-CFG: 0
2025/11/23 23:28:43 ISIS: [S89PV-K124N] isis_zebra_process_srv6_locator_internal: Received SRv6 locator loc01 6:6:6::/48, loc-block-len=24, loc-node-len=24 func-len=16, arg-len=0
2025/11/23 23:28:46 PATH: [NN4XW-E4M3V] IPv6 Router Id updated for VRF 0: 3fff:172:20:20:42:acff:fe14:1404
2025/11/23 23:32:44 LDP: [VTVCM-Y2NW3] Configuration Read in Took: 00:00:00
2025/11/23 23:32:44 LDP: [G6NKK-8C6DV] end_config: VTY:0x795033366610, pending SET-CFG: 0
2025/11/23 23:32:44 OSPF6: [VTVCM-Y2NW3] Configuration Read in Took: 00:00:00
2025/11/23 23:32:44 OSPF6: [G6NKK-8C6DV] end_config: VTY:0x7f77b832c050, pending SET-CFG: 0
2025/11/23 23:32:44 OSPF: [VTVCM-Y2NW3] Configuration Read in Took: 00:00:00
2025/11/23 23:32:44 OSPF: [G6NKK-8C6DV] end_config: VTY:0x735b421fe060, pending SET-CFG: 0
2025/11/23 23:32:44 PATH: [VTVCM-Y2NW3] Configuration Read in Took: 00:00:00
2025/11/23 23:32:44 PATH: [G6NKK-8C6DV] end_config: VTY:0x704c45d6b190, pending SET-CFG: 0
2025/11/23 23:32:44 BGP: [M95PE-ZW8F6] VRF default(0): bgp_zebra_process_srv6_locator_internal, Received SRv6 locator loc01 6:6:6::/48, loc-block-len=24, loc-node-len=24 func-len=16, arg-len=0
2025/11/23 23:32:44 ZEBRA: [YDG3W-JND95] FD Limit set: 1048576 is stupidly large.  Is this what you intended?  Consider using --limit-fds also limiting size to 100000
2025/11/23 23:32:44 ZEBRA: [V98V0-MTWPF] client 84 says hello and bids fair to announce only isis routes vrf=0
2025/11/23 23:32:44 ZEBRA: [TAFZ7-2C7QV] client protocol instance 1
2025/11/23 23:32:44 BGP: [VTVCM-Y2NW3] Configuration Read in Took: 00:00:00
2025/11/23 23:32:44 BGP: [G6NKK-8C6DV] end_config: VTY:0x757a3ad830b0, pending SET-CFG: 0
2025/11/23 23:32:44 ISIS: [VTVCM-Y2NW3] Configuration Read in Took: 00:00:00
2025/11/23 23:32:44 ISIS: [G6NKK-8C6DV] end_config: VTY:0x750b282331b0, pending SET-CFG: 0
2025/11/23 23:32:44 ISIS: [S89PV-K124N] isis_zebra_process_srv6_locator_internal: Received SRv6 locator loc01 6:6:6::/48, loc-block-len=24, loc-node-len=24 func-len=16, arg-len=0
2025/11/23 23:32:44 ZEBRA: [HSYZM-HV7HF] Extended Error: Strict mode for VRF is disabled
2025/11/23 23:32:44 ZEBRA: [WVJCK-PPMGD][EC 4043309093] netlink-dp (NS 0) error: Operation not permitted, type=RTM_NEWNEXTHOP(104), seq=69, pid=4152483456
2025/11/23 23:32:44 ZEBRA: [X5XE1-RS0SW][EC 4043309074] Failed to install Nexthop (17[if 3 vrfid 0]) into the kernel
2025/11/23 23:32:44 ZEBRA: [HSYZM-HV7HF] Extended Error: Strict mode for VRF is disabled
2025/11/23 23:32:44 ZEBRA: [WVJCK-PPMGD][EC 4043309093] netlink-dp (NS 0) error: Operation not permitted, type=RTM_NEWNEXTHOP(104), seq=70, pid=4152483456
2025/11/23 23:32:44 ZEBRA: [X5XE1-RS0SW][EC 4043309074] Failed to install Nexthop (20[if 3 vrfid 0]) into the kernel
2025/11/23 23:32:44 ZEBRA: [HSYZM-HV7HF] Extended Error: Nexthop id does not exist
2025/11/23 23:32:44 ZEBRA: [WVJCK-PPMGD][EC 4043309093] netlink-dp (NS 0) error: Invalid argument, type=RTM_NEWROUTE(24), seq=71, pid=4152483456
2025/11/23 23:32:44 ZEBRA: [VYKYC-709DP] default(0:254):6:6:6:1::/128: Route install failed
2025/11/23 23:32:44 ISIS: [VAS9N-1JNNR] PDU drop detected of type: P2P IIH. 1 Total Drops; 0 L1 IIH drops;  0 L2 IIH drops; 1 P2P IIH drops; 0 L1 LSP drops; 0 L2 LSP drops; 0 FS LSP drops; 0 L1 CSNP drops; 0 L2 CSNP drops; 0 L1 PSNP drops; 0 L2 PSNP drops.
2025/11/23 23:32:44 OSPF6: [GZ318-0J443] Zebra: got delete of eth3, but interface is still up
2025/11/23 23:32:44 ZEBRA: [YDG3W-JND95] FD Limit set: 1048576 is stupidly large.  Is this what you intended?  Consider using --limit-fds also limiting size to 100000
2025/11/23 23:32:44 ZEBRA: [V98V0-MTWPF] client 81 says hello and bids fair to announce only bgp routes vrf=0
2025/11/23 23:32:45 PATH: [NN4XW-E4M3V] IPv6 Router Id updated for VRF 0: 6:6:6::6
2025/11/23 23:32:45 OSPF6: [GZ318-0J443] Zebra: got delete of lo20, but interface is still up
2025/11/23 23:32:46 PATH: [NN4XW-E4M3V] IPv6 Router Id updated for VRF 0: 2001::2
2025/11/23 23:32:46 PATH: [NN4XW-E4M3V] IPv6 Router Id updated for VRF 0: 4000::2
2025/11/23 23:32:47 ISIS: [Q7SVW-YVKRH] %ADJCHANGE: Adjacency to 0000.0000.0001 (eth2) for level-2 changed from Unknown to Initializing, unspecified
2025/11/23 23:32:47 ISIS: [Q7SVW-YVKRH] %ADJCHANGE: Adjacency to 0000.0000.0001 (eth2) for level-2 changed from Initializing to Up, unspecified
2025/11/23 23:32:47 ZEBRA: [HSYZM-HV7HF] Extended Error: Label >= configured maximum in platform_labels
2025/11/23 23:32:47 ZEBRA: [WVJCK-PPMGD][EC 4043309093] netlink-dp (NS 0) error: Invalid argument, type=RTM_NEWROUTE(24), seq=115, pid=4152483456
2025/11/23 23:32:47 ZEBRA: [RYJ61-Q2T1D][EC 4043309108] LSP Install Failure: in-label 15000
2025/11/23 23:33:16 BGP: [M59KS-A3ZXZ] bgp_update_receive_eor: rcvd End-of-RIB for IPv4 VPN from 5:5:5::5 in vrf default
2025/11/23 23:33:16 BGP: [M59KS-A3ZXZ] bgp_update_receive_eor: rcvd End-of-RIB for IPv6 Unicast from 5:5:5::5 in vrf default
2025/11/23 23:33:36 ZEBRA: [HSYZM-HV7HF] Extended Error: Label >= configured maximum in platform_labels
2025/11/23 23:33:36 ZEBRA: [WVJCK-PPMGD][EC 4043309093] netlink-dp (NS 0) error: Invalid argument, type=RTM_NEWROUTE(24), seq=133, pid=4152483456
2025/11/23 23:33:36 ZEBRA: [RYJ61-Q2T1D][EC 4043309108] LSP Install Failure: in-label 15000
2025/11/23 23:33:41 BGP: [M59KS-A3ZXZ] bgp_update_receive_eor: rcvd End-of-RIB for IPv6 Unicast from 2001::1 in vrf default
2025/11/23 23:33:49 BGP: [MVZKX-EG443][EC 33554452] bgp_process_packet: BGP OPEN receipt failed for peer: 4:4:4::4
2025/11/23 23:33:51 BGP: [M59KS-A3ZXZ] bgp_update_receive_eor: rcvd End-of-RIB for IPv4 VPN from 4:4:4::4 in vrf default
2025/11/23 23:33:51 BGP: [M59KS-A3ZXZ] bgp_update_receive_eor: rcvd End-of-RIB for IPv4 VPN from 3:3:3::3 in vrf default
2025/11/23 23:42:35 PATH: [NN4XW-E4M3V] IPv6 Router Id updated for VRF 0: 2001::2
2025/11/23 23:42:35 ZEBRA: [SWQK6-6JY63][EC 4043309074] 0:254:2000::/64: Failed to enqueue dataplane install
2025/11/23 23:42:35 ZEBRA: [SWQK6-6JY63][EC 4043309074] 0:254:6:6:6::/48: Failed to enqueue dataplane install
2025/11/23 23:42:35 ZEBRA: [SWQK6-6JY63][EC 4043309074] 0:254:5:5:5:2::/128: Failed to enqueue dataplane install
2025/11/23 23:42:35 ZEBRA: [SWQK6-6JY63][EC 4043309074] 0:254:5:5:5::/128: Failed to enqueue dataplane install
2025/11/23 23:42:35 ZEBRA: [SWQK6-6JY63][EC 4043309074] 0:254:5:5:5::5/128: Failed to enqueue dataplane install
2025/11/23 23:42:35 ZEBRA: [SWQK6-6JY63][EC 4043309074] 0:254:5:5:5::/48: Failed to enqueue dataplane install
2025/11/23 23:42:35 ZEBRA: [SWQK6-6JY63][EC 4043309074] 0:254:6:6:6:2::/128: Failed to enqueue dataplane install
2025/11/23 23:42:35 ISIS: [Q7SVW-YVKRH] %ADJCHANGE: Adjacency to pe3 (eth2) for level-2 changed from Up to Down, circuit is being brought down
2025/11/23 23:42:45 PATH: [NN4XW-E4M3V] IPv6 Router Id updated for VRF 0: 6:6:6::6
2025/11/23 23:44:07 OSPF6: [VTVCM-Y2NW3] Configuration Read in Took: 00:00:00
2025/11/23 23:44:07 OSPF6: [G6NKK-8C6DV] end_config: VTY:0x798c06a03050, pending SET-CFG: 0
2025/11/23 23:44:07 LDP: [VTVCM-Y2NW3] Configuration Read in Took: 00:00:00
2025/11/23 23:44:07 LDP: [G6NKK-8C6DV] end_config: VTY:0x78fd59d81610, pending SET-CFG: 0
2025/11/23 23:44:07 PATH: [VTVCM-Y2NW3] Configuration Read in Took: 00:00:00
2025/11/23 23:44:07 PATH: [G6NKK-8C6DV] end_config: VTY:0x7789f7d72190, pending SET-CFG: 0
2025/11/23 23:44:07 OSPF: [VTVCM-Y2NW3] Configuration Read in Took: 00:00:00
2025/11/23 23:44:07 OSPF: [G6NKK-8C6DV] end_config: VTY:0x7bd889901070, pending SET-CFG: 0
2025/11/23 23:44:07 BGP: [VTVCM-Y2NW3] Configuration Read in Took: 00:00:00
2025/11/23 23:44:07 BGP: [G6NKK-8C6DV] end_config: VTY:0x78e216ddb0b0, pending SET-CFG: 0
2025/11/23 23:44:07 PATH: [NN4XW-E4M3V] IPv4 Router Id updated for VRF 0: 6.6.6.6
2025/11/23 23:44:07 PATH: [NN4XW-E4M3V] IPv6 Router Id updated for VRF 0: 6:6:6::6
2025/11/23 23:44:07 ZEBRA: [YDG3W-JND95] FD Limit set: 1048576 is stupidly large.  Is this what you intended?  Consider using --limit-fds also limiting size to 100000
2025/11/23 23:44:07 ZEBRA: [V98V0-MTWPF] client 84 says hello and bids fair to announce only isis routes vrf=0
2025/11/23 23:44:07 ZEBRA: [TAFZ7-2C7QV] client protocol instance 1
2025/11/23 23:44:07 BGP: [M95PE-ZW8F6] VRF default(0): bgp_zebra_process_srv6_locator_internal, Received SRv6 locator loc01 6:6:6::/48, loc-block-len=24, loc-node-len=24 func-len=16, arg-len=0
2025/11/23 23:44:07 ZEBRA: [VTVCM-Y2NW3] Configuration Read in Took: 00:00:00
2025/11/23 23:44:07 ZEBRA: [G6NKK-8C6DV] end_config: VTY:0x71bb6b32e5b0, pending SET-CFG: 0
2025/11/23 23:44:07 ISIS: [VTVCM-Y2NW3] Configuration Read in Took: 00:00:00
2025/11/23 23:44:07 ISIS: [G6NKK-8C6DV] end_config: VTY:0x7746f2ba41b0, pending SET-CFG: 0
2025/11/23 23:44:07 ZEBRA: [HSYZM-HV7HF] Extended Error: Strict mode for VRF is disabled
2025/11/23 23:44:07 ZEBRA: [WVJCK-PPMGD][EC 4043309093] netlink-dp (NS 0) error: Operation not permitted, type=RTM_NEWNEXTHOP(104), seq=46, pid=2441324764
2025/11/23 23:44:07 ZEBRA: [HSYZM-HV7HF] Extended Error: Nexthop id does not exist
2025/11/23 23:44:07 ZEBRA: [WVJCK-PPMGD][EC 4043309093] netlink-dp (NS 0) error: Invalid argument, type=RTM_NEWROUTE(24), seq=47, pid=2441324764
2025/11/23 23:44:07 ZEBRA: [X5XE1-RS0SW][EC 4043309074] Failed to install Nexthop (18[if 3 vrfid 0]) into the kernel
2025/11/23 23:44:07 ZEBRA: [VYKYC-709DP] default(0:254):6:6:6:1::/128: Route install failed
2025/11/23 23:44:07 ISIS: [S89PV-K124N] isis_zebra_process_srv6_locator_internal: Received SRv6 locator loc01 6:6:6::/48, loc-block-len=24, loc-node-len=24 func-len=16, arg-len=0
2025/11/23 23:44:07 ZEBRA: [YDG3W-JND95] FD Limit set: 1048576 is stupidly large.  Is this what you intended?  Consider using --limit-fds also limiting size to 100000
2025/11/23 23:44:07 ZEBRA: [V98V0-MTWPF] client 89 says hello and bids fair to announce only bgp routes vrf=0
2025/11/23 23:44:07 OSPF6: [GZ318-0J443] Zebra: got delete of lo20, but interface is still up
2025/11/23 23:49:36 BGP: [Q3JZC-9H626] Specify remote-as or peer-group commands first before:  neighbor 2000::1 shutdown
2025/11/23 23:49:38 PATH: [NN4XW-E4M3V] IPv6 Router Id updated for VRF 0: 4000::2
2025/11/23 23:49:49 PATH: [NN4XW-E4M3V] IPv6 Router Id updated for VRF 0: 2001::2
2025/11/23 23:49:49 PATH: [NN4XW-E4M3V] IPv6 Router Id updated for VRF 0: 6:6:6::6
2025/11/23 23:50:25 OSPF: [VTVCM-Y2NW3] Configuration Read in Took: 00:00:00
2025/11/23 23:50:25 OSPF: [G6NKK-8C6DV] end_config: VTY:0x739acb30f070, pending SET-CFG: 0
2025/11/23 23:50:25 LDP: [VTVCM-Y2NW3] Configuration Read in Took: 00:00:00
2025/11/23 23:50:25 LDP: [G6NKK-8C6DV] end_config: VTY:0x716263cdd610, pending SET-CFG: 0
2025/11/23 23:50:25 ZEBRA: [VTVCM-Y2NW3] Configuration Read in Took: 00:00:00
2025/11/23 23:50:25 ZEBRA: [G6NKK-8C6DV] end_config: VTY:0x7be70e747cb0, pending SET-CFG: 0
2025/11/23 23:50:25 OSPF6: [VTVCM-Y2NW3] Configuration Read in Took: 00:00:00
2025/11/23 23:50:25 OSPF6: [G6NKK-8C6DV] end_config: VTY:0x734ea03d5050, pending SET-CFG: 0
2025/11/23 23:50:25 STATIC: [VTVCM-Y2NW3] Configuration Read in Took: 00:00:00
2025/11/23 23:50:25 STATIC: [G6NKK-8C6DV] end_config: VTY:0x74d7147510c0, pending SET-CFG: 0
2025/11/23 23:50:25 ZEBRA: [YDG3W-JND95] FD Limit set: 1048576 is stupidly large.  Is this what you intended?  Consider using --limit-fds also limiting size to 100000
2025/11/23 23:50:25 ZEBRA: [V98V0-MTWPF] client 89 says hello and bids fair to announce only isis routes vrf=0
2025/11/23 23:50:25 ZEBRA: [TAFZ7-2C7QV] client protocol instance 1
2025/11/23 23:50:25 BGP: [M95PE-ZW8F6] VRF default(0): bgp_zebra_process_srv6_locator_internal, Received SRv6 locator loc01 6:6:6::/48, loc-block-len=24, loc-node-len=24 func-len=16, arg-len=0
2025/11/23 23:50:25 PATH: [VTVCM-Y2NW3] Configuration Read in Took: 00:00:00
2025/11/23 23:50:25 PATH: [G6NKK-8C6DV] end_config: VTY:0x75c6cd1e0190, pending SET-CFG: 0
2025/11/23 23:50:25 ZEBRA: [HSYZM-HV7HF] Extended Error: Strict mode for VRF is disabled
2025/11/23 23:50:25 ZEBRA: [WVJCK-PPMGD][EC 4043309093] netlink-dp (NS 0) error: Operation not permitted, type=RTM_NEWNEXTHOP(104), seq=61, pid=3837920062
2025/11/23 23:50:25 ZEBRA: [HSYZM-HV7HF] Extended Error: Nexthop id does not exist
2025/11/23 23:50:25 ZEBRA: [WVJCK-PPMGD][EC 4043309093] netlink-dp (NS 0) error: Invalid argument, type=RTM_NEWROUTE(24), seq=62, pid=3837920062
2025/11/23 23:50:25 ZEBRA: [X5XE1-RS0SW][EC 4043309074] Failed to install Nexthop (26[if 3 vrfid 0]) into the kernel
2025/11/23 23:50:25 ZEBRA: [VYKYC-709DP] default(0:254):6:6:6:1::/128: Route install failed
2025/11/23 23:50:25 BGP: [VTVCM-Y2NW3] Configuration Read in Took: 00:00:00
2025/11/23 23:50:25 BGP: [G6NKK-8C6DV] end_config: VTY:0x78454c8ea0b0, pending SET-CFG: 0
2025/11/23 23:50:25 ISIS: [VTVCM-Y2NW3] Configuration Read in Took: 00:00:00
2025/11/23 23:50:25 ISIS: [G6NKK-8C6DV] end_config: VTY:0x734ace6151c0, pending SET-CFG: 0
2025/11/23 23:50:25 ISIS: [S89PV-K124N] isis_zebra_process_srv6_locator_internal: Received SRv6 locator loc01 6:6:6::/48, loc-block-len=24, loc-node-len=24 func-len=16, arg-len=0
2025/11/23 23:50:26 OSPF6: [GZ318-0J443] Zebra: got delete of lo20, but interface is still up
2025/11/23 23:50:26 PATH: [NN4XW-E4M3V] IPv6 Router Id updated for VRF 0: 2001::2
2025/11/23 23:50:27 PATH: [NN4XW-E4M3V] IPv6 Router Id updated for VRF 0: 4000::2
2025/11/23 23:52:43 ISIS: [Q7SVW-YVKRH] %ADJCHANGE: Adjacency to 0000.0000.0001 (eth2) for level-2 changed from Unknown to Initializing, unspecified
2025/11/23 23:52:43 ISIS: [Q7SVW-YVKRH] %ADJCHANGE: Adjacency to 0000.0000.0001 (eth2) for level-2 changed from Initializing to Up, unspecified
2025/11/23 23:52:43 ZEBRA: [HSYZM-HV7HF] Extended Error: Label >= configured maximum in platform_labels
2025/11/23 23:52:43 ZEBRA: [WVJCK-PPMGD][EC 4043309093] netlink-dp (NS 0) error: Invalid argument, type=RTM_NEWROUTE(24), seq=119, pid=3837920062
2025/11/23 23:52:43 ZEBRA: [RYJ61-Q2T1D][EC 4043309108] LSP Install Failure: in-label 15000
2025/11/23 23:53:07 BGP: [M59KS-A3ZXZ] bgp_update_receive_eor: rcvd End-of-RIB for IPv4 VPN from 5:5:5::5 in vrf default
2025/11/23 23:53:07 BGP: [M59KS-A3ZXZ] bgp_update_receive_eor: rcvd End-of-RIB for IPv6 Unicast from 5:5:5::5 in vrf default
2025/11/23 23:53:18 BGP: [M59KS-A3ZXZ] bgp_update_receive_eor: rcvd End-of-RIB for IPv6 Unicast from 2001::1 in vrf default
2025/11/23 23:53:19 BGP: [M59KS-A3ZXZ] bgp_update_receive_eor: rcvd End-of-RIB for IPv4 VPN from 3:3:3::3 in vrf default
2025/11/23 23:53:19 BGP: [M59KS-A3ZXZ] bgp_update_receive_eor: rcvd End-of-RIB for IPv4 VPN from 4:4:4::4 in vrf default
2025/11/24 02:04:21 BGP: [VQK5M-9G0V1][EC 100663315] CPU starvation: {(event *)0x7ffdc45b2b18 arg=0x78454cd3e010 ready               (bgp_holdtime_timer)() &(connection->t_holdtime) from bgpd/bgp_fsm.c:448} getting executed 7024827ms late, warning threshold 4000ms. System load: 0.00, 0.00, 0.00
2025/11/24 02:04:21 ISIS: [VQK5M-9G0V1][EC 100663315] CPU starvation: {(event *)0x7ffe35f349e8 arg=0x734ace665bc0 ready               send_l2_psnp() &circuit->t_send_psnp[1] from isisd/isis_pdu.c:2488} getting executed 7051918ms late, warning threshold 4000ms. System load: 0.00, 0.00, 0.00
2025/11/24 02:04:21 ISIS: [Q7SVW-YVKRH] %ADJCHANGE: Adjacency to pe3 (eth2) for level-2 changed from Up to Down, holding time expired
2025/11/24 02:04:21 ISIS: [TA8MV-N9T5B] no p2p neighbor on circuit eth2
2025/11/24 02:04:21 ISIS: [Q7SVW-YVKRH] %ADJCHANGE: Adjacency to pe3 (eth2) for level-2 changed from Unknown to Initializing, unspecified
2025/11/24 02:04:21 ISIS: [Q7SVW-YVKRH] %ADJCHANGE: Adjacency to pe3 (eth2) for level-2 changed from Initializing to Down, Neighbor restarted
2025/11/24 02:04:21 ZEBRA: [VQK5M-9G0V1][EC 100663315] CPU starvation: {(event *)0x7ffcdebcf678 arg=0x7be711210910 ready               wheel_timer_thread() &wheel->timer from lib/wheel.c:50} getting executed 7051187ms late, warning threshold 4000ms. System load: 26.11, 5.41, 1.75
2025/11/24 02:04:21 ISIS: [Q7SVW-YVKRH] %ADJCHANGE: Adjacency to pe3 (eth2) for level-2 changed from Unknown to Initializing, unspecified
2025/11/24 02:04:21 ZEBRA: [HSYZM-HV7HF] Extended Error: Label >= configured maximum in platform_labels
2025/11/24 02:04:21 ZEBRA: [WVJCK-PPMGD][EC 4043309093] netlink-dp (NS 0) error: Invalid argument, type=RTM_NEWROUTE(24), seq=170, pid=3837920062
2025/11/24 02:04:21 ZEBRA: [RYJ61-Q2T1D][EC 4043309108] LSP Install Failure: in-label 15000
2025/11/24 02:04:21 ISIS: [Q7SVW-YVKRH] %ADJCHANGE: Adjacency to pe3 (eth2) for level-2 changed from Initializing to Up, unspecified
2025/11/24 02:04:21 LDP: [VQK5M-9G0V1][EC 100663315] CPU starvation: {(event *)0x7ffe1803f908 arg=0x0 ready               lde_gc_timer() &gc_timer from ldpd/lde_lib.c:1053} getting executed 6836112ms late, warning threshold 4000ms. System load: 0.00, 0.00, 0.00
2025/11/24 02:04:23 BGP: [H4B4J-DCW2R][EC 33554455] 2001::1 [Error] bgp_read_packet error: Connection reset by peer
2025/11/24 02:04:24 BGP: [M59KS-A3ZXZ] bgp_update_receive_eor: rcvd End-of-RIB for IPv4 VPN from 5:5:5::5 in vrf default
2025/11/24 02:04:24 BGP: [M59KS-A3ZXZ] bgp_update_receive_eor: rcvd End-of-RIB for IPv6 Unicast from 5:5:5::5 in vrf default
2025/11/24 06:25:08 LDP: [VQK5M-9G0V1][EC 100663315] CPU starvation: {(event *)0x7ffe1803f908 arg=0x0 ready               lde_gc_timer() &gc_timer from ldpd/lde_lib.c:1053} getting executed 15347160ms late, warning threshold 4000ms. System load: 0.00, 0.00, 0.00
2025/11/24 06:25:09 BGP: [VQK5M-9G0V1][EC 100663315] CPU starvation: {(event *)0x7ffdc45b2b18 arg=0x78454c3f8650 ready               (bgp_connect_timer)() &(connection->t_connect) from bgpd/bgp_fsm.c:385} getting executed 15616047ms late, warning threshold 4000ms. System load: 0.00, 0.00, 0.00
2025/11/24 06:25:09 ISIS: [VQK5M-9G0V1][EC 100663315] CPU starvation: {(event *)0x7ffe35f349e8 arg=0x734ace665bc0 ready               send_l2_psnp() &circuit->t_send_psnp[1] from isisd/isis_pdu.c:2488} getting executed 15642641ms late, warning threshold 4000ms. System load: 0.00, 0.00, 0.00
2025/11/24 06:25:09 ISIS: [Q7SVW-YVKRH] %ADJCHANGE: Adjacency to pe3 (eth2) for level-2 changed from Up to Down, holding time expired
2025/11/24 06:25:09 ISIS: [Q7SVW-YVKRH] %ADJCHANGE: Adjacency to pe3 (eth2) for level-2 changed from Unknown to Initializing, unspecified
2025/11/24 06:25:09 ISIS: [Q7SVW-YVKRH] %ADJCHANGE: Adjacency to pe3 (eth2) for level-2 changed from Initializing to Down, Neighbor restarted
2025/11/24 06:25:09 ISIS: [TA8MV-N9T5B] no p2p neighbor on circuit eth2
2025/11/24 06:25:09 ZEBRA: [VQK5M-9G0V1][EC 100663315] CPU starvation: {(event *)0x7ffcdebcf678 arg=0x7be711210910 ready               wheel_timer_thread() &wheel->timer from lib/wheel.c:50} getting executed 15642554ms late, warning threshold 4000ms. System load: 0.00, 0.00, 0.00
2025/11/24 06:25:09 ISIS: [Q7SVW-YVKRH] %ADJCHANGE: Adjacency to pe3 (eth2) for level-2 changed from Unknown to Initializing, unspecified
2025/11/24 06:25:09 ISIS: [Q7SVW-YVKRH] %ADJCHANGE: Adjacency to pe3 (eth2) for level-2 changed from Initializing to Up, unspecified
2025/11/24 06:25:10 ZEBRA: [HSYZM-HV7HF] Extended Error: Label >= configured maximum in platform_labels
2025/11/24 06:25:10 ZEBRA: [WVJCK-PPMGD][EC 4043309093] netlink-dp (NS 0) error: Invalid argument, type=RTM_NEWROUTE(24), seq=203, pid=3837920062
2025/11/24 06:25:10 ZEBRA: [RYJ61-Q2T1D][EC 4043309108] LSP Install Failure: in-label 15000
2025/11/24 06:25:15 BGP: [M59KS-A3ZXZ] bgp_update_receive_eor: rcvd End-of-RIB for IPv6 Unicast from 2001::1 in vrf default
2025/11/24 06:25:15 BGP: [MVZKX-EG443][EC 33554452] bgp_process_packet: BGP OPEN receipt failed for peer: 4:4:4::4
2025/11/24 06:25:17 BGP: [M59KS-A3ZXZ] bgp_update_receive_eor: rcvd End-of-RIB for IPv4 VPN from 4:4:4::4 in vrf default
2025/11/24 06:25:17 BGP: [M59KS-A3ZXZ] bgp_update_receive_eor: rcvd End-of-RIB for IPv4 VPN from 3:3:3::3 in vrf default
2025/11/24 06:25:40 BGP: [M59KS-A3ZXZ] bgp_update_receive_eor: rcvd End-of-RIB for IPv4 VPN from 5:5:5::5 in vrf default
2025/11/24 06:25:40 BGP: [M59KS-A3ZXZ] bgp_update_receive_eor: rcvd End-of-RIB for IPv6 Unicast from 5:5:5::5 in vrf default
2025/11/24 06:48:18 BGP: [VQK5M-9G0V1][EC 100663315] CPU starvation: {(event *)0x7ffdc45b2b18 arg=0x78454cd3e650 ready               (bgp_holdtime_timer)() &(connection->t_holdtime) from bgpd/bgp_fsm.c:448} getting executed 218418ms late, warning threshold 4000ms. System load: 1.99, 1.94, 1.76
2025/11/24 06:48:19 LDP: [VQK5M-9G0V1][EC 100663315] CPU starvation: {(event *)0x7ffe1803f908 arg=0x0 ready               lde_gc_timer() &gc_timer from ldpd/lde_lib.c:1053} getting executed 190886ms late, warning threshold 4000ms. System load: 1.99, 1.94, 1.76
2025/11/24 06:48:19 ZEBRA: [VQK5M-9G0V1][EC 100663315] CPU starvation: {(event *)0x7ffcdebcf678 arg=0x7be711210910 ready               wheel_timer_thread() &wheel->timer from lib/wheel.c:50} getting executed 240447ms late, warning threshold 4000ms. System load: 1.99, 1.94, 1.76
2025/11/24 06:48:19 ISIS: [VQK5M-9G0V1][EC 100663315] CPU starvation: {(event *)0x7ffe35f349e8 arg=0x734ace665c28 ready               send_hello_cb() threadp from isisd/isis_pdu.c:2122} getting executed 239881ms late, warning threshold 4000ms. System load: 1.99, 1.94, 1.76
2025/11/24 06:48:19 ISIS: [Q7SVW-YVKRH] %ADJCHANGE: Adjacency to pe3 (eth2) for level-2 changed from Up to Down, holding time expired
2025/11/24 06:48:19 ISIS: [Q7SVW-YVKRH] %ADJCHA2025/11/24 06:58:56 OSPF: [VTVCM-Y2NW3] Configuration Read in Took: 00:00:00
2025/11/24 06:58:56 OSPF: [G6NKK-8C6DV] end_config: VTY:0x76e2fbaa4060, pending SET-CFG: 0
2025/11/24 06:58:56 OSPF6: [VTVCM-Y2NW3] Configuration Read in Took: 00:00:00
2025/11/24 06:58:56 OSPF6: [G6NKK-8C6DV] end_config: VTY:0x78b150f0b050, pending SET-CFG: 0
2025/11/24 06:58:56 LDP: [VTVCM-Y2NW3] Configuration Read in Took: 00:00:00
2025/11/24 06:58:56 LDP: [G6NKK-8C6DV] end_config: VTY:0x7b21c60e6610, pending SET-CFG: 0
2025/11/24 06:58:56 PATH: [VTVCM-Y2NW3] Configuration Read in Took: 00:00:00
2025/11/24 06:58:56 PATH: [G6NKK-8C6DV] end_config: VTY:0x79b76f211180, pending SET-CFG: 0
2025/11/24 06:58:56 BGP: [M95PE-ZW8F6] VRF default(0): bgp_zebra_process_srv6_locator_internal, Received SRv6 locator loc01 6:6:6::/48, loc-block-len=24, loc-node-len=24 func-len=16, arg-len=0
2025/11/24 06:58:56 BGP: [VTVCM-Y2NW3] Configuration Read in Took: 00:00:00
2025/11/24 06:58:56 BGP: [G6NKK-8C6DV] end_config: VTY:0x7a9b798b50b0, pending SET-CFG: 0
2025/11/24 06:58:56 ISIS: [VTVCM-Y2NW3] Configuration Read in Took: 00:00:00
2025/11/24 06:58:56 ISIS: [G6NKK-8C6DV] end_config: VTY:0x75baeaf9b1b0, pending SET-CFG: 0
2025/11/24 06:58:56 ISIS: [S89PV-K124N] isis_zebra_process_srv6_locator_internal: Received SRv6 locator loc01 6:6:6::/48, loc-block-len=24, loc-node-len=24 func-len=16, arg-len=0
2025/11/24 06:58:57 ZEBRA: [YDG3W-JND95] FD Limit set: 1048576 is stupidly large.  Is this what you intended?  Consider using --limit-fds also limiting size to 100000
2025/11/24 06:58:57 ZEBRA: [V98V0-MTWPF] client 89 says hello and bids fair to announce only bgp routes vrf=0
2025/11/24 06:58:59 PATH: [NN4XW-E4M3V] IPv6 Router Id updated for VRF 0: 3fff:172:20:20:42:acff:fe14:1405
2025/11/24 07:00:44 LDP: [VTVCM-Y2NW3] Configuration Read in Took: 00:00:00
2025/11/24 07:00:44 LDP: [G6NKK-8C6DV] end_config: VTY:0x7f0d6eb4c610, pending SET-CFG: 0
2025/11/24 07:00:44 OSPF: [VTVCM-Y2NW3] Configuration Read in Took: 00:00:00
2025/11/24 07:00:44 OSPF: [G6NKK-8C6DV] end_config: VTY:0x75b3a9389070, pending SET-CFG: 0
2025/11/24 07:00:44 OSPF6: [VTVCM-Y2NW3] Configuration Read in Took: 00:00:00
2025/11/24 07:00:44 OSPF6: [G6NKK-8C6DV] end_config: VTY:0x75ea3107f050, pending SET-CFG: 0
2025/11/24 07:00:44 PATH: [NN4XW-E4M3V] IPv4 Router Id updated for VRF 0: 6.6.6.6
2025/11/24 07:00:44 PATH: [NN4XW-E4M3V] IPv6 Router Id updated for VRF 0: 6:6:6::6
2025/11/24 07:00:44 PATH: [VTVCM-Y2NW3] Configuration Read in Took: 00:00:00
2025/11/24 07:00:44 PATH: [G6NKK-8C6DV] end_config: VTY:0x7666f3efe190, pending SET-CFG: 0
2025/11/24 07:00:44 ZEBRA: [YDG3W-JND95] FD Limit set: 1048576 is stupidly large.  Is this what you intended?  Consider using --limit-fds also limiting size to 100000
2025/11/24 07:00:44 BGP: [VTVCM-Y2NW3] Configuration Read in Took: 00:00:00
2025/11/24 07:00:44 BGP: [G6NKK-8C6DV] end_config: VTY:0x7ddf177780b0, pending SET-CFG: 0
2025/11/24 07:00:44 STATIC: [VTVCM-Y2NW3] Configuration Read in Took: 00:00:00
2025/11/24 07:00:44 STATIC: [G6NKK-8C6DV] end_config: VTY:0x716cac1e60c0, pending SET-CFG: 0
2025/11/24 07:00:44 BGP: [M95PE-ZW8F6] VRF default(0): bgp_zebra_process_srv6_locator_internal, Received SRv6 locator loc01 6:6:6::/48, loc-block-len=24, loc-node-len=24 func-len=16, arg-len=0
2025/11/24 07:00:44 ZEBRA: [V98V0-MTWPF] client 84 says hello and bids fair to announce only isis routes vrf=0
2025/11/24 07:00:44 ZEBRA: [TAFZ7-2C7QV] client protocol instance 1
2025/11/24 07:00:44 ZEBRA: [HSYZM-HV7HF] Extended Error: Strict mode for VRF is disabled
2025/11/24 07:00:44 ZEBRA: [WVJCK-PPMGD][EC 4043309093] netlink-dp (NS 0) error: Operation not permitted, type=RTM_NEWNEXTHOP(104), seq=51, pid=2639009668
2025/11/24 07:00:44 ZEBRA: [HSYZM-HV7HF] Extended Error: Nexthop id does not exist
2025/11/24 07:00:44 ZEBRA: [WVJCK-PPMGD][EC 4043309093] netlink-dp (NS 0) error: Invalid argument, type=RTM_NEWROUTE(24), seq=52, pid=2639009668
2025/11/24 07:00:44 ZEBRA: [X5XE1-RS0SW][EC 4043309074] Failed to install Nexthop (18[if 3 vrfid 0]) into the kernel
2025/11/24 07:00:44 ZEBRA: [VYKYC-709DP] default(0:254):6:6:6:1::/128: Route install failed
2025/11/24 07:00:44 ISIS: [VTVCM-Y2NW3] Configuration Read in Took: 00:00:00
2025/11/24 07:00:44 ISIS: [G6NKK-8C6DV] end_config: VTY:0x7394d3ff21b0, pending SET-CFG: 0
2025/11/24 07:00:44 ISIS: [S89PV-K124N] isis_zebra_process_srv6_locator_internal: Received SRv6 locator loc01 6:6:6::/48, loc-block-len=24, loc-node-len=24 func-len=16, arg-len=0
2025/11/24 07:00:44 OSPF6: [GZ318-0J443] Zebra: got delete of lo20, but interface is still up
2025/11/24 07:00:45 ZEBRA: [YDG3W-JND95] FD Limit set: 1048576 is stupidly large.  Is this what you intended?  Consider using --limit-fds also limiting size to 100000
2025/11/24 07:00:45 ZEBRA: [V98V0-MTWPF] client 81 says hello and bids fair to announce only bgp routes vrf=0
2025/11/24 07:00:45 PATH: [NN4XW-E4M3V] IPv6 Router Id updated for VRF 0: 2001::2
2025/11/24 07:00:46 PATH: [NN4XW-E4M3V] IPv6 Router Id updated for VRF 0: 4000::2
2025/11/24 07:23:05 BGP: [M59KS-A3ZXZ] bgp_update_receive_eor: rcvd End-of-RIB for IPv4 VPN from 4:4:4::4 in vrf default
2025/11/24 07:23:05 BGP: [M59KS-A3ZXZ] bgp_update_receive_eor: rcvd End-of-RIB for IPv4 VPN from 3:3:3::3 in vrf default
2025/11/24 07:23:30 BGP: [M59KS-A3ZXZ] bgp_update_receive_eor: rcvd End-of-RIB for IPv6 Unicast from 2001::1 in vrf default
2025/11/24 07:27:26 ISIS: [Q7SVW-YVKRH] %ADJCHANGE: Adjacency to 0000.0000.0001 (eth2) for level-2 changed from Unknown to Initializing, unspecified
2025/11/24 07:27:26 ISIS: [Q7SVW-YVKRH] %ADJCHANGE: Adjacency to 0000.0000.0001 (eth2) for level-2 changed from Initializing to Up, unspecified
2025/11/24 07:27:26 ZEBRA: [HSYZM-HV7HF] Extended Error: Label >= configured maximum in platform_labels
2025/11/24 07:27:26 ZEBRA: [WVJCK-PPMGD][EC 4043309093] netlink-dp (NS 0) error: Invalid argument, type=RTM_NEWROUTE(24), seq=149, pid=2639009668
2025/11/24 07:27:26 ZEBRA: [RYJ61-Q2T1D][EC 4043309108] LSP Install Failure: in-label 15000
2025/11/24 07:27:48 BGP: [M59KS-A3ZXZ] bgp_update_receive_eor: rcvd End-of-RIB for IPv4 VPN from 5:5:5::5 in vrf default
2025/11/24 07:27:48 BGP: [M59KS-A3ZXZ] bgp_update_receive_eor: rcvd End-of-RIB for IPv6 Unicast from 5:5:5::5 in vrf default
2025/11/24 07:32:00 BGP: [M59KS-A3ZXZ] bgp_update_receive_eor: rcvd End-of-RIB for IPv4 VPN from 4:4:4::4 in vrf default
2025/11/24 07:32:04 BGP: [M59KS-A3ZXZ] bgp_update_receive_eor: rcvd End-of-RIB for IPv4 VPN from 3:3:3::3 in vrf default
2025/11/24 08:01:12 ISIS: [M7QDW-48DP2] isis_recv_pdu_bcast: ifname eth2, fd 21, bytesread -1, recvfrom(): Network is down
2025/11/24 08:01:12 ISIS: [P42KE-G0CDM] packet is received on multiple interfaces: socket interface 0, circuit interface 41, packet type 0
2025/11/24 08:01:12 ISIS: [PT8ND-1Y17N] isis_recv_pdu_bcast: recvfrom() failed
2025/11/24 08:01:12 ZEBRA: [HSYZM-HV7HF] Extended Error: Nexthop id does not exist
2025/11/24 08:01:12 ZEBRA: [WVJCK-PPMGD][EC 4043309093] netlink-dp (NS 0) error: Invalid argument, type=RTM_NEWROUTE(24), seq=258, pid=2639009668
2025/11/24 08:01:12 ZEBRA: [VYKYC-709DP] default(0:254):2000::/64: Route install failed
2025/11/24 08:01:12 ZEBRA: [SWQK6-6JY63][EC 4043309074] 0:254:3:3:3::/128: Failed to enqueue dataplane install
2025/11/24 08:01:12 ZEBRA: [SWQK6-6JY63][EC 4043309074] 0:254:3:3:3:2::/128: Failed to enqueue dataplane install
2025/11/24 08:01:12 ZEBRA: [SWQK6-6JY63][EC 4043309074] 0:254:4:4:4::/48: Failed to enqueue dataplane install
2025/11/24 08:01:12 ZEBRA: [SWQK6-6JY63][EC 4043309074] 0:254:4:4:4::/128: Failed to enqueue dataplane install
2025/11/24 08:01:12 ZEBRA: [SWQK6-6JY63][EC 4043309074] 0:254:4:4:4:2::/128: Failed to enqueue dataplane install
2025/11/24 08:01:12 ZEBRA: [SWQK6-6JY63][EC 4043309074] 0:254:3:3:3::/48: Failed to enqueue dataplane install
2025/11/24 08:01:12 ZEBRA: [SWQK6-6JY63][EC 4043309074] 0:254:3000::/64: Failed to enqueue dataplane install
2025/11/24 08:01:12 ZEBRA: [SWQK6-6JY63][EC 4043309074] 0:254:3:3:3::3/128: Failed to enqueue dataplane install
2025/11/24 08:01:12 ZEBRA: [SWQK6-6JY63][EC 4043309074] 0:254:4:4:4::4/128: Failed to enqueue dataplane install
2025/11/24 08:01:12 ZEBRA: [SWQK6-6JY63][EC 4043309074] 0:254:11:11:11:11::/128: Failed to enqueue dataplane install
2025/11/24 08:01:12 ISIS: [Q7SVW-YVKRH] %ADJCHANGE: Adjacency to pe3 (eth2) for level-2 changed from Up to Down, circuit is being brought down
2025/11/24 08:01:12 ISIS: [TBBSQ-HBJMF] IS-IS pfpacket: could not transmit packet on eth2: No such device or address
2025/11/24 08:01:12 ISIS: [G7ZA5-AT06A][EC 67108865] ISIS-Adj (srv6): Send L2 IIH on eth2 failed
2025/11/24 08:01:12 PATH: [NN4XW-E4M3V] IPv6 Router Id updated for VRF 0: 6:6:6::6
2025/11/24 08:01:12 ZEBRA: [SWQK6-6JY63][EC 4043309074] 0:254:2000::/64: Failed to enqueue dataplane install
2025/11/24 08:01:12 ZEBRA: [SWQK6-6JY63][EC 4043309074] 0:254:6:6:6::/48: Failed to enqueue dataplane install
2025/11/24 08:01:12 ZEBRA: [SWQK6-6JY63][EC 4043309074] 0:254:5:5:5:2::/128: Failed to enqueue dataplane install
2025/11/24 08:01:12 ZEBRA: [SWQK6-6JY63][EC 4043309074] 0:254:5:5:5::/128: Failed to enqueue dataplane install
2025/11/24 08:01:12 ZEBRA: [SWQK6-6JY63][EC 4043309074] 0:254:5:5:5::5/128: Failed to enqueue dataplane install
2025/11/24 08:01:12 ZEBRA: [SWQK6-6JY63][EC 4043309074] 0:254:5:5:5::/48: Failed to enqueue dataplane install
2025/11/24 08:01:12 ZEBRA: [SWQK6-6JY63][EC 4043309074] 0:254:6:6:6:2::/128: Failed to enqueue dataplane install
2025/11/24 08:01:51 ZEBRA: [VTVCM-Y2NW3] Configuration Read in Took: 00:00:00
2025/11/24 08:01:51 ZEBRA: [G6NKK-8C6DV] end_config: VTY:0x7b21978c66f0, pending SET-CFG: 0
2025/11/24 08:01:51 OSPF: [VTVCM-Y2NW3] Configuration Read in Took: 00:00:00
2025/11/24 08:01:51 OSPF: [G6NKK-8C6DV] end_config: VTY:0x76f317c85070, pending SET-CFG: 0
2025/11/24 08:01:51 OSPF6: [VTVCM-Y2NW3] Configuration Read in Took: 00:00:00
2025/11/24 08:01:51 OSPF6: [G6NKK-8C6DV] end_config: VTY:0x7521a3fe0050, pending SET-CFG: 0
2025/11/24 08:01:51 BGP: [VTVCM-Y2NW3] Configuration Read in Took: 00:00:00
2025/11/24 08:01:51 BGP: [G6NKK-8C6DV] end_config: VTY:0x725e439e40b0, pending SET-CFG: 0
2025/11/24 08:01:51 ISIS: [VTVCM-Y2NW3] Configuration Read in Took: 00:00:00
2025/11/24 08:01:51 ISIS: [G6NKK-8C6DV] end_config: VTY:0x76ccadf8a1b0, pending SET-CFG: 0
2025/11/24 08:01:51 STATIC: [VTVCM-Y2NW3] Configuration Read in Took: 00:00:00
2025/11/24 08:01:51 STATIC: [G6NKK-8C6DV] end_config: VTY:0x7d4135b370c0, pending SET-CFG: 0
2025/11/24 08:01:51 LDP: [VTVCM-Y2NW3] Configuration Read in Took: 00:00:00
2025/11/24 08:01:51 LDP: [G6NKK-8C6DV] end_config: VTY:0x72873a1f6610, pending SET-CFG: 0
2025/11/24 08:01:51 PATH: [VTVCM-Y2NW3] Configuration Read in Took: 00:00:00
2025/11/24 08:01:51 PATH: [G6NKK-8C6DV] end_config: VTY:0x7d26a999b190, pending SET-CFG: 0
2025/11/24 08:01:51 ZEBRA: [YDG3W-JND95] FD Limit set: 1048576 is stupidly large.  Is this what you intended?  Consider using --limit-fds also limiting size to 100000
2025/11/24 08:01:51 ZEBRA: [V98V0-MTWPF] client 84 says hello and bids fair to announce only bgp routes vrf=0
2025/11/24 08:01:51 OSPF6: [GZ318-0J443] Zebra: got delete of lo20, but interface is still up
2025/11/24 08:08:41 STATIC: [S4MGP-4WQTA] route_notify_owner: Route 200.0.0.0/32 failed to install for table: 20
2025/11/24 08:08:41 PATH: [NN4XW-E4M3V] IPv4 Router Id updated for VRF 0: 6.6.6.6
2025/11/24 08:08:41 PATH: [NN4XW-E4M3V] IPv6 Router Id updated for VRF 0: 6:6:6::6
2025/11/24 08:08:41 ZEBRA: [YDG3W-JND95] FD Limit set: 1048576 is stupidly large.  Is this what you intended?  Consider using --limit-fds also limiting size to 100000
2025/11/24 08:08:41 ZEBRA: [V98V0-MTWPF] client 91 says hello and bids fair to announce only isis routes vrf=0
2025/11/24 08:08:41 ZEBRA: [TAFZ7-2C7QV] client protocol instance 1
2025/11/24 08:08:41 BGP: [M95PE-ZW8F6] VRF default(0): bgp_zebra_process_srv6_locator_internal, Received SRv6 locator loc01 6:6:6::/48, loc-block-len=24, loc-node-len=24 func-len=16, arg-len=0
2025/11/24 08:08:41 ISIS: [S89PV-K124N] isis_zebra_process_srv6_locator_internal: Received SRv6 locator loc01 6:6:6::/48, loc-block-len=24, loc-node-len=24 func-len=16, arg-len=0
2025/11/24 08:08:41 ISIS: [Q7SVW-YVKRH] %ADJCHANGE: Adjacency to 0000.0000.0001 (eth2) for level-2 changed from Unknown to Initializing, unspecified
2025/11/24 08:08:41 ISIS: [Q7SVW-YVKRH] %ADJCHANGE: Adjacency to 0000.0000.0001 (eth2) for level-2 changed from Initializing to Up, unspecified
2025/11/24 08:08:41 ZEBRA: [HSYZM-HV7HF] Extended Error: Label >= configured maximum in platform_labels
2025/11/24 08:08:41 ZEBRA: [WVJCK-PPMGD][EC 4043309093] netlink-dp (NS 0) error: Invalid argument, type=RTM_NEWROUTE(24), seq=81, pid=2474247353
2025/11/24 08:08:41 ZEBRA: [RYJ61-Q2T1D][EC 4043309108] LSP Install Failure: in-label 15000
2025/11/24 08:08:42 PATH: [NN4XW-E4M3V] IPv6 Router Id updated for VRF 0: 2001::2
2025/11/24 08:08:43 PATH: [NN4XW-E4M3V] IPv6 Router Id updated for VRF 0: 4000::2
2025/11/24 08:08:43 BGP: [M59KS-A3ZXZ] bgp_update_receive_eor: rcvd End-of-RIB for IPv6 Unicast from 2001::1 in vrf default
2025/11/24 08:08:45 BGP: [M59KS-A3ZXZ] bgp_update_receive_eor: rcvd End-of-RIB for IPv4 VPN from 4:4:4::4 in vrf default
2025/11/24 08:08:45 BGP: [M59KS-A3ZXZ] bgp_update_receive_eor: rcvd End-of-RIB for IPv4 VPN from 3:3:3::3 in vrf default
2025/11/24 08:09:12 BGP: [M59KS-A3ZXZ] bgp_update_receive_eor: rcvd End-of-RIB for IPv4 VPN from 5:5:5::5 in vrf default
2025/11/24 08:09:12 BGP: [M59KS-A3ZXZ] bgp_update_receive_eor: rcvd End-of-RIB for IPv6 Unicast from 5:5:5::5 in vrf default
2025/11/24 09:09:51 ZEBRA: [HSYZM-HV7HF] Extended Error: Label >= configured maximum in platform_labels
2025/11/24 09:09:51 ZEBRA: [WVJCK-PPMGD][EC 4043309093] netlink-dp (NS 0) error: Invalid argument, type=RTM_NEWROUTE(24), seq=353, pid=2474247353
2025/11/24 09:09:51 ZEBRA: [RYJ61-Q2T1D][EC 4043309108] LSP Install Failure: in-label 15000
2025/11/27 01:48:52 ISIS: [VTVCM-Y2NW3] Configuration Read in Took: 00:00:00
2025/11/27 01:48:52 ISIS: [G6NKK-8C6DV] end_config: VTY:0x758248b991b0, pending SET-CFG: 0
2025/11/27 01:48:52 OSPF6: [VTVCM-Y2NW3] Configuration Read in Took: 00:00:00
2025/11/27 01:48:52 OSPF6: [G6NKK-8C6DV] end_config: VTY:0x7f3480ae2050, pending SET-CFG: 0
2025/11/27 01:48:52 BGP: [VTVCM-Y2NW3] Configuration Read in Took: 00:00:00
2025/11/27 01:48:52 BGP: [G6NKK-8C6DV] end_config: VTY:0x7ae925c550b0, pending SET-CFG: 0
2025/11/27 01:48:52 OSPF: [VTVCM-Y2NW3] Configuration Read in Took: 00:00:00
2025/11/27 01:48:52 OSPF: [G6NKK-8C6DV] end_config: VTY:0x74c72b20f060, pending SET-CFG: 0
2025/11/27 01:48:52 LDP: [VTVCM-Y2NW3] Configuration Read in Took: 00:00:00
2025/11/27 01:48:52 LDP: [G6NKK-8C6DV] end_config: VTY:0x7d8a6891c610, pending SET-CFG: 0
2025/11/27 01:48:52 STATIC: [VTVCM-Y2NW3] Configuration Read in Took: 00:00:00
2025/11/27 01:48:52 STATIC: [G6NKK-8C6DV] end_config: VTY:0x70e281c570c0, pending SET-CFG: 0
2025/11/27 01:48:52 PATH: [VTVCM-Y2NW3] Configuration Read in Took: 00:00:00
2025/11/27 01:48:52 PATH: [G6NKK-8C6DV] end_config: VTY:0x763382c3a180, pending SET-CFG: 0
2025/11/27 01:48:52 ZEBRA: [YDG3W-JND95] FD Limit set: 1048576 is stupidly large.  Is this what you intended?  Consider using --limit-fds also limiting size to 100000
2025/11/27 01:48:52 ZEBRA: [V98V0-MTWPF] client 84 says hello and bids fair to announce only bgp routes vrf=0
2025/11/27 01:49:48 ZEBRA: [VQK5M-9G0V1][EC 100663315] CPU starvation: {(event *)0x7ffebf361448 arg=0x799ba5383910 ready               wheel_timer_thread() &wheel->timer from lib/wheel.c:50} getting executed 4060ms late, warning threshold 4000ms. System load: 1.80, 0.76, 0.28
2025/11/29 09:38:33 LDP: [VTVCM-Y2NW3] Configuration Read in Took: 00:00:00
2025/11/29 09:38:33 LDP: [G6NKK-8C6DV] end_config: VTY:0x759ab9e98610, pending SET-CFG: 0
2025/11/29 09:38:33 OSPF: [VTVCM-Y2NW3] Configuration Read in Took: 00:00:00
2025/11/29 09:38:33 OSPF: [G6NKK-8C6DV] end_config: VTY:0x79f8036ae060, pending SET-CFG: 0
2025/11/29 09:38:33 ISIS: [VTVCM-Y2NW3] Configuration Read in Took: 00:00:00
2025/11/29 09:38:33 ISIS: [G6NKK-8C6DV] end_config: VTY:0x7703fab2d1b0, pending SET-CFG: 0
2025/11/29 09:38:33 BGP: [VTVCM-Y2NW3] Configuration Read in Took: 00:00:00
2025/11/29 09:38:33 BGP: [G6NKK-8C6DV] end_config: VTY:0x7f0dbeafe0b0, pending SET-CFG: 0
2025/11/29 09:38:33 OSPF6: [VTVCM-Y2NW3] Configuration Read in Took: 00:00:00
2025/11/29 09:38:33 OSPF6: [G6NKK-8C6DV] end_config: VTY:0x754abb2b0050, pending SET-CFG: 0
2025/11/29 09:38:33 STATIC: [VTVCM-Y2NW3] Configuration Read in Took: 00:00:00
2025/11/29 09:38:33 STATIC: [G6NKK-8C6DV] end_config: VTY:0x76e06e04b0c0, pending SET-CFG: 0
2025/11/29 09:38:33 PATH: [VTVCM-Y2NW3] Configuration Read in Took: 00:00:00
2025/11/29 09:38:33 PATH: [G6NKK-8C6DV] end_config: VTY:0x7029ffe8b180, pending SET-CFG: 0
2025/11/29 09:38:33 ZEBRA: [YDG3W-JND95] FD Limit set: 1048576 is stupidly large.  Is this what you intended?  Consider using --limit-fds also limiting size to 100000
2025/11/29 09:38:33 ZEBRA: [V98V0-MTWPF] client 84 says hello and bids fair to announce only bgp routes vrf=0
2025/11/29 09:39:40 ZEBRA: [VQK5M-9G0V1][EC 100663315] CPU starvation: {(event *)0x7ffc3ed3baa8 arg=0x7a1b7f9ac910 ready               wheel_timer_thread() &wheel->timer from lib/wheel.c:50} getting executed 7072ms late, warning threshold 4000ms. System load: 1.85, 0.86, 0.32
2025/11/29 09:39:59 ZEBRA: [VQK5M-9G0V1][EC 100663315] CPU starvation: {(event *)0x7ffc3ed3baa8 arg=0x7a1b7f9ac910 ready               wheel_timer_thread() &wheel->timer from lib/wheel.c:50} getting executed 7733ms late, warning threshold 4000ms. System load: 1.44, 0.82, 0.31
2025/11/29 09:40:20 ZEBRA: [VQK5M-9G0V1][EC 100663315] CPU starvation: {(event *)0x7ffc3ed3baa8 arg=0x7a1b7f9ac910 ready               wheel_timer_thread() &wheel->timer from lib/wheel.c:50} getting executed 17348ms late, warning threshold 4000ms. System load: 1.39, 0.85, 0.34
2025/11/29 09:41:18 ZEBRA: [VQK5M-9G0V1][EC 100663315] CPU starvation: {(event *)0x7ffc3ed3baa8 arg=0x7a1b7f9ac910 ready               wheel_timer_thread() &wheel->timer from lib/wheel.c:50} getting executed 5112ms late, warning threshold 4000ms. System load: 0.98, 0.85, 0.37
2025/11/29 09:42:48 OSPF: [VTVCM-Y2NW3] Configuration Read in Took: 00:00:00
2025/11/29 09:42:48 OSPF: [G6NKK-8C6DV] end_config: VTY:0x710360358070, pending SET-CFG: 0
2025/11/29 09:42:48 OSPF6: [VTVCM-Y2NW3] Configuration Read in Took: 00:00:00
2025/11/29 09:42:48 OSPF6: [G6NKK-8C6DV] end_config: VTY:0x77450cb91050, pending SET-CFG: 0
2025/11/29 09:42:48 LDP: [VTVCM-Y2NW3] Configuration Read in Took: 00:00:00
2025/11/29 09:42:48 LDP: [G6NKK-8C6DV] end_config: VTY:0x7984663da610, pending SET-CFG: 0
2025/11/29 09:42:48 BGP: [VTVCM-Y2NW3] Configuration Read in Took: 00:00:00
2025/11/29 09:42:48 BGP: [G6NKK-8C6DV] end_config: VTY:0x78a395b3c0b0, pending SET-CFG: 0
2025/11/29 09:42:48 ISIS: [VTVCM-Y2NW3] Configuration Read in Took: 00:00:00
2025/11/29 09:42:48 ISIS: [G6NKK-8C6DV] end_config: VTY:0x7bb29d0c01b0, pending SET-CFG: 0
2025/11/29 09:42:48 STATIC: [VTVCM-Y2NW3] Configuration Read in Took: 00:00:00
2025/11/29 09:42:48 STATIC: [G6NKK-8C6DV] end_config: VTY:0x76984115f0c0, pending SET-CFG: 0
2025/11/29 09:42:48 PATH: [VTVCM-Y2NW3] Configuration Read in Took: 00:00:00
2025/11/29 09:42:48 PATH: [G6NKK-8C6DV] end_config: VTY:0x76d785f28190, pending SET-CFG: 0
2025/11/29 09:42:48 OSPF6: [GZ318-0J443] Zebra: got delete of eth3, but interface is still up
2025/11/29 09:42:49 ZEBRA: [YDG3W-JND95] FD Limit set: 1048576 is stupidly large.  Is this what you intended?  Consider using --limit-fds also limiting size to 100000
2025/11/29 09:42:49 ZEBRA: [V98V0-MTWPF] client 81 says hello and bids fair to announce only bgp routes vrf=0
2025/11/29 09:42:49 OSPF6: [GZ318-0J443] Zebra: got delete of lo20, but interface is still up
2025/11/29 09:45:34 OSPF: [VTVCM-Y2NW3] Configuration Read in Took: 00:00:00
2025/11/29 09:45:34 OSPF: [G6NKK-8C6DV] end_config: VTY:0x7af6232dc070, pending SET-CFG: 0
2025/11/29 09:45:34 OSPF6: [VTVCM-Y2NW3] Configuration Read in Took: 00:00:00
2025/11/29 09:45:34 OSPF6: [G6NKK-8C6DV] end_config: VTY:0x7ae2fe21c050, pending SET-CFG: 0
2025/11/29 09:45:34 LDP: [VTVCM-Y2NW3] Configuration Read in Took: 00:00:00
2025/11/29 09:45:34 LDP: [G6NKK-8C6DV] end_config: VTY:0x7a6452a5e610, pending SET-CFG: 0
2025/11/29 09:45:34 ISIS: [VTVCM-Y2NW3] Configuration Read in Took: 00:00:00
2025/11/29 09:45:34 ISIS: [G6NKK-8C6DV] end_config: VTY:0x71f560f601b0, pending SET-CFG: 0
2025/11/29 09:45:34 BGP: [VTVCM-Y2NW3] Configuration Read in Took: 00:00:00
2025/11/29 09:45:34 BGP: [G6NKK-8C6DV] end_config: VTY:0x7b4706a0b0b0, pending SET-CFG: 0
2025/11/29 09:45:34 STATIC: [VTVCM-Y2NW3] Configuration Read in Took: 00:00:00
2025/11/29 09:45:34 STATIC: [G6NKK-8C6DV] end_config: VTY:0x71d7d9aac0c0, pending SET-CFG: 0
2025/11/29 09:45:34 PATH: [VTVCM-Y2NW3] Configuration Read in Took: 00:00:00
2025/11/29 09:45:34 PATH: [G6NKK-8C6DV] end_config: VTY:0x769af1b5e190, pending SET-CFG: 0
2025/11/29 09:45:34 ZEBRA: [YDG3W-JND95] FD Limit set: 1048576 is stupidly large.  Is this what you intended?  Consider using --limit-fds also limiting size to 100000
2025/11/29 09:45:34 ZEBRA: [V98V0-MTWPF] client 84 says hello and bids fair to announce only bgp routes vrf=0
2025/11/29 09:45:35 OSPF6: [GZ318-0J443] Zebra: got delete of lo20, but interface is still up
2025/11/29 09:56:32 STATIC: [S4MGP-4WQTA] route_notify_owner: Route 200.0.0.0/32 failed to install for table: 20
2025/11/29 09:56:32 PATH: [NN4XW-E4M3V] IPv4 Router Id updated for VRF 0: 6.6.6.6
2025/11/29 09:56:32 PATH: [NN4XW-E4M3V] IPv6 Router Id updated for VRF 0: 6:6:6::6
2025/11/29 09:56:33 ZEBRA: [YDG3W-JND95] FD Limit set: 1048576 is stupidly large.  Is this what you intended?  Consider using --limit-fds also limiting size to 100000
2025/11/29 09:56:33 ZEBRA: [V98V0-MTWPF] client 91 says hello and bids fair to announce only isis routes vrf=0
2025/11/29 09:56:33 ZEBRA: [TAFZ7-2C7QV] client protocol instance 1
2025/11/29 09:56:33 BGP: [M95PE-ZW8F6] VRF default(0): bgp_zebra_process_srv6_locator_internal, Received SRv6 locator loc01 6:6:6::/48, loc-block-len=24, loc-node-len=24 func-len=16, arg-len=0
2025/11/29 09:56:33 ISIS: [S89PV-K124N] isis_zebra_process_srv6_locator_internal: Received SRv6 locator loc01 6:6:6::/48, loc-block-len=24, loc-node-len=24 func-len=16, arg-len=0
2025/11/29 09:56:33 ISIS: [Q7SVW-YVKRH] %ADJCHANGE: Adjacency to 0000.0000.0001 (eth2) for level-2 changed from Unknown to Initializing, unspecified
2025/11/29 09:56:33 ISIS: [Q7SVW-YVKRH] %ADJCHANGE: Adjacency to 0000.0000.0001 (eth2) for level-2 changed from Initializing to Up, unspecified
2025/11/29 09:56:33 ZEBRA: [HSYZM-HV7HF] Extended Error: Label >= configured maximum in platform_labels
2025/11/29 09:56:33 ZEBRA: [WVJCK-PPMGD][EC 4043309093] netlink-dp (NS 0) error: Invalid argument, type=RTM_NEWROUTE(24), seq=90, pid=3050401748
2025/11/29 09:56:33 ZEBRA: [RYJ61-Q2T1D][EC 4043309108] LSP Install Failure: in-label 15000
2025/11/29 09:56:34 PATH: [NN4XW-E4M3V] IPv6 Router Id updated for VRF 0: 4000::2
2025/11/29 09:56:35 BGP: [M59KS-A3ZXZ] bgp_update_receive_eor: rcvd End-of-RIB for IPv6 Unicast from 2001::1 in vrf default
2025/11/29 09:56:37 BGP: [M59KS-A3ZXZ] bgp_update_receive_eor: rcvd End-of-RIB for IPv4 VPN from 4:4:4::4 in vrf default
2025/11/29 09:56:37 BGP: [M59KS-A3ZXZ] bgp_update_receive_eor: rcvd End-of-RIB for IPv4 VPN from 3:3:3::3 in vrf default
2025/11/29 09:57:04 BGP: [M59KS-A3ZXZ] bgp_update_receive_eor: rcvd End-of-RIB for IPv4 VPN from 5:5:5::5 in vrf default
2025/11/29 09:57:04 BGP: [M59KS-A3ZXZ] bgp_update_receive_eor: rcvd End-of-RIB for IPv6 Unicast from 5:5:5::5 in vrf default
